2026-02-10 21:51:07.651 CET | INFO     | Line   27 (run_experiment_nl.py): ##################### Loading config parameters
2026-02-10 21:51:07.652 CET | INFO     | Line   20 (logging_utils.py): Config parameters:
2026-02-10 21:51:07.652 CET | INFO     | Line   21 (logging_utils.py): 
2026-02-10 21:51:07.652 CET | INFO     | Line   27 (logging_utils.py): hidden_dim: 64
2026-02-10 21:51:07.652 CET | INFO     | Line   27 (logging_utils.py): num_layers: 3
2026-02-10 21:51:07.652 CET | INFO     | Line   27 (logging_utils.py): device: cpu
2026-02-10 21:51:07.653 CET | INFO     | Line   27 (logging_utils.py): lr: 0.001
2026-02-10 21:51:07.653 CET | INFO     | Line   27 (logging_utils.py): epochs: 50
2026-02-10 21:51:07.653 CET | INFO     | Line   27 (logging_utils.py): batch_size: 32
2026-02-10 21:51:07.653 CET | INFO     | Line   27 (logging_utils.py): dataset: Cora
2026-02-10 21:51:07.653 CET | INFO     | Line   27 (logging_utils.py): is_logical: True
2026-02-10 21:51:07.653 CET | INFO     | Line   27 (logging_utils.py): constrains_filepath: constrains/data/Cora_auto_generated_2_101_102_103.json
2026-02-10 21:51:07.653 CET | INFO     | Line   25 (logging_utils.py): constrains_handler: NLRuleBasedHandler
2026-02-10 21:51:07.654 CET | INFO     | Line   27 (logging_utils.py): l_factor: 0.1
2026-02-10 21:51:07.654 CET | INFO     | Line   27 (logging_utils.py): save_logs: True
2026-02-10 21:51:07.654 CET | INFO     | Line   29 (logging_utils.py): 
2026-02-10 21:51:07.654 CET | INFO     | Line   30 (logging_utils.py): Training on model: NodeOCGINLossConstrains
2026-02-10 21:51:07.654 CET | INFO     | Line   31 (logging_utils.py): 
2026-02-10 21:51:07.654 CET | INFO     | Line   40 (run_experiment_nl.py): ##################### Loading data
2026-02-10 21:51:07.717 CET | INFO     | Line   44 (run_experiment_nl.py): ##################### creating model
2026-02-10 21:51:07.795 CET | INFO     | Line   50 (run_experiment_nl.py): ##################### staring training
2026-02-10 21:51:07.795 CET | INFO     | Line   53 (run_experiment_nl.py): setting up the logical constrains
2026-02-10 21:51:08.199 CET | DEBUG    | Line   95 (nl_ocgin.py): Epoch 000 | Loss 0.288842
2026-02-10 21:51:09.437 CET | DEBUG    | Line   95 (nl_ocgin.py): Epoch 010 | Loss 0.008866
2026-02-10 21:51:10.455 CET | DEBUG    | Line   95 (nl_ocgin.py): Epoch 020 | Loss 0.007939
2026-02-10 21:51:11.958 CET | DEBUG    | Line   95 (nl_ocgin.py): Epoch 030 | Loss 0.007846
2026-02-10 21:51:13.714 CET | DEBUG    | Line   95 (nl_ocgin.py): Epoch 040 | Loss 0.007780
2026-02-10 21:51:14.829 CET | INFO     | Line   64 (run_experiment_nl.py): ##################### computing scores
2026-02-10 21:51:15.052 CET | INFO     | Line   70 (run_experiment_nl.py): computed decision boundary on anomaly scores as 95% quantile:
2026-02-10 21:51:15.061 CET | INFO     | Line   72 (run_experiment_nl.py): tensor(0.0034)
2026-02-10 21:51:15.066 CET | INFO     | Line   75 (run_experiment_nl.py): Test anomaly scores:
2026-02-10 21:51:15.066 CET | INFO     | Line   76 (run_experiment_nl.py): tensor([0.0025, 0.0026, 0.0030, 0.0036, 0.0023, 0.0022, 0.0026, 0.0025, 0.0024,
        0.0031])
2026-02-10 21:51:15.067 CET | INFO     | Line   78 (run_experiment_nl.py): ##################### test rate: 
2026-02-10 21:51:15.068 CET | INFO     | Line   86 (run_experiment_nl.py): 0.2602965403624382
2026-02-10 21:51:15.068 CET | INFO     | Line   87 (run_experiment_nl.py): right classified: 632 out of 2428
