2026-02-10 22:25:57.637 CET | INFO     | Line   27 (run_experiment_nl.py): ##################### Loading config parameters
2026-02-10 22:25:57.637 CET | INFO     | Line   20 (logging_utils.py): Config parameters:
2026-02-10 22:25:57.637 CET | INFO     | Line   21 (logging_utils.py): 
2026-02-10 22:25:57.637 CET | INFO     | Line   27 (logging_utils.py): hidden_dim: 64
2026-02-10 22:25:57.637 CET | INFO     | Line   27 (logging_utils.py): num_layers: 3
2026-02-10 22:25:57.637 CET | INFO     | Line   27 (logging_utils.py): device: cpu
2026-02-10 22:25:57.638 CET | INFO     | Line   27 (logging_utils.py): lr: 0.001
2026-02-10 22:25:57.638 CET | INFO     | Line   27 (logging_utils.py): epochs: 50
2026-02-10 22:25:57.638 CET | INFO     | Line   27 (logging_utils.py): batch_size: 32
2026-02-10 22:25:57.638 CET | INFO     | Line   27 (logging_utils.py): dataset: Cora
2026-02-10 22:25:57.638 CET | INFO     | Line   27 (logging_utils.py): is_logical: True
2026-02-10 22:25:57.638 CET | INFO     | Line   27 (logging_utils.py): constrains_filepath: constrains/data/Cora_auto_generated_2_101_102_103.json
2026-02-10 22:25:57.638 CET | INFO     | Line   25 (logging_utils.py): constrains_handler: NLRuleBasedHandler
2026-02-10 22:25:57.638 CET | INFO     | Line   27 (logging_utils.py): l_factor: 0.1
2026-02-10 22:25:57.639 CET | INFO     | Line   27 (logging_utils.py): save_logs: True
2026-02-10 22:25:57.639 CET | INFO     | Line   29 (logging_utils.py): 
2026-02-10 22:25:57.639 CET | INFO     | Line   30 (logging_utils.py): Training on model: NodeOCGINLossConstrains
2026-02-10 22:25:57.639 CET | INFO     | Line   31 (logging_utils.py): 
2026-02-10 22:25:57.639 CET | INFO     | Line   40 (run_experiment_nl.py): ##################### Loading data
2026-02-10 22:25:57.659 CET | INFO     | Line   44 (run_experiment_nl.py): ##################### creating model
2026-02-10 22:25:57.722 CET | INFO     | Line   50 (run_experiment_nl.py): ##################### staring training
2026-02-10 22:25:57.722 CET | INFO     | Line   53 (run_experiment_nl.py): setting up the logical constrains
2026-02-10 22:25:58.049 CET | DEBUG    | Line   95 (nl_ocgin.py): Epoch 000 | Loss 0.133256
2026-02-10 22:25:59.124 CET | DEBUG    | Line   95 (nl_ocgin.py): Epoch 010 | Loss 0.008230
2026-02-10 22:26:00.223 CET | DEBUG    | Line   95 (nl_ocgin.py): Epoch 020 | Loss 0.007755
2026-02-10 22:26:01.254 CET | DEBUG    | Line   95 (nl_ocgin.py): Epoch 030 | Loss 0.007617
2026-02-10 22:26:02.258 CET | DEBUG    | Line   95 (nl_ocgin.py): Epoch 040 | Loss 0.007561
2026-02-10 22:26:03.134 CET | INFO     | Line   64 (run_experiment_nl.py): ##################### computing scores
2026-02-10 22:26:03.301 CET | INFO     | Line   68 (run_experiment_nl.py): computed decision boundary on anomaly scores as 95% quantile:
2026-02-10 22:26:03.302 CET | INFO     | Line   70 (run_experiment_nl.py): tensor(0.0019)
2026-02-10 22:26:03.304 CET | INFO     | Line   71 (run_experiment_nl.py): Test anomaly scores:
2026-02-10 22:26:03.304 CET | INFO     | Line   72 (run_experiment_nl.py): tensor([0.0012, 0.0015, 0.0017, 0.0017, 0.0013, 0.0014, 0.0012, 0.0013, 0.0012,
        0.0017])
2026-02-10 22:26:03.305 CET | ERROR    | Line   23 (run_experiment_nl.py): Failure
Traceback (most recent call last):

  File "<frozen runpy>", line 198, in _run_module_as_main
  File "<frozen runpy>", line 88, in _run_code

  File "/home/ana/stuff/1uni/bachlor/experiments/node_level/run_experiment_nl.py", line 118, in <module>
    experiment_logging_wrapper(config=config)
    │                                 └ {'hidden_dim': 64, 'num_layers': 3, 'device': 'cpu', 'lr': 0.001, 'epochs': 50, 'batch_size': 32, 'dataset': 'Cora', 'model_t...
    └ <function experiment_logging_wrapper at 0x7d44c2c44e00>

> File "/home/ana/stuff/1uni/bachlor/experiments/node_level/run_experiment_nl.py", line 21, in experiment_logging_wrapper
    return run_experiment(config)
           │              └ {'hidden_dim': 64, 'num_layers': 3, 'device': 'cpu', 'lr': 0.001, 'epochs': 50, 'batch_size': 32, 'dataset': 'Cora', 'model_t...
           └ <function run_experiment at 0x7d440332c7c0>

  File "/home/ana/stuff/1uni/bachlor/experiments/node_level/run_experiment_nl.py", line 74, in run_experiment
    logger.info()
    │      └ <function Logger.info at 0x7d44c2085260>
    └ <loguru.logger handlers=[(id=0, level=10, sink=<stderr>), (id=1, level=5, sink='/home/ana/stuff/1uni/bachlor/experiments/node...

TypeError: Logger.info() missing 1 required positional argument: '_Logger__message'
