2026-02-15 11:35:10.441 CET | INFO     | Line   27 (run_experiment_nl.py): ##################### Loading config parameters
2026-02-15 11:35:10.442 CET | INFO     | Line   20 (logging_utils.py): Config parameters:
2026-02-15 11:35:10.442 CET | INFO     | Line   21 (logging_utils.py): 
2026-02-15 11:35:10.442 CET | INFO     | Line   27 (logging_utils.py): hidden_dim: 64
2026-02-15 11:35:10.442 CET | INFO     | Line   27 (logging_utils.py): num_layers: 3
2026-02-15 11:35:10.442 CET | INFO     | Line   27 (logging_utils.py): device: cpu
2026-02-15 11:35:10.442 CET | INFO     | Line   27 (logging_utils.py): lr: 0.001
2026-02-15 11:35:10.442 CET | INFO     | Line   27 (logging_utils.py): epochs: 50
2026-02-15 11:35:10.443 CET | INFO     | Line   27 (logging_utils.py): batch_size: 32
2026-02-15 11:35:10.443 CET | INFO     | Line   27 (logging_utils.py): dataset: Cora
2026-02-15 11:35:10.443 CET | INFO     | Line   27 (logging_utils.py): is_logical: True
2026-02-15 11:35:10.443 CET | INFO     | Line   27 (logging_utils.py): constrains_filepath: constrains/data/Cora_auto_generated_2_101_102_103.json
2026-02-15 11:35:10.443 CET | INFO     | Line   25 (logging_utils.py): constrains_handler: NLRuleBasedHandler
2026-02-15 11:35:10.443 CET | INFO     | Line   27 (logging_utils.py): l_factor: 0.1
2026-02-15 11:35:10.443 CET | INFO     | Line   27 (logging_utils.py): save_logs: True
2026-02-15 11:35:10.444 CET | INFO     | Line   29 (logging_utils.py): 
2026-02-15 11:35:10.444 CET | INFO     | Line   30 (logging_utils.py): Training on model: NodeOCGINLossConstrains
2026-02-15 11:35:10.444 CET | INFO     | Line   31 (logging_utils.py): 
2026-02-15 11:35:10.444 CET | INFO     | Line   40 (run_experiment_nl.py): ##################### Loading data
2026-02-15 11:35:10.510 CET | INFO     | Line   44 (run_experiment_nl.py): ##################### creating model
2026-02-15 11:35:10.585 CET | INFO     | Line   50 (run_experiment_nl.py): ##################### staring training
2026-02-15 11:35:10.585 CET | INFO     | Line   53 (run_experiment_nl.py): setting up the logical constrains
2026-02-15 11:35:10.997 CET | DEBUG    | Line   95 (nl_ocgin.py): Epoch 000 | Loss 0.094434
2026-02-15 11:35:12.099 CET | DEBUG    | Line   95 (nl_ocgin.py): Epoch 010 | Loss 0.008037
2026-02-15 11:35:13.113 CET | DEBUG    | Line   95 (nl_ocgin.py): Epoch 020 | Loss 0.007553
2026-02-15 11:35:14.109 CET | DEBUG    | Line   95 (nl_ocgin.py): Epoch 030 | Loss 0.007465
2026-02-15 11:35:15.093 CET | DEBUG    | Line   95 (nl_ocgin.py): Epoch 040 | Loss 0.007436
2026-02-15 11:35:16.116 CET | INFO     | Line   64 (run_experiment_nl.py): ##################### computing scores
2026-02-15 11:35:16.469 CET | INFO     | Line   68 (run_experiment_nl.py): computed decision boundary on anomaly scores as 95% quantile:
2026-02-15 11:35:16.638 CET | INFO     | Line   71 (run_experiment_nl.py): Test anomaly scores:
2026-02-15 11:35:16.638 CET | INFO     | Line   72 (run_experiment_nl.py): tensor([0.0010, 0.0010, 0.0009, 0.0008, 0.0015, 0.0009, 0.0009, 0.0006, 0.0011,
        0.0005])
2026-02-15 11:35:16.651 CET | INFO     | Line   74 (run_experiment_nl.py): 
2026-02-15 11:35:16.651 CET | INFO     | Line   75 (run_experiment_nl.py): ##################### testing: 
2026-02-15 11:35:16.653 CET | INFO     | Line   81 (run_experiment_nl.py): test_rate: 0.182
2026-02-15 11:35:16.653 CET | INFO     | Line   81 (run_experiment_nl.py): true_positive: 375
2026-02-15 11:35:16.653 CET | INFO     | Line   81 (run_experiment_nl.py): true_negative: 68
2026-02-15 11:35:16.654 CET | INFO     | Line   81 (run_experiment_nl.py): false_positive: 3
2026-02-15 11:35:16.654 CET | INFO     | Line   81 (run_experiment_nl.py): false_negative: 1982
2026-02-15 11:35:16.654 CET | INFO     | Line   81 (run_experiment_nl.py): recall: 0.159
2026-02-15 11:35:16.654 CET | INFO     | Line   81 (run_experiment_nl.py): specificity: 0.958
2026-02-15 11:35:16.654 CET | INFO     | Line   81 (run_experiment_nl.py): precision: 0.992
2026-02-15 11:35:16.654 CET | INFO     | Line   81 (run_experiment_nl.py): balanced_accuracy: 0.558
2026-02-15 11:35:16.655 CET | INFO     | Line   81 (run_experiment_nl.py): FPR: 0.042
2026-02-15 11:35:16.655 CET | INFO     | Line   81 (run_experiment_nl.py): decision_boundary: 0.002
