2026-03-04 22:13:31.688 CET | INFO     | Line   27 (run_experiment_nl.py): ##################### Loading config parameters
2026-03-04 22:13:31.688 CET | INFO     | Line   20 (logging_utils.py): Config parameters:
2026-03-04 22:13:31.688 CET | INFO     | Line   21 (logging_utils.py): 
2026-03-04 22:13:31.688 CET | INFO     | Line   27 (logging_utils.py): hidden_dim: 128
2026-03-04 22:13:31.688 CET | INFO     | Line   27 (logging_utils.py): num_layers: 2
2026-03-04 22:13:31.688 CET | INFO     | Line   27 (logging_utils.py): device: cpu
2026-03-04 22:13:31.689 CET | INFO     | Line   27 (logging_utils.py): lr: 0.001
2026-03-04 22:13:31.689 CET | INFO     | Line   27 (logging_utils.py): epochs: 100
2026-03-04 22:13:31.689 CET | INFO     | Line   27 (logging_utils.py): batch_size: 32
2026-03-04 22:13:31.689 CET | INFO     | Line   27 (logging_utils.py): dataset: CiteSeer
2026-03-04 22:13:31.689 CET | INFO     | Line   27 (logging_utils.py): is_logical: False
2026-03-04 22:13:31.689 CET | INFO     | Line   27 (logging_utils.py): constrains_filepath: constrains/data/CiteSeer_auto_generated_3_101_102_103.json
2026-03-04 22:13:31.689 CET | INFO     | Line   25 (logging_utils.py): constrains_handler: NLRuleBasedHandler
2026-03-04 22:13:31.689 CET | INFO     | Line   27 (logging_utils.py): l_factor: 0.1
2026-03-04 22:13:31.689 CET | INFO     | Line   27 (logging_utils.py): save_logs: True
2026-03-04 22:13:31.689 CET | INFO     | Line   29 (logging_utils.py): 
2026-03-04 22:13:31.690 CET | INFO     | Line   30 (logging_utils.py): Training on model: NodeOCGIN
2026-03-04 22:13:31.690 CET | INFO     | Line   31 (logging_utils.py): 
2026-03-04 22:13:31.690 CET | INFO     | Line   40 (run_experiment_nl.py): ##################### Loading data
2026-03-04 22:13:31.727 CET | INFO     | Line   44 (run_experiment_nl.py): ##################### creating model
2026-03-04 22:13:31.727 CET | INFO     | Line   48 (run_experiment_nl.py): dim features: 3703
2026-03-04 22:13:31.780 CET | INFO     | Line   51 (run_experiment_nl.py): ##################### staring training
2026-03-04 22:13:32.167 CET | DEBUG    | Line   81 (node_level_ocgin.py): Epoch 000 | Loss 0.020097
2026-03-04 22:13:34.435 CET | DEBUG    | Line   81 (node_level_ocgin.py): Epoch 010 | Loss 0.000087
2026-03-04 22:13:36.485 CET | DEBUG    | Line   81 (node_level_ocgin.py): Epoch 020 | Loss 0.000030
2026-03-04 22:13:38.548 CET | DEBUG    | Line   81 (node_level_ocgin.py): Epoch 030 | Loss 0.000029
2026-03-04 22:13:40.661 CET | DEBUG    | Line   81 (node_level_ocgin.py): Epoch 040 | Loss 0.000029
2026-03-04 22:13:42.719 CET | DEBUG    | Line   81 (node_level_ocgin.py): Epoch 050 | Loss 0.000028
2026-03-04 22:13:44.790 CET | DEBUG    | Line   81 (node_level_ocgin.py): Epoch 060 | Loss 0.000028
2026-03-04 22:13:46.889 CET | DEBUG    | Line   81 (node_level_ocgin.py): Epoch 070 | Loss 0.000028
2026-03-04 22:13:49.074 CET | DEBUG    | Line   81 (node_level_ocgin.py): Epoch 080 | Loss 0.000028
2026-03-04 22:13:51.234 CET | DEBUG    | Line   81 (node_level_ocgin.py): Epoch 090 | Loss 0.000028
2026-03-04 22:13:53.126 CET | INFO     | Line   65 (run_experiment_nl.py): ##################### computing scores
2026-03-04 22:13:53.473 CET | INFO     | Line   69 (run_experiment_nl.py): computed decision boundary on anomaly scores as 95% quantile:
2026-03-04 22:13:53.540 CET | INFO     | Line   72 (run_experiment_nl.py): Test anomaly scores:
2026-03-04 22:13:53.540 CET | INFO     | Line   73 (run_experiment_nl.py): tensor([0.0002, 0.0002, 0.0002, 0.0002, 0.0002, 0.0002, 0.0005, 0.0002, 0.0002,
        0.0002])
2026-03-04 22:13:53.542 CET | INFO     | Line   75 (run_experiment_nl.py): 
2026-03-04 22:13:53.543 CET | INFO     | Line   76 (run_experiment_nl.py): ##################### testing: 
2026-03-04 22:13:53.544 CET | INFO     | Line   82 (run_experiment_nl.py): test_rate: 0.1
2026-03-04 22:13:53.544 CET | INFO     | Line   82 (run_experiment_nl.py): true_positive: 260
2026-03-04 22:13:53.544 CET | INFO     | Line   82 (run_experiment_nl.py): true_negative: 52
2026-03-04 22:13:53.544 CET | INFO     | Line   82 (run_experiment_nl.py): false_positive: 2
2026-03-04 22:13:53.544 CET | INFO     | Line   82 (run_experiment_nl.py): false_negative: 2803
2026-03-04 22:13:53.545 CET | INFO     | Line   82 (run_experiment_nl.py): recall: 0.085
2026-03-04 22:13:53.545 CET | INFO     | Line   82 (run_experiment_nl.py): specificity: 0.963
2026-03-04 22:13:53.545 CET | INFO     | Line   82 (run_experiment_nl.py): precision: 0.992
2026-03-04 22:13:53.545 CET | INFO     | Line   82 (run_experiment_nl.py): balanced_accuracy: 0.524
2026-03-04 22:13:53.545 CET | INFO     | Line   82 (run_experiment_nl.py): FPR: 0.037
2026-03-04 22:13:53.545 CET | INFO     | Line   82 (run_experiment_nl.py): decision_boundary: 0.0
