2026-02-10 22:26:15.812 CET | INFO     | Line   27 (run_experiment_nl.py): ##################### Loading config parameters
2026-02-10 22:26:15.813 CET | INFO     | Line   20 (logging_utils.py): Config parameters:
2026-02-10 22:26:15.813 CET | INFO     | Line   21 (logging_utils.py): 
2026-02-10 22:26:15.813 CET | INFO     | Line   27 (logging_utils.py): hidden_dim: 64
2026-02-10 22:26:15.813 CET | INFO     | Line   27 (logging_utils.py): num_layers: 3
2026-02-10 22:26:15.813 CET | INFO     | Line   27 (logging_utils.py): device: cpu
2026-02-10 22:26:15.813 CET | INFO     | Line   27 (logging_utils.py): lr: 0.001
2026-02-10 22:26:15.813 CET | INFO     | Line   27 (logging_utils.py): epochs: 50
2026-02-10 22:26:15.814 CET | INFO     | Line   27 (logging_utils.py): batch_size: 32
2026-02-10 22:26:15.814 CET | INFO     | Line   27 (logging_utils.py): dataset: Cora
2026-02-10 22:26:15.814 CET | INFO     | Line   27 (logging_utils.py): is_logical: True
2026-02-10 22:26:15.814 CET | INFO     | Line   27 (logging_utils.py): constrains_filepath: constrains/data/Cora_auto_generated_2_101_102_103.json
2026-02-10 22:26:15.814 CET | INFO     | Line   25 (logging_utils.py): constrains_handler: NLRuleBasedHandler
2026-02-10 22:26:15.814 CET | INFO     | Line   27 (logging_utils.py): l_factor: 0.1
2026-02-10 22:26:15.814 CET | INFO     | Line   27 (logging_utils.py): save_logs: True
2026-02-10 22:26:15.814 CET | INFO     | Line   29 (logging_utils.py): 
2026-02-10 22:26:15.815 CET | INFO     | Line   30 (logging_utils.py): Training on model: NodeOCGINLossConstrains
2026-02-10 22:26:15.815 CET | INFO     | Line   31 (logging_utils.py): 
2026-02-10 22:26:15.815 CET | INFO     | Line   40 (run_experiment_nl.py): ##################### Loading data
2026-02-10 22:26:15.835 CET | INFO     | Line   44 (run_experiment_nl.py): ##################### creating model
2026-02-10 22:26:15.894 CET | INFO     | Line   50 (run_experiment_nl.py): ##################### staring training
2026-02-10 22:26:15.894 CET | INFO     | Line   53 (run_experiment_nl.py): setting up the logical constrains
2026-02-10 22:26:16.219 CET | DEBUG    | Line   95 (nl_ocgin.py): Epoch 000 | Loss 0.053982
2026-02-10 22:26:17.258 CET | DEBUG    | Line   95 (nl_ocgin.py): Epoch 010 | Loss 0.007708
2026-02-10 22:26:18.264 CET | DEBUG    | Line   95 (nl_ocgin.py): Epoch 020 | Loss 0.007437
2026-02-10 22:26:19.242 CET | DEBUG    | Line   95 (nl_ocgin.py): Epoch 030 | Loss 0.007415
2026-02-10 22:26:20.217 CET | DEBUG    | Line   95 (nl_ocgin.py): Epoch 040 | Loss 0.007410
2026-02-10 22:26:21.113 CET | INFO     | Line   64 (run_experiment_nl.py): ##################### computing scores
2026-02-10 22:26:21.282 CET | INFO     | Line   68 (run_experiment_nl.py): computed decision boundary on anomaly scores as 95% quantile:
2026-02-10 22:26:21.283 CET | INFO     | Line   70 (run_experiment_nl.py): tensor(0.0009)
2026-02-10 22:26:21.285 CET | INFO     | Line   71 (run_experiment_nl.py): Test anomaly scores:
2026-02-10 22:26:21.285 CET | INFO     | Line   72 (run_experiment_nl.py): tensor([0.0008, 0.0007, 0.0008, 0.0007, 0.0009, 0.0008, 0.0007, 0.0007, 0.0008,
        0.0008])
2026-02-10 22:26:21.286 CET | INFO     | Line   74 (run_experiment_nl.py): 
2026-02-10 22:26:21.287 CET | INFO     | Line   75 (run_experiment_nl.py): ##################### testing: 
2026-02-10 22:26:21.287 CET | INFO     | Line   81 (run_experiment_nl.py): test_rate: 0.23187808896210874
2026-02-10 22:26:21.288 CET | INFO     | Line   81 (run_experiment_nl.py): true_positive:: 497
2026-02-10 22:26:21.288 CET | INFO     | Line   81 (run_experiment_nl.py): true_negative:: 66
2026-02-10 22:26:21.288 CET | INFO     | Line   81 (run_experiment_nl.py): false_positive:: 5
2026-02-10 22:26:21.288 CET | INFO     | Line   81 (run_experiment_nl.py): false_negative:: 1860
2026-02-10 22:26:21.288 CET | INFO     | Line   81 (run_experiment_nl.py): Recall:: 0.21086126431815502
2026-02-10 22:26:21.288 CET | INFO     | Line   81 (run_experiment_nl.py): Specificity:: 0.9295774646578061
2026-02-10 22:26:21.289 CET | INFO     | Line   81 (run_experiment_nl.py): Precision:: 0.9900398406177283
2026-02-10 22:26:21.289 CET | INFO     | Line   81 (run_experiment_nl.py): Balanced Accuracy:: 0.5702193644879806
2026-02-10 22:26:21.289 CET | INFO     | Line   81 (run_experiment_nl.py): decision_boundary: 0.0009244032553397119
