2026-02-10 21:59:30.177 CET | INFO     | Line   27 (run_experiment_nl.py): ##################### Loading config parameters
2026-02-10 21:59:30.177 CET | INFO     | Line   20 (logging_utils.py): Config parameters:
2026-02-10 21:59:30.177 CET | INFO     | Line   21 (logging_utils.py): 
2026-02-10 21:59:30.177 CET | INFO     | Line   27 (logging_utils.py): hidden_dim: 64
2026-02-10 21:59:30.178 CET | INFO     | Line   27 (logging_utils.py): num_layers: 3
2026-02-10 21:59:30.178 CET | INFO     | Line   27 (logging_utils.py): device: cpu
2026-02-10 21:59:30.178 CET | INFO     | Line   27 (logging_utils.py): lr: 0.001
2026-02-10 21:59:30.178 CET | INFO     | Line   27 (logging_utils.py): epochs: 50
2026-02-10 21:59:30.178 CET | INFO     | Line   27 (logging_utils.py): batch_size: 32
2026-02-10 21:59:30.178 CET | INFO     | Line   27 (logging_utils.py): dataset: Cora
2026-02-10 21:59:30.178 CET | INFO     | Line   27 (logging_utils.py): is_logical: True
2026-02-10 21:59:30.178 CET | INFO     | Line   27 (logging_utils.py): constrains_filepath: constrains/data/Cora_auto_generated_2_101_102_103.json
2026-02-10 21:59:30.179 CET | INFO     | Line   25 (logging_utils.py): constrains_handler: NLRuleBasedHandler
2026-02-10 21:59:30.179 CET | INFO     | Line   27 (logging_utils.py): l_factor: 0.1
2026-02-10 21:59:30.179 CET | INFO     | Line   27 (logging_utils.py): save_logs: True
2026-02-10 21:59:30.179 CET | INFO     | Line   29 (logging_utils.py): 
2026-02-10 21:59:30.179 CET | INFO     | Line   30 (logging_utils.py): Training on model: NodeOCGINLossConstrains
2026-02-10 21:59:30.179 CET | INFO     | Line   31 (logging_utils.py): 
2026-02-10 21:59:30.179 CET | INFO     | Line   40 (run_experiment_nl.py): ##################### Loading data
2026-02-10 21:59:30.204 CET | INFO     | Line   44 (run_experiment_nl.py): ##################### creating model
2026-02-10 21:59:30.264 CET | INFO     | Line   50 (run_experiment_nl.py): ##################### staring training
2026-02-10 21:59:30.264 CET | INFO     | Line   53 (run_experiment_nl.py): setting up the logical constrains
2026-02-10 21:59:30.577 CET | DEBUG    | Line   95 (nl_ocgin.py): Epoch 000 | Loss 0.315644
2026-02-10 21:59:31.650 CET | DEBUG    | Line   95 (nl_ocgin.py): Epoch 010 | Loss 0.008681
2026-02-10 21:59:32.650 CET | DEBUG    | Line   95 (nl_ocgin.py): Epoch 020 | Loss 0.008174
2026-02-10 21:59:33.620 CET | DEBUG    | Line   95 (nl_ocgin.py): Epoch 030 | Loss 0.007911
2026-02-10 21:59:34.576 CET | DEBUG    | Line   95 (nl_ocgin.py): Epoch 040 | Loss 0.007747
2026-02-10 21:59:35.445 CET | INFO     | Line   64 (run_experiment_nl.py): ##################### computing scores
2026-02-10 21:59:35.609 CET | INFO     | Line   70 (run_experiment_nl.py): computed decision boundary on anomaly scores as 95% quantile:
2026-02-10 21:59:35.610 CET | INFO     | Line   72 (run_experiment_nl.py): tensor(0.0030)
2026-02-10 21:59:35.612 CET | INFO     | Line   75 (run_experiment_nl.py): Test anomaly scores:
2026-02-10 21:59:35.612 CET | INFO     | Line   76 (run_experiment_nl.py): tensor([0.0025, 0.0022, 0.0040, 0.0028, 0.0023, 0.0026, 0.0022, 0.0024, 0.0024,
        0.0081])
2026-02-10 21:59:35.613 CET | INFO     | Line   78 (run_experiment_nl.py): ##################### test rate: 
2026-02-10 21:59:35.614 CET | INFO     | Line   37 (utils.py): 0.34555189456342666
2026-02-10 21:59:35.614 CET | INFO     | Line   38 (utils.py): right classified: 839 out of 2428
