2026-03-05 18:02:43.276 CET | INFO     | Line   27 (run_experiment_nl.py): ##################### Loading config parameters
2026-03-05 18:02:43.277 CET | INFO     | Line   20 (logging_utils.py): Config parameters:
2026-03-05 18:02:43.277 CET | INFO     | Line   21 (logging_utils.py): 
2026-03-05 18:02:43.277 CET | INFO     | Line   27 (logging_utils.py): hidden_dim: 32
2026-03-05 18:02:43.277 CET | INFO     | Line   27 (logging_utils.py): num_layers: 1
2026-03-05 18:02:43.277 CET | INFO     | Line   27 (logging_utils.py): device: cpu
2026-03-05 18:02:43.277 CET | INFO     | Line   27 (logging_utils.py): lr: 0.001
2026-03-05 18:02:43.277 CET | INFO     | Line   27 (logging_utils.py): epochs: 50
2026-03-05 18:02:43.277 CET | INFO     | Line   27 (logging_utils.py): batch_size: 32
2026-03-05 18:02:43.278 CET | INFO     | Line   27 (logging_utils.py): dataset: Cora
2026-03-05 18:02:43.278 CET | INFO     | Line   27 (logging_utils.py): is_logical: False
2026-03-05 18:02:43.278 CET | INFO     | Line   27 (logging_utils.py): constrains_filepath: constrains/data/Physics_auto_generated_2_101_102_103.json
2026-03-05 18:02:43.278 CET | INFO     | Line   25 (logging_utils.py): constrains_handler: NLRuleBasedHandler
2026-03-05 18:02:43.278 CET | INFO     | Line   27 (logging_utils.py): l_factor: 0.1
2026-03-05 18:02:43.278 CET | INFO     | Line   27 (logging_utils.py): save_logs: True
2026-03-05 18:02:43.278 CET | INFO     | Line   29 (logging_utils.py): 
2026-03-05 18:02:43.278 CET | INFO     | Line   30 (logging_utils.py): Training on model: NodeOCGIN
2026-03-05 18:02:43.278 CET | INFO     | Line   31 (logging_utils.py): 
2026-03-05 18:02:43.279 CET | INFO     | Line   40 (run_experiment_nl.py): ##################### Loading data
2026-03-05 18:02:43.294 CET | INFO     | Line   44 (run_experiment_nl.py): ##################### creating model
2026-03-05 18:02:43.294 CET | INFO     | Line   48 (run_experiment_nl.py): dim features: 1433
2026-03-05 18:02:43.341 CET | INFO     | Line   51 (run_experiment_nl.py): ##################### staring training
2026-03-05 18:02:43.469 CET | DEBUG    | Line   81 (node_level_ocgin.py): Epoch 000 | Loss 0.013117
2026-03-05 18:02:44.101 CET | DEBUG    | Line   81 (node_level_ocgin.py): Epoch 010 | Loss 0.000297
2026-03-05 18:02:44.697 CET | DEBUG    | Line   81 (node_level_ocgin.py): Epoch 020 | Loss 0.000064
2026-03-05 18:02:45.295 CET | DEBUG    | Line   81 (node_level_ocgin.py): Epoch 030 | Loss 0.000046
2026-03-05 18:02:45.905 CET | DEBUG    | Line   81 (node_level_ocgin.py): Epoch 040 | Loss 0.000044
2026-03-05 18:02:46.443 CET | INFO     | Line   65 (run_experiment_nl.py): ##################### computing scores
2026-03-05 18:02:46.557 CET | INFO     | Line   69 (run_experiment_nl.py): computed decision boundary on anomaly scores as 95% quantile:
2026-03-05 18:02:46.626 CET | INFO     | Line   72 (run_experiment_nl.py): Test anomaly scores:
2026-03-05 18:02:46.626 CET | INFO     | Line   73 (run_experiment_nl.py): tensor([0.0004, 0.0003, 0.0003, 0.0003, 0.0003, 0.0024, 0.0003, 0.0003, 0.0003,
        0.0003])
2026-03-05 18:02:46.629 CET | INFO     | Line   75 (run_experiment_nl.py): 
2026-03-05 18:02:46.629 CET | INFO     | Line   76 (run_experiment_nl.py): ##################### testing: 
2026-03-05 18:02:46.631 CET | INFO     | Line   79 (run_experiment_nl.py): test Scores: tensor([0.0002, 0.0004, 0.0009, 0.0013, 0.0006, 0.0002, 0.0003, 0.0003, 0.0004,
        0.0004])
2026-03-05 18:02:46.631 CET | INFO     | Line   88 (run_experiment_nl.py): test_rate: 0.14
2026-03-05 18:02:46.632 CET | INFO     | Line   88 (run_experiment_nl.py): true_positive: 269
2026-03-05 18:02:46.632 CET | INFO     | Line   88 (run_experiment_nl.py): true_negative: 71
2026-03-05 18:02:46.632 CET | INFO     | Line   88 (run_experiment_nl.py): false_positive: 0
2026-03-05 18:02:46.632 CET | INFO     | Line   88 (run_experiment_nl.py): false_negative: 2088
2026-03-05 18:02:46.632 CET | INFO     | Line   88 (run_experiment_nl.py): recall: 0.114
2026-03-05 18:02:46.632 CET | INFO     | Line   88 (run_experiment_nl.py): specificity: 1.0
2026-03-05 18:02:46.632 CET | INFO     | Line   88 (run_experiment_nl.py): precision: 1.0
2026-03-05 18:02:46.632 CET | INFO     | Line   88 (run_experiment_nl.py): balanced_accuracy: 0.557
2026-03-05 18:02:46.633 CET | INFO     | Line   88 (run_experiment_nl.py): FPR: 0.0
2026-03-05 18:02:46.633 CET | INFO     | Line   88 (run_experiment_nl.py): decision_boundary: 0.002
