2026-02-10 22:04:07.821 CET | INFO     | Line   27 (run_experiment_nl.py): ##################### Loading config parameters
2026-02-10 22:04:07.822 CET | INFO     | Line   20 (logging_utils.py): Config parameters:
2026-02-10 22:04:07.822 CET | INFO     | Line   21 (logging_utils.py): 
2026-02-10 22:04:07.822 CET | INFO     | Line   27 (logging_utils.py): hidden_dim: 64
2026-02-10 22:04:07.822 CET | INFO     | Line   27 (logging_utils.py): num_layers: 3
2026-02-10 22:04:07.822 CET | INFO     | Line   27 (logging_utils.py): device: cpu
2026-02-10 22:04:07.822 CET | INFO     | Line   27 (logging_utils.py): lr: 0.001
2026-02-10 22:04:07.822 CET | INFO     | Line   27 (logging_utils.py): epochs: 50
2026-02-10 22:04:07.822 CET | INFO     | Line   27 (logging_utils.py): batch_size: 32
2026-02-10 22:04:07.823 CET | INFO     | Line   27 (logging_utils.py): dataset: Cora
2026-02-10 22:04:07.823 CET | INFO     | Line   27 (logging_utils.py): is_logical: True
2026-02-10 22:04:07.823 CET | INFO     | Line   27 (logging_utils.py): constrains_filepath: constrains/data/Cora_auto_generated_2_101_102_103.json
2026-02-10 22:04:07.823 CET | INFO     | Line   25 (logging_utils.py): constrains_handler: NLRuleBasedHandler
2026-02-10 22:04:07.823 CET | INFO     | Line   27 (logging_utils.py): l_factor: 0.1
2026-02-10 22:04:07.823 CET | INFO     | Line   27 (logging_utils.py): save_logs: True
2026-02-10 22:04:07.823 CET | INFO     | Line   29 (logging_utils.py): 
2026-02-10 22:04:07.824 CET | INFO     | Line   30 (logging_utils.py): Training on model: NodeOCGINLossConstrains
2026-02-10 22:04:07.824 CET | INFO     | Line   31 (logging_utils.py): 
2026-02-10 22:04:07.824 CET | INFO     | Line   40 (run_experiment_nl.py): ##################### Loading data
2026-02-10 22:04:07.848 CET | INFO     | Line   44 (run_experiment_nl.py): ##################### creating model
2026-02-10 22:04:07.912 CET | INFO     | Line   50 (run_experiment_nl.py): ##################### staring training
2026-02-10 22:04:07.912 CET | INFO     | Line   53 (run_experiment_nl.py): setting up the logical constrains
2026-02-10 22:04:08.249 CET | DEBUG    | Line   95 (nl_ocgin.py): Epoch 000 | Loss 0.130373
2026-02-10 22:04:09.312 CET | DEBUG    | Line   95 (nl_ocgin.py): Epoch 010 | Loss 0.008240
2026-02-10 22:04:10.477 CET | DEBUG    | Line   95 (nl_ocgin.py): Epoch 020 | Loss 0.007665
2026-02-10 22:04:11.530 CET | DEBUG    | Line   95 (nl_ocgin.py): Epoch 030 | Loss 0.007577
2026-02-10 22:04:12.727 CET | DEBUG    | Line   95 (nl_ocgin.py): Epoch 040 | Loss 0.007531
2026-02-10 22:04:13.726 CET | INFO     | Line   64 (run_experiment_nl.py): ##################### computing scores
2026-02-10 22:04:13.903 CET | INFO     | Line   70 (run_experiment_nl.py): computed decision boundary on anomaly scores as 95% quantile:
2026-02-10 22:04:13.904 CET | INFO     | Line   72 (run_experiment_nl.py): tensor(0.0020)
2026-02-10 22:04:13.906 CET | INFO     | Line   75 (run_experiment_nl.py): Test anomaly scores:
2026-02-10 22:04:13.906 CET | INFO     | Line   76 (run_experiment_nl.py): tensor([0.0015, 0.0012, 0.0014, 0.0033, 0.0015, 0.0012, 0.0012, 0.0012, 0.0014,
        0.0015])
2026-02-10 22:04:13.907 CET | INFO     | Line   78 (run_experiment_nl.py): ##################### test rate: 
2026-02-10 22:04:13.908 CET | INFO     | Line   37 (utils.py): 0.27635914332784184
2026-02-10 22:04:13.908 CET | INFO     | Line   38 (utils.py): right classified: 671 out of 2428
