2026-03-02 09:53:23.763 CET | INFO     | Line   27 (run_experiment_nl.py): ##################### Loading config parameters
2026-03-02 09:53:23.763 CET | INFO     | Line   20 (logging_utils.py): Config parameters:
2026-03-02 09:53:23.764 CET | INFO     | Line   21 (logging_utils.py): 
2026-03-02 09:53:23.764 CET | INFO     | Line   27 (logging_utils.py): hidden_dim: 64
2026-03-02 09:53:23.764 CET | INFO     | Line   27 (logging_utils.py): num_layers: 3
2026-03-02 09:53:23.764 CET | INFO     | Line   27 (logging_utils.py): device: cpu
2026-03-02 09:53:23.764 CET | INFO     | Line   27 (logging_utils.py): lr: 0.001
2026-03-02 09:53:23.764 CET | INFO     | Line   27 (logging_utils.py): epochs: 50
2026-03-02 09:53:23.765 CET | INFO     | Line   27 (logging_utils.py): batch_size: 32
2026-03-02 09:53:23.765 CET | INFO     | Line   27 (logging_utils.py): dataset: Cora
2026-03-02 09:53:23.765 CET | INFO     | Line   27 (logging_utils.py): is_logical: True
2026-03-02 09:53:23.765 CET | INFO     | Line   27 (logging_utils.py): constrains_filepath: constrains/data/Cora_auto_generated_2_101_102_103.json
2026-03-02 09:53:23.765 CET | INFO     | Line   25 (logging_utils.py): constrains_handler: NLRuleBasedHandler
2026-03-02 09:53:23.765 CET | INFO     | Line   27 (logging_utils.py): l_factor: 0.1
2026-03-02 09:53:23.765 CET | INFO     | Line   27 (logging_utils.py): save_logs: True
2026-03-02 09:53:23.766 CET | INFO     | Line   29 (logging_utils.py): 
2026-03-02 09:53:23.766 CET | INFO     | Line   30 (logging_utils.py): Training on model: NodeOCGINLossConstrains
2026-03-02 09:53:23.766 CET | INFO     | Line   31 (logging_utils.py): 
2026-03-02 09:53:23.766 CET | INFO     | Line   40 (run_experiment_nl.py): ##################### Loading data
2026-03-02 09:53:23.942 CET | INFO     | Line   44 (run_experiment_nl.py): ##################### creating model
2026-03-02 09:53:23.943 CET | INFO     | Line   48 (run_experiment_nl.py): dim features: 1433
2026-03-02 09:53:24.045 CET | INFO     | Line   51 (run_experiment_nl.py): ##################### staring training
2026-03-02 09:53:24.046 CET | INFO     | Line   54 (run_experiment_nl.py): setting up the logical constrains
2026-03-02 09:53:24.629 CET | DEBUG    | Line   95 (nl_ocgin.py): Epoch 000 | Loss 0.110945
2026-03-02 09:53:26.149 CET | DEBUG    | Line   95 (nl_ocgin.py): Epoch 010 | Loss 0.008304
2026-03-02 09:53:27.603 CET | DEBUG    | Line   95 (nl_ocgin.py): Epoch 020 | Loss 0.007659
2026-03-02 09:53:29.134 CET | DEBUG    | Line   95 (nl_ocgin.py): Epoch 030 | Loss 0.007620
2026-03-02 09:53:30.419 CET | DEBUG    | Line   95 (nl_ocgin.py): Epoch 040 | Loss 0.007607
2026-03-02 09:53:31.590 CET | INFO     | Line   65 (run_experiment_nl.py): ##################### computing scores
2026-03-02 09:53:31.853 CET | INFO     | Line   69 (run_experiment_nl.py): computed decision boundary on anomaly scores as 95% quantile:
2026-03-02 09:53:32.014 CET | INFO     | Line   72 (run_experiment_nl.py): Test anomaly scores:
2026-03-02 09:53:32.015 CET | INFO     | Line   73 (run_experiment_nl.py): tensor([0.0021, 0.0021, 0.0022, 0.0021, 0.0017, 0.0022, 0.0022, 0.0017, 0.0017,
        0.0019])
2026-03-02 09:53:32.020 CET | INFO     | Line   75 (run_experiment_nl.py): 
2026-03-02 09:53:32.020 CET | INFO     | Line   76 (run_experiment_nl.py): ##################### testing: 
2026-03-02 09:53:32.021 CET | INFO     | Line   82 (run_experiment_nl.py): test_rate: 0.034
2026-03-02 09:53:32.021 CET | INFO     | Line   82 (run_experiment_nl.py): true_positive: 11
2026-03-02 09:53:32.021 CET | INFO     | Line   82 (run_experiment_nl.py): true_negative: 71
2026-03-02 09:53:32.021 CET | INFO     | Line   82 (run_experiment_nl.py): false_positive: 0
2026-03-02 09:53:32.021 CET | INFO     | Line   82 (run_experiment_nl.py): false_negative: 2346
2026-03-02 09:53:32.022 CET | INFO     | Line   82 (run_experiment_nl.py): recall: 0.005
2026-03-02 09:53:32.022 CET | INFO     | Line   82 (run_experiment_nl.py): specificity: 1.0
2026-03-02 09:53:32.022 CET | INFO     | Line   82 (run_experiment_nl.py): precision: 1.0
2026-03-02 09:53:32.022 CET | INFO     | Line   82 (run_experiment_nl.py): balanced_accuracy: 0.502
2026-03-02 09:53:32.022 CET | INFO     | Line   82 (run_experiment_nl.py): FPR: 0.0
2026-03-02 09:53:32.022 CET | INFO     | Line   82 (run_experiment_nl.py): decision_boundary: 0.004
