2026-02-10 22:28:50.220 CET | INFO     | Line   27 (run_experiment_nl.py): ##################### Loading config parameters
2026-02-10 22:28:50.220 CET | INFO     | Line   20 (logging_utils.py): Config parameters:
2026-02-10 22:28:50.220 CET | INFO     | Line   21 (logging_utils.py): 
2026-02-10 22:28:50.221 CET | INFO     | Line   27 (logging_utils.py): hidden_dim: 64
2026-02-10 22:28:50.221 CET | INFO     | Line   27 (logging_utils.py): num_layers: 3
2026-02-10 22:28:50.221 CET | INFO     | Line   27 (logging_utils.py): device: cpu
2026-02-10 22:28:50.221 CET | INFO     | Line   27 (logging_utils.py): lr: 0.001
2026-02-10 22:28:50.221 CET | INFO     | Line   27 (logging_utils.py): epochs: 50
2026-02-10 22:28:50.221 CET | INFO     | Line   27 (logging_utils.py): batch_size: 32
2026-02-10 22:28:50.221 CET | INFO     | Line   27 (logging_utils.py): dataset: Cora
2026-02-10 22:28:50.221 CET | INFO     | Line   27 (logging_utils.py): is_logical: True
2026-02-10 22:28:50.222 CET | INFO     | Line   27 (logging_utils.py): constrains_filepath: constrains/data/Cora_auto_generated_2_101_102_103.json
2026-02-10 22:28:50.222 CET | INFO     | Line   25 (logging_utils.py): constrains_handler: NLRuleBasedHandler
2026-02-10 22:28:50.222 CET | INFO     | Line   27 (logging_utils.py): l_factor: 0.1
2026-02-10 22:28:50.222 CET | INFO     | Line   27 (logging_utils.py): save_logs: True
2026-02-10 22:28:50.222 CET | INFO     | Line   29 (logging_utils.py): 
2026-02-10 22:28:50.222 CET | INFO     | Line   30 (logging_utils.py): Training on model: NodeOCGINLossConstrains
2026-02-10 22:28:50.222 CET | INFO     | Line   31 (logging_utils.py): 
2026-02-10 22:28:50.222 CET | INFO     | Line   40 (run_experiment_nl.py): ##################### Loading data
2026-02-10 22:28:50.246 CET | INFO     | Line   44 (run_experiment_nl.py): ##################### creating model
2026-02-10 22:28:50.311 CET | INFO     | Line   50 (run_experiment_nl.py): ##################### staring training
2026-02-10 22:28:50.311 CET | INFO     | Line   53 (run_experiment_nl.py): setting up the logical constrains
2026-02-10 22:28:50.644 CET | DEBUG    | Line   95 (nl_ocgin.py): Epoch 000 | Loss 0.283056
2026-02-10 22:28:51.777 CET | DEBUG    | Line   95 (nl_ocgin.py): Epoch 010 | Loss 0.009376
2026-02-10 22:28:52.917 CET | DEBUG    | Line   95 (nl_ocgin.py): Epoch 020 | Loss 0.008144
2026-02-10 22:28:53.961 CET | DEBUG    | Line   95 (nl_ocgin.py): Epoch 030 | Loss 0.007914
2026-02-10 22:28:54.952 CET | DEBUG    | Line   95 (nl_ocgin.py): Epoch 040 | Loss 0.007829
2026-02-10 22:28:55.834 CET | INFO     | Line   64 (run_experiment_nl.py): ##################### computing scores
2026-02-10 22:28:56.008 CET | INFO     | Line   68 (run_experiment_nl.py): computed decision boundary on anomaly scores as 95% quantile:
2026-02-10 22:28:56.009 CET | INFO     | Line   70 (run_experiment_nl.py): tensor(0.0037)
2026-02-10 22:28:56.011 CET | INFO     | Line   71 (run_experiment_nl.py): Test anomaly scores:
2026-02-10 22:28:56.011 CET | INFO     | Line   72 (run_experiment_nl.py): tensor([0.0027, 0.0029, 0.0028, 0.0047, 0.0026, 0.0031, 0.0028, 0.0028, 0.0032,
        0.0032])
2026-02-10 22:28:56.012 CET | INFO     | Line   74 (run_experiment_nl.py): 
2026-02-10 22:28:56.013 CET | INFO     | Line   75 (run_experiment_nl.py): ##################### testing: 
2026-02-10 22:28:56.013 CET | INFO     | Line   81 (run_experiment_nl.py): test_rate: 0.23228995057660626
2026-02-10 22:28:56.014 CET | INFO     | Line   81 (run_experiment_nl.py): true_positive: 0.20469522240527183
2026-02-10 22:28:56.014 CET | INFO     | Line   81 (run_experiment_nl.py): true_negative: 0.02759472817133443
2026-02-10 22:28:56.014 CET | INFO     | Line   81 (run_experiment_nl.py): false_positive: 0.0016474464579901153
2026-02-10 22:28:56.014 CET | INFO     | Line   81 (run_experiment_nl.py): false_negative: 0.7660626029654036
2026-02-10 22:28:56.014 CET | INFO     | Line   81 (run_experiment_nl.py): recall: 0.21086126431815502
2026-02-10 22:28:56.014 CET | INFO     | Line   81 (run_experiment_nl.py): specificity: 0.9436619716980759
2026-02-10 22:28:56.015 CET | INFO     | Line   81 (run_experiment_nl.py): precision: 0.9920159680440715
2026-02-10 22:28:56.015 CET | INFO     | Line   81 (run_experiment_nl.py): balanced_accuracy: 0.5772616180081155
2026-02-10 22:28:56.015 CET | INFO     | Line   81 (run_experiment_nl.py): decision_boundary: 0.0037321499548852444
