2026-03-05 18:13:29.506 CET | INFO     | Line   27 (run_experiment_nl.py): ##################### Loading config parameters
2026-03-05 18:13:29.506 CET | INFO     | Line   20 (logging_utils.py): Config parameters:
2026-03-05 18:13:29.506 CET | INFO     | Line   21 (logging_utils.py): 
2026-03-05 18:13:29.506 CET | INFO     | Line   27 (logging_utils.py): hidden_dim: 32
2026-03-05 18:13:29.506 CET | INFO     | Line   27 (logging_utils.py): num_layers: 1
2026-03-05 18:13:29.507 CET | INFO     | Line   27 (logging_utils.py): device: cpu
2026-03-05 18:13:29.507 CET | INFO     | Line   27 (logging_utils.py): lr: 0.001
2026-03-05 18:13:29.507 CET | INFO     | Line   27 (logging_utils.py): epochs: 50
2026-03-05 18:13:29.507 CET | INFO     | Line   27 (logging_utils.py): batch_size: 32
2026-03-05 18:13:29.507 CET | INFO     | Line   27 (logging_utils.py): dataset: CiteSeer
2026-03-05 18:13:29.507 CET | INFO     | Line   27 (logging_utils.py): is_logical: False
2026-03-05 18:13:29.507 CET | INFO     | Line   27 (logging_utils.py): constrains_filepath: constrains/data/Physics_auto_generated_2_101_102_103.json
2026-03-05 18:13:29.507 CET | INFO     | Line   25 (logging_utils.py): constrains_handler: NLRuleBasedHandler
2026-03-05 18:13:29.507 CET | INFO     | Line   27 (logging_utils.py): l_factor: 0.1
2026-03-05 18:13:29.507 CET | INFO     | Line   27 (logging_utils.py): save_logs: True
2026-03-05 18:13:29.507 CET | INFO     | Line   29 (logging_utils.py): 
2026-03-05 18:13:29.508 CET | INFO     | Line   30 (logging_utils.py): Training on model: NodeOCGIN
2026-03-05 18:13:29.508 CET | INFO     | Line   31 (logging_utils.py): 
2026-03-05 18:13:29.508 CET | INFO     | Line   40 (run_experiment_nl.py): ##################### Loading data
2026-03-05 18:13:29.561 CET | INFO     | Line   44 (run_experiment_nl.py): ##################### creating model
2026-03-05 18:13:29.561 CET | INFO     | Line   48 (run_experiment_nl.py): dim features: 3703
2026-03-05 18:13:29.611 CET | INFO     | Line   51 (run_experiment_nl.py): ##################### staring training
2026-03-05 18:13:29.927 CET | DEBUG    | Line   81 (node_level_ocgin.py): Epoch 000 | Loss 0.002688
2026-03-05 18:13:31.740 CET | DEBUG    | Line   81 (node_level_ocgin.py): Epoch 010 | Loss 0.000843
2026-03-05 18:13:33.339 CET | DEBUG    | Line   81 (node_level_ocgin.py): Epoch 020 | Loss 0.000648
2026-03-05 18:13:34.941 CET | DEBUG    | Line   81 (node_level_ocgin.py): Epoch 030 | Loss 0.000543
2026-03-05 18:13:36.535 CET | DEBUG    | Line   81 (node_level_ocgin.py): Epoch 040 | Loss 0.000479
2026-03-05 18:13:37.979 CET | INFO     | Line   65 (run_experiment_nl.py): ##################### computing scores
2026-03-05 18:13:38.282 CET | INFO     | Line   69 (run_experiment_nl.py): computed decision boundary on anomaly scores as 95% quantile:
2026-03-05 18:13:38.351 CET | INFO     | Line   72 (run_experiment_nl.py): Test anomaly scores:
2026-03-05 18:13:38.351 CET | INFO     | Line   73 (run_experiment_nl.py): tensor([0.0035, 0.0045, 0.0101, 0.0071, 0.0045, 0.0095, 0.0072, 0.0017, 0.0110,
        0.0058])
2026-03-05 18:13:38.353 CET | INFO     | Line   75 (run_experiment_nl.py): 
2026-03-05 18:13:38.353 CET | INFO     | Line   76 (run_experiment_nl.py): ##################### testing: 
2026-03-05 18:13:38.354 CET | INFO     | Line   79 (run_experiment_nl.py): test Scores: tensor([0.0073, 0.0083, 0.0073, 0.0035, 0.0061, 0.0069, 0.0050, 0.0106, 0.0059,
        0.0097])
2026-03-05 18:13:38.355 CET | INFO     | Line   88 (run_experiment_nl.py): test_rate: 0.028
2026-03-05 18:13:38.355 CET | INFO     | Line   88 (run_experiment_nl.py): true_positive: 35
2026-03-05 18:13:38.355 CET | INFO     | Line   88 (run_experiment_nl.py): true_negative: 53
2026-03-05 18:13:38.356 CET | INFO     | Line   88 (run_experiment_nl.py): false_positive: 1
2026-03-05 18:13:38.356 CET | INFO     | Line   88 (run_experiment_nl.py): false_negative: 3028
2026-03-05 18:13:38.356 CET | INFO     | Line   88 (run_experiment_nl.py): recall: 0.011
2026-03-05 18:13:38.356 CET | INFO     | Line   88 (run_experiment_nl.py): specificity: 0.981
2026-03-05 18:13:38.356 CET | INFO     | Line   88 (run_experiment_nl.py): precision: 0.972
2026-03-05 18:13:38.356 CET | INFO     | Line   88 (run_experiment_nl.py): balanced_accuracy: 0.496
2026-03-05 18:13:38.356 CET | INFO     | Line   88 (run_experiment_nl.py): FPR: 0.019
2026-03-05 18:13:38.356 CET | INFO     | Line   88 (run_experiment_nl.py): decision_boundary: 0.011
