2026-02-10 22:30:40.364 CET | INFO     | Line   27 (run_experiment_nl.py): ##################### Loading config parameters
2026-02-10 22:30:40.365 CET | INFO     | Line   20 (logging_utils.py): Config parameters:
2026-02-10 22:30:40.366 CET | INFO     | Line   21 (logging_utils.py): 
2026-02-10 22:30:40.366 CET | INFO     | Line   27 (logging_utils.py): hidden_dim: 64
2026-02-10 22:30:40.366 CET | INFO     | Line   27 (logging_utils.py): num_layers: 3
2026-02-10 22:30:40.366 CET | INFO     | Line   27 (logging_utils.py): device: cpu
2026-02-10 22:30:40.367 CET | INFO     | Line   27 (logging_utils.py): lr: 0.001
2026-02-10 22:30:40.367 CET | INFO     | Line   27 (logging_utils.py): epochs: 50
2026-02-10 22:30:40.367 CET | INFO     | Line   27 (logging_utils.py): batch_size: 32
2026-02-10 22:30:40.367 CET | INFO     | Line   27 (logging_utils.py): dataset: Cora
2026-02-10 22:30:40.368 CET | INFO     | Line   27 (logging_utils.py): is_logical: True
2026-02-10 22:30:40.368 CET | INFO     | Line   27 (logging_utils.py): constrains_filepath: constrains/data/Cora_auto_generated_2_101_102_103.json
2026-02-10 22:30:40.368 CET | INFO     | Line   25 (logging_utils.py): constrains_handler: NLRuleBasedHandler
2026-02-10 22:30:40.368 CET | INFO     | Line   27 (logging_utils.py): l_factor: 0.1
2026-02-10 22:30:40.369 CET | INFO     | Line   27 (logging_utils.py): save_logs: True
2026-02-10 22:30:40.369 CET | INFO     | Line   29 (logging_utils.py): 
2026-02-10 22:30:40.369 CET | INFO     | Line   30 (logging_utils.py): Training on model: NodeOCGINLossConstrains
2026-02-10 22:30:40.369 CET | INFO     | Line   31 (logging_utils.py): 
2026-02-10 22:30:40.370 CET | INFO     | Line   40 (run_experiment_nl.py): ##################### Loading data
2026-02-10 22:30:40.412 CET | INFO     | Line   44 (run_experiment_nl.py): ##################### creating model
2026-02-10 22:30:40.488 CET | INFO     | Line   50 (run_experiment_nl.py): ##################### staring training
2026-02-10 22:30:40.488 CET | INFO     | Line   53 (run_experiment_nl.py): setting up the logical constrains
2026-02-10 22:30:40.852 CET | DEBUG    | Line   95 (nl_ocgin.py): Epoch 000 | Loss 0.108211
2026-02-10 22:30:42.126 CET | DEBUG    | Line   95 (nl_ocgin.py): Epoch 010 | Loss 0.008162
2026-02-10 22:30:43.170 CET | DEBUG    | Line   95 (nl_ocgin.py): Epoch 020 | Loss 0.007564
2026-02-10 22:30:44.172 CET | DEBUG    | Line   95 (nl_ocgin.py): Epoch 030 | Loss 0.007481
2026-02-10 22:30:45.158 CET | DEBUG    | Line   95 (nl_ocgin.py): Epoch 040 | Loss 0.007442
2026-02-10 22:30:46.037 CET | INFO     | Line   64 (run_experiment_nl.py): ##################### computing scores
2026-02-10 22:30:46.206 CET | INFO     | Line   68 (run_experiment_nl.py): computed decision boundary on anomaly scores as 95% quantile:
2026-02-10 22:30:46.214 CET | INFO     | Line   70 (run_experiment_nl.py): tensor(0.0014)
2026-02-10 22:30:46.216 CET | INFO     | Line   71 (run_experiment_nl.py): Test anomaly scores:
2026-02-10 22:30:46.216 CET | INFO     | Line   72 (run_experiment_nl.py): tensor([0.0010, 0.0007, 0.0016, 0.0007, 0.0008, 0.0007, 0.0007, 0.0007, 0.0006,
        0.0007])
2026-02-10 22:30:46.218 CET | INFO     | Line   74 (run_experiment_nl.py): 
2026-02-10 22:30:46.218 CET | INFO     | Line   75 (run_experiment_nl.py): ##################### testing: 
2026-02-10 22:30:46.220 CET | INFO     | Line   81 (run_experiment_nl.py): test_rate: 0.275
2026-02-10 22:30:46.220 CET | INFO     | Line   81 (run_experiment_nl.py): true_positive: 0.25
2026-02-10 22:30:46.220 CET | INFO     | Line   81 (run_experiment_nl.py): true_negative: 0.024
2026-02-10 22:30:46.220 CET | INFO     | Line   81 (run_experiment_nl.py): false_positive: 0.005
2026-02-10 22:30:46.220 CET | INFO     | Line   81 (run_experiment_nl.py): false_negative: 0.72
2026-02-10 22:30:46.221 CET | INFO     | Line   81 (run_experiment_nl.py): recall: 0.258
2026-02-10 22:30:46.221 CET | INFO     | Line   81 (run_experiment_nl.py): specificity: 0.831
2026-02-10 22:30:46.221 CET | INFO     | Line   81 (run_experiment_nl.py): precision: 0.981
2026-02-10 22:30:46.221 CET | INFO     | Line   81 (run_experiment_nl.py): balanced_accuracy: 0.544
2026-02-10 22:30:46.221 CET | INFO     | Line   81 (run_experiment_nl.py): decision_boundary: 0.001
