2026-01-24 22:02:43.225 CET | INFO     | Line   27 (run_experiment_nl.py): ##################### Loading config parameters
2026-01-24 22:02:43.225 CET | INFO     | Line   17 (logging_utils.py): Config parameters:
2026-01-24 22:02:43.225 CET | INFO     | Line   18 (logging_utils.py): 
2026-01-24 22:02:43.225 CET | INFO     | Line   24 (logging_utils.py): hidden_dim: 64
2026-01-24 22:02:43.226 CET | INFO     | Line   24 (logging_utils.py): num_layers: 3
2026-01-24 22:02:43.226 CET | INFO     | Line   24 (logging_utils.py): device: cpu
2026-01-24 22:02:43.226 CET | INFO     | Line   24 (logging_utils.py): lr: 0.001
2026-01-24 22:02:43.226 CET | INFO     | Line   24 (logging_utils.py): epochs: 50
2026-01-24 22:02:43.226 CET | INFO     | Line   24 (logging_utils.py): batch_size: 32
2026-01-24 22:02:43.226 CET | INFO     | Line   24 (logging_utils.py): dataset: Cora
2026-01-24 22:02:43.226 CET | INFO     | Line   24 (logging_utils.py): is_logical: True
2026-01-24 22:02:43.226 CET | INFO     | Line   24 (logging_utils.py): constrains_filepath: constrains/data/Cora_auto_generated_2_101_102_103.json
2026-01-24 22:02:43.226 CET | INFO     | Line   22 (logging_utils.py): constrains_handler: NLRuleBasedHandler
2026-01-24 22:02:43.227 CET | INFO     | Line   24 (logging_utils.py): l_factor: 0.1
2026-01-24 22:02:43.227 CET | INFO     | Line   24 (logging_utils.py): save_logs: True
2026-01-24 22:02:43.227 CET | INFO     | Line   26 (logging_utils.py): 
2026-01-24 22:02:43.227 CET | INFO     | Line   27 (logging_utils.py): Training on model: NodeOCGINLossConstrains
2026-01-24 22:02:43.227 CET | INFO     | Line   28 (logging_utils.py): 
2026-01-24 22:02:43.227 CET | INFO     | Line   40 (run_experiment_nl.py): ##################### Loading data
2026-01-24 22:02:43.249 CET | INFO     | Line   44 (run_experiment_nl.py): ##################### creating model
2026-01-24 22:02:43.312 CET | INFO     | Line   50 (run_experiment_nl.py): ##################### staring training
2026-01-24 22:02:43.312 CET | INFO     | Line   53 (run_experiment_nl.py): setting up the logical constrains
2026-01-24 22:02:50.607 CET | DEBUG    | Line   81 (nl_ocgin.py): Epoch 049 | Loss 0.007576
2026-01-24 22:02:50.609 CET | INFO     | Line   64 (run_experiment_nl.py): ##################### computing scores
2026-01-24 22:02:50.883 CET | INFO     | Line   68 (run_experiment_nl.py): computed decision boundary on anomaly scores as 95% quantile:
2026-01-24 22:02:50.885 CET | INFO     | Line   70 (run_experiment_nl.py): tensor(0.0027)
2026-01-24 22:02:50.889 CET | INFO     | Line   72 (run_experiment_nl.py): Test anomaly scores:
2026-01-24 22:02:50.889 CET | INFO     | Line   73 (run_experiment_nl.py): tensor([0.0017, 0.0014, 0.0024, 0.0019, 0.0012, 0.0014, 0.0016, 0.0014, 0.0014,
        0.0020])
2026-01-24 22:02:50.891 CET | INFO     | Line   75 (run_experiment_nl.py): ##################### test rate: 
2026-01-24 22:02:50.892 CET | INFO     | Line   82 (run_experiment_nl.py): 0.2545304777594728
2026-01-24 22:02:50.894 CET | INFO     | Line   83 (run_experiment_nl.py): right classified: 618 out of 2428
