2026-03-04 22:17:25.505 CET | INFO     | Line   27 (run_experiment_nl.py): ##################### Loading config parameters
2026-03-04 22:17:25.506 CET | INFO     | Line   20 (logging_utils.py): Config parameters:
2026-03-04 22:17:25.506 CET | INFO     | Line   21 (logging_utils.py): 
2026-03-04 22:17:25.506 CET | INFO     | Line   27 (logging_utils.py): hidden_dim: 128
2026-03-04 22:17:25.506 CET | INFO     | Line   27 (logging_utils.py): num_layers: 2
2026-03-04 22:17:25.506 CET | INFO     | Line   27 (logging_utils.py): device: cpu
2026-03-04 22:17:25.506 CET | INFO     | Line   27 (logging_utils.py): lr: 0.001
2026-03-04 22:17:25.506 CET | INFO     | Line   27 (logging_utils.py): epochs: 50
2026-03-04 22:17:25.506 CET | INFO     | Line   27 (logging_utils.py): batch_size: 32
2026-03-04 22:17:25.507 CET | INFO     | Line   27 (logging_utils.py): dataset: Physics
2026-03-04 22:17:25.507 CET | INFO     | Line   27 (logging_utils.py): is_logical: False
2026-03-04 22:17:25.507 CET | INFO     | Line   27 (logging_utils.py): constrains_filepath: constrains/data/Physics_auto_generated_2_101_102_103.json
2026-03-04 22:17:25.507 CET | INFO     | Line   25 (logging_utils.py): constrains_handler: NLRuleBasedHandler
2026-03-04 22:17:25.507 CET | INFO     | Line   27 (logging_utils.py): l_factor: 0.1
2026-03-04 22:17:25.507 CET | INFO     | Line   27 (logging_utils.py): save_logs: True
2026-03-04 22:17:25.507 CET | INFO     | Line   29 (logging_utils.py): 
2026-03-04 22:17:25.507 CET | INFO     | Line   30 (logging_utils.py): Training on model: NodeOCGIN
2026-03-04 22:17:25.507 CET | INFO     | Line   31 (logging_utils.py): 
2026-03-04 22:17:25.507 CET | INFO     | Line   40 (run_experiment_nl.py): ##################### Loading data
2026-03-04 22:17:26.741 CET | INFO     | Line   44 (run_experiment_nl.py): ##################### creating model
2026-03-04 22:17:26.741 CET | INFO     | Line   48 (run_experiment_nl.py): dim features: 8415
2026-03-04 22:17:26.808 CET | INFO     | Line   51 (run_experiment_nl.py): ##################### staring training
2026-03-04 22:17:26.830 CET | ERROR    | Line   23 (run_experiment_nl.py): Failure
Traceback (most recent call last):

  File "<frozen runpy>", line 198, in _run_module_as_main
  File "<frozen runpy>", line 88, in _run_code

  File "/home/ana/stuff/1uni/bachlor/experiments/node_level/run_experiment_nl.py", line 119, in <module>
    experiment_logging_wrapper(config=config)
    │                                 └ {'hidden_dim': 128, 'num_layers': 2, 'device': 'cpu', 'lr': 0.001, 'epochs': 50, 'batch_size': 32, 'dataset': 'Physics', 'mod...
    └ <function experiment_logging_wrapper at 0x75f0dc144e00>

> File "/home/ana/stuff/1uni/bachlor/experiments/node_level/run_experiment_nl.py", line 21, in experiment_logging_wrapper
    return run_experiment(config)
           │              └ {'hidden_dim': 128, 'num_layers': 2, 'device': 'cpu', 'lr': 0.001, 'epochs': 50, 'batch_size': 32, 'dataset': 'Physics', 'mod...
           └ <function run_experiment at 0x75f01c9347c0>

  File "/home/ana/stuff/1uni/bachlor/experiments/node_level/run_experiment_nl.py", line 63, in run_experiment
    train_loop_func(model, data, train_mask, test_mask, epochs, lr)
    │               │      │     │           │          │       └ 0.001
    │               │      │     │           │          └ 50
    │               │      │     │           └ tensor([True, True, True,  ..., True, True, True])
    │               │      │     └ tensor([False, False, False,  ..., False, False, False])
    │               │      └ Data(x=[34493, 8415], edge_index=[2, 495924], y=[34493])
    │               └ NodeOCGIN(
    │                   (convs): ModuleList(
    │                     (0): GINConv(nn=Sequential(
    │                       (0): Linear(in_features=8415, out_features=128, bias=...
    └ <function train_node_ocgin at 0x75f01c934900>

  File "/home/ana/stuff/1uni/bachlor/models/simple_ocgin/node_level_ocgin.py", line 64, in train_node_ocgin
    model.init_center(data, train_mask)
    │     │           │     └ tensor([False, False, False,  ..., False, False, False])
    │     │           └ Data(x=[34493, 8415], edge_index=[2, 495924], y=[34493])
    │     └ <function NodeOCGIN.init_center at 0x75f00c0c0680>
    └ NodeOCGIN(
        (convs): ModuleList(
          (0): GINConv(nn=Sequential(
            (0): Linear(in_features=8415, out_features=128, bias=...

  File "/home/ana/stuff/1uni/venv/lib/python3.12/site-packages/torch/utils/_contextlib.py", line 116, in decorate_context
    return func(*args, **kwargs)
           │     │       └ {}
           │     └ (NodeOCGIN(
           │         (convs): ModuleList(
           │           (0): GINConv(nn=Sequential(
           │             (0): Linear(in_features=8415, out_features=128, bias...
           └ <function NodeOCGIN.init_center at 0x75f00e82fba0>

  File "/home/ana/stuff/1uni/bachlor/models/simple_ocgin/node_level_ocgin.py", line 50, in init_center
    z = self.forward(data)
        │    │       └ Data(x=[34493, 8415], edge_index=[2, 495924], y=[34493])
        │    └ <function NodeOCGIN.forward at 0x75f01c9a2660>
        └ NodeOCGIN(
            (convs): ModuleList(
              (0): GINConv(nn=Sequential(
                (0): Linear(in_features=8415, out_features=128, bias=...

  File "/home/ana/stuff/1uni/bachlor/models/simple_ocgin/node_level_ocgin.py", line 36, in forward
    x = conv(x, edge_index)
        │    │  └ tensor([[    0,     0,     0,  ..., 34492, 34492, 34492],
        │    │            [  183,   621,   742,  ..., 13302, 17389, 26020]])
        │    └ tensor([[0., 0., 0.,  ..., 0., 0., 0.],
        │              [0., 0., 0.,  ..., 0., 0., 0.],
        │              [0., 0., 0.,  ..., 0., 0., 0.],
        │           ...
        └ GINConv(nn=Sequential(
            (0): Linear(in_features=8415, out_features=128, bias=True)
            (1): ReLU()
            (2): Linear(in_features=1...

  File "/home/ana/stuff/1uni/venv/lib/python3.12/site-packages/torch/nn/modules/module.py", line 1736, in _wrapped_call_impl
    return self._call_impl(*args, **kwargs)
           │    │           │       └ {}
           │    │           └ (tensor([[0., 0., 0.,  ..., 0., 0., 0.],
           │    │                     [0., 0., 0.,  ..., 0., 0., 0.],
           │    │                     [0., 0., 0.,  ..., 0., 0., 0.],
           │    │                 ...
           │    └ <function Module._call_impl at 0x75f027d67b00>
           └ GINConv(nn=Sequential(
               (0): Linear(in_features=8415, out_features=128, bias=True)
               (1): ReLU()
               (2): Linear(in_features=1...
  File "/home/ana/stuff/1uni/venv/lib/python3.12/site-packages/torch/nn/modules/module.py", line 1747, in _call_impl
    return forward_call(*args, **kwargs)
           │             │       └ {}
           │             └ (tensor([[0., 0., 0.,  ..., 0., 0., 0.],
           │                       [0., 0., 0.,  ..., 0., 0., 0.],
           │                       [0., 0., 0.,  ..., 0., 0., 0.],
           │                   ...
           └ <bound method GINConv.forward of GINConv(nn=Sequential(
               (0): Linear(in_features=8415, out_features=128, bias=True)
               (1): R...
  File "/home/ana/stuff/1uni/venv/lib/python3.12/site-packages/torch_geometric/nn/conv/gin_conv.py", line 84, in forward
    out = self.propagate(edge_index, x=x, size=size)
          │    │         │             │       └ None
          │    │         │             └ (tensor([[0., 0., 0.,  ..., 0., 0., 0.],
          │    │         │                       [0., 0., 0.,  ..., 0., 0., 0.],
          │    │         │                       [0., 0., 0.,  ..., 0., 0., 0.],
          │    │         │                   ...
          │    │         └ tensor([[    0,     0,     0,  ..., 34492, 34492, 34492],
          │    │                   [  183,   621,   742,  ..., 13302, 17389, 26020]])
          │    └ <function propagate at 0x75f00c127ce0>
          └ GINConv(nn=Sequential(
              (0): Linear(in_features=8415, out_features=128, bias=True)
              (1): ReLU()
              (2): Linear(in_features=1...

  File "/tmp/torch_geometric.nn.conv.gin_conv_GINConv_propagate_bfmkoycx.py", line 173, in propagate
    kwargs = self.collect(
             │    └ <function collect at 0x75f00c127100>
             └ GINConv(nn=Sequential(
                 (0): Linear(in_features=8415, out_features=128, bias=True)
                 (1): ReLU()
                 (2): Linear(in_features=1...

  File "/tmp/torch_geometric.nn.conv.gin_conv_GINConv_propagate_bfmkoycx.py", line 83, in collect
    x_j = self._index_select(_x_0, edge_index_j)
          │    │             │     └ tensor([    0,     0,     0,  ..., 34492, 34492, 34492])
          │    │             └ tensor([[0., 0., 0.,  ..., 0., 0., 0.],
          │    │                       [0., 0., 0.,  ..., 0., 0., 0.],
          │    │                       [0., 0., 0.,  ..., 0., 0., 0.],
          │    │                    ...
          │    └ <function MessagePassing._index_select at 0x75f00e42ca40>
          └ GINConv(nn=Sequential(
              (0): Linear(in_features=8415, out_features=128, bias=True)
              (1): ReLU()
              (2): Linear(in_features=1...

  File "/home/ana/stuff/1uni/venv/lib/python3.12/site-packages/torch_geometric/nn/conv/message_passing.py", line 267, in _index_select
    return self._index_select_safe(src, index)
           │    │                  │    └ tensor([    0,     0,     0,  ..., 34492, 34492, 34492])
           │    │                  └ tensor([[0., 0., 0.,  ..., 0., 0., 0.],
           │    │                            [0., 0., 0.,  ..., 0., 0., 0.],
           │    │                            [0., 0., 0.,  ..., 0., 0., 0.],
           │    │                         ...
           │    └ <function MessagePassing._index_select_safe at 0x75f00e42cae0>
           └ GINConv(nn=Sequential(
               (0): Linear(in_features=8415, out_features=128, bias=True)
               (1): ReLU()
               (2): Linear(in_features=1...
  File "/home/ana/stuff/1uni/venv/lib/python3.12/site-packages/torch_geometric/nn/conv/message_passing.py", line 290, in _index_select_safe
    raise e
  File "/home/ana/stuff/1uni/venv/lib/python3.12/site-packages/torch_geometric/nn/conv/message_passing.py", line 271, in _index_select_safe
    return src.index_select(self.node_dim, index)
           │   │            │    │         └ tensor([    0,     0,     0,  ..., 34492, 34492, 34492])
           │   │            │    └ -2
           │   │            └ GINConv(nn=Sequential(
           │   │                (0): Linear(in_features=8415, out_features=128, bias=True)
           │   │                (1): ReLU()
           │   │                (2): Linear(in_features=1...
           │   └ <method 'index_select' of 'torch._C.TensorBase' objects>
           └ tensor([[0., 0., 0.,  ..., 0., 0., 0.],
                     [0., 0., 0.,  ..., 0., 0., 0.],
                     [0., 0., 0.,  ..., 0., 0., 0.],
                  ...

RuntimeError: [enforce fail at alloc_cpu.cpp:117] err == 0. DefaultCPUAllocator: can't allocate memory: you tried to allocate 16692801840 bytes. Error code 12 (Cannot allocate memory)
