2026-01-11 15:54:43.497 CET | INFO     | Line   24 (run_experiment_gl.py): ##################### Loading config parameters
2026-01-11 15:54:43.498 CET | INFO     | Line   16 (logging_utils.py): Config parameters:
2026-01-11 15:54:43.498 CET | INFO     | Line   17 (logging_utils.py): 
2026-01-11 15:54:43.498 CET | INFO     | Line   21 (logging_utils.py): hidden_dim: 64
2026-01-11 15:54:43.498 CET | INFO     | Line   21 (logging_utils.py): num_layers: 3
2026-01-11 15:54:43.498 CET | INFO     | Line   21 (logging_utils.py): device: cpu
2026-01-11 15:54:43.498 CET | INFO     | Line   21 (logging_utils.py): lr: 0.001
2026-01-11 15:54:43.498 CET | INFO     | Line   21 (logging_utils.py): epochs: 50
2026-01-11 15:54:43.498 CET | INFO     | Line   21 (logging_utils.py): batch_size: 32
2026-01-11 15:54:43.499 CET | INFO     | Line   21 (logging_utils.py): dataset: MUTAG
2026-01-11 15:54:43.499 CET | INFO     | Line   21 (logging_utils.py): is_logical: False
2026-01-11 15:54:43.499 CET | INFO     | Line   23 (logging_utils.py): 
2026-01-11 15:54:43.499 CET | INFO     | Line   24 (logging_utils.py): Training on model: GraphOCGIN
2026-01-11 15:54:43.499 CET | INFO     | Line   25 (logging_utils.py): 
2026-01-11 15:54:43.499 CET | INFO     | Line   37 (run_experiment_gl.py): ##################### Loading data
2026-01-11 15:54:43.543 CET | INFO     | Line   41 (run_experiment_gl.py): ##################### creating model
2026-01-11 15:54:43.543 CET | INFO     | Line   44 (run_experiment_gl.py): creating model with number of node features: 7
2026-01-11 15:54:43.597 CET | INFO     | Line   47 (run_experiment_gl.py): ##################### staring training
2026-01-11 15:54:43.625 CET | DEBUG    | Line   85 (graph_level_ocgin.py): Epoch 000 | Loss 0.007506
2026-01-11 15:54:43.642 CET | DEBUG    | Line   85 (graph_level_ocgin.py): Epoch 001 | Loss 0.006743
2026-01-11 15:54:43.657 CET | DEBUG    | Line   85 (graph_level_ocgin.py): Epoch 002 | Loss 0.003681
2026-01-11 15:54:43.671 CET | DEBUG    | Line   85 (graph_level_ocgin.py): Epoch 003 | Loss 0.003420
2026-01-11 15:54:43.688 CET | DEBUG    | Line   85 (graph_level_ocgin.py): Epoch 004 | Loss 0.002303
2026-01-11 15:54:43.704 CET | DEBUG    | Line   85 (graph_level_ocgin.py): Epoch 005 | Loss 0.001487
2026-01-11 15:54:43.721 CET | DEBUG    | Line   85 (graph_level_ocgin.py): Epoch 006 | Loss 0.001678
2026-01-11 15:54:43.738 CET | DEBUG    | Line   85 (graph_level_ocgin.py): Epoch 007 | Loss 0.001197
2026-01-11 15:54:43.755 CET | DEBUG    | Line   85 (graph_level_ocgin.py): Epoch 008 | Loss 0.001052
2026-01-11 15:54:43.771 CET | DEBUG    | Line   85 (graph_level_ocgin.py): Epoch 009 | Loss 0.000870
2026-01-11 15:54:43.788 CET | DEBUG    | Line   85 (graph_level_ocgin.py): Epoch 010 | Loss 0.000623
2026-01-11 15:54:43.805 CET | DEBUG    | Line   85 (graph_level_ocgin.py): Epoch 011 | Loss 0.000695
2026-01-11 15:54:43.822 CET | DEBUG    | Line   85 (graph_level_ocgin.py): Epoch 012 | Loss 0.000597
2026-01-11 15:54:43.838 CET | DEBUG    | Line   85 (graph_level_ocgin.py): Epoch 013 | Loss 0.000455
2026-01-11 15:54:43.855 CET | DEBUG    | Line   85 (graph_level_ocgin.py): Epoch 014 | Loss 0.000438
2026-01-11 15:54:43.871 CET | DEBUG    | Line   85 (graph_level_ocgin.py): Epoch 015 | Loss 0.000404
2026-01-11 15:54:43.888 CET | DEBUG    | Line   85 (graph_level_ocgin.py): Epoch 016 | Loss 0.000351
2026-01-11 15:54:43.905 CET | DEBUG    | Line   85 (graph_level_ocgin.py): Epoch 017 | Loss 0.000349
2026-01-11 15:54:43.922 CET | DEBUG    | Line   85 (graph_level_ocgin.py): Epoch 018 | Loss 0.000313
2026-01-11 15:54:43.938 CET | DEBUG    | Line   85 (graph_level_ocgin.py): Epoch 019 | Loss 0.000257
2026-01-11 15:54:43.955 CET | DEBUG    | Line   85 (graph_level_ocgin.py): Epoch 020 | Loss 0.000247
2026-01-11 15:54:43.971 CET | DEBUG    | Line   85 (graph_level_ocgin.py): Epoch 021 | Loss 0.000249
2026-01-11 15:54:43.988 CET | DEBUG    | Line   85 (graph_level_ocgin.py): Epoch 022 | Loss 0.000220
2026-01-11 15:54:44.005 CET | DEBUG    | Line   85 (graph_level_ocgin.py): Epoch 023 | Loss 0.000206
2026-01-11 15:54:44.021 CET | DEBUG    | Line   85 (graph_level_ocgin.py): Epoch 024 | Loss 0.000204
2026-01-11 15:54:44.038 CET | DEBUG    | Line   85 (graph_level_ocgin.py): Epoch 025 | Loss 0.000193
2026-01-11 15:54:44.055 CET | DEBUG    | Line   85 (graph_level_ocgin.py): Epoch 026 | Loss 0.000171
2026-01-11 15:54:44.073 CET | DEBUG    | Line   85 (graph_level_ocgin.py): Epoch 027 | Loss 0.000169
2026-01-11 15:54:44.091 CET | DEBUG    | Line   85 (graph_level_ocgin.py): Epoch 028 | Loss 0.000168
2026-01-11 15:54:44.111 CET | DEBUG    | Line   85 (graph_level_ocgin.py): Epoch 029 | Loss 0.000165
2026-01-11 15:54:44.129 CET | DEBUG    | Line   85 (graph_level_ocgin.py): Epoch 030 | Loss 0.000152
2026-01-11 15:54:44.147 CET | DEBUG    | Line   85 (graph_level_ocgin.py): Epoch 031 | Loss 0.000167
2026-01-11 15:54:44.167 CET | DEBUG    | Line   85 (graph_level_ocgin.py): Epoch 032 | Loss 0.000167
2026-01-11 15:54:44.184 CET | DEBUG    | Line   85 (graph_level_ocgin.py): Epoch 033 | Loss 0.000153
2026-01-11 15:54:44.203 CET | DEBUG    | Line   85 (graph_level_ocgin.py): Epoch 034 | Loss 0.000168
2026-01-11 15:54:44.221 CET | DEBUG    | Line   85 (graph_level_ocgin.py): Epoch 035 | Loss 0.000133
2026-01-11 15:54:44.239 CET | DEBUG    | Line   85 (graph_level_ocgin.py): Epoch 036 | Loss 0.000144
2026-01-11 15:54:44.254 CET | DEBUG    | Line   85 (graph_level_ocgin.py): Epoch 037 | Loss 0.000121
2026-01-11 15:54:44.271 CET | DEBUG    | Line   85 (graph_level_ocgin.py): Epoch 038 | Loss 0.000126
2026-01-11 15:54:44.290 CET | DEBUG    | Line   85 (graph_level_ocgin.py): Epoch 039 | Loss 0.000125
2026-01-11 15:54:44.305 CET | DEBUG    | Line   85 (graph_level_ocgin.py): Epoch 040 | Loss 0.000117
2026-01-11 15:54:44.323 CET | DEBUG    | Line   85 (graph_level_ocgin.py): Epoch 041 | Loss 0.000117
2026-01-11 15:54:44.337 CET | DEBUG    | Line   85 (graph_level_ocgin.py): Epoch 042 | Loss 0.000112
2026-01-11 15:54:44.354 CET | DEBUG    | Line   85 (graph_level_ocgin.py): Epoch 043 | Loss 0.000108
2026-01-11 15:54:44.371 CET | DEBUG    | Line   85 (graph_level_ocgin.py): Epoch 044 | Loss 0.000121
2026-01-11 15:54:44.388 CET | DEBUG    | Line   85 (graph_level_ocgin.py): Epoch 045 | Loss 0.000116
2026-01-11 15:54:44.405 CET | DEBUG    | Line   85 (graph_level_ocgin.py): Epoch 046 | Loss 0.000104
2026-01-11 15:54:44.421 CET | DEBUG    | Line   85 (graph_level_ocgin.py): Epoch 047 | Loss 0.000113
2026-01-11 15:54:44.438 CET | DEBUG    | Line   85 (graph_level_ocgin.py): Epoch 048 | Loss 0.000106
2026-01-11 15:54:44.455 CET | DEBUG    | Line   85 (graph_level_ocgin.py): Epoch 049 | Loss 0.000095
2026-01-11 15:54:44.455 CET | INFO     | Line   50 (run_experiment_gl.py): ##################### computing scores
2026-01-11 15:54:44.489 CET | INFO     | Line   54 (run_experiment_gl.py): computed decision boundary on anomaly scores as 95% quantile:
2026-01-11 15:54:44.490 CET | INFO     | Line   56 (run_experiment_gl.py): tensor(0.0003)
2026-01-11 15:54:44.492 CET | INFO     | Line   58 (run_experiment_gl.py): Test anomaly scores:
2026-01-11 15:54:44.492 CET | INFO     | Line   59 (run_experiment_gl.py): tensor([1.8656e-04, 6.5562e-05, 2.9059e-04, 3.4030e-05, 4.3511e-05, 2.4643e-05,
        3.6630e-05, 9.2906e-05, 5.4798e-05, 1.9277e-05])
2026-01-11 15:54:44.493 CET | INFO     | Line   61 (run_experiment_gl.py): ##################### test rate: 
2026-01-11 15:54:44.503 CET | INFO     | Line   71 (run_experiment_gl.py): 0.7536231884057971
2026-01-11 15:54:44.503 CET | INFO     | Line   72 (run_experiment_gl.py): right classified: 104 out of 138
