2026-02-03 22:59:59.791 CET | INFO     | Line   28 (run_experiment_gl.py): ##################### Loading config parameters
2026-02-03 22:59:59.792 CET | INFO     | Line   20 (logging_utils.py): Config parameters:
2026-02-03 22:59:59.792 CET | INFO     | Line   21 (logging_utils.py): 
2026-02-03 22:59:59.792 CET | INFO     | Line   27 (logging_utils.py): hidden_dim: 64
2026-02-03 22:59:59.792 CET | INFO     | Line   27 (logging_utils.py): num_layers: 3
2026-02-03 22:59:59.792 CET | INFO     | Line   27 (logging_utils.py): device: cpu
2026-02-03 22:59:59.792 CET | INFO     | Line   27 (logging_utils.py): lr: 0.001
2026-02-03 22:59:59.793 CET | INFO     | Line   27 (logging_utils.py): epochs: 50
2026-02-03 22:59:59.793 CET | INFO     | Line   27 (logging_utils.py): batch_size: 32
2026-02-03 22:59:59.793 CET | INFO     | Line   27 (logging_utils.py): dataset: MUTAG
2026-02-03 22:59:59.793 CET | INFO     | Line   27 (logging_utils.py): is_logical: False
2026-02-03 22:59:59.793 CET | INFO     | Line   27 (logging_utils.py): constrains_filepath: constrains/data/MUTAG_auto_generated_2_101_102.json
2026-02-03 22:59:59.793 CET | INFO     | Line   25 (logging_utils.py): constrains_handler: GLRuleBasedHandler
2026-02-03 22:59:59.793 CET | INFO     | Line   27 (logging_utils.py): l_factor: 0.1
2026-02-03 22:59:59.793 CET | INFO     | Line   27 (logging_utils.py): save_logs: True
2026-02-03 22:59:59.793 CET | INFO     | Line   29 (logging_utils.py): 
2026-02-03 22:59:59.794 CET | INFO     | Line   30 (logging_utils.py): Training on model: GraphOCGIN
2026-02-03 22:59:59.794 CET | INFO     | Line   31 (logging_utils.py): 
2026-02-03 22:59:59.794 CET | INFO     | Line   41 (run_experiment_gl.py): ##################### Loading data
2026-02-03 22:59:59.841 CET | INFO     | Line   45 (run_experiment_gl.py): ##################### creating model
2026-02-03 22:59:59.841 CET | INFO     | Line   48 (run_experiment_gl.py): creating model with number of node features: 7
2026-02-03 22:59:59.890 CET | INFO     | Line   51 (run_experiment_gl.py): ##################### staring training
2026-02-03 22:59:59.940 CET | DEBUG    | Line   85 (graph_level_ocgin.py): Epoch 000 | Loss 0.024929
2026-02-03 22:59:59.954 CET | DEBUG    | Line   85 (graph_level_ocgin.py): Epoch 001 | Loss 0.010760
2026-02-03 22:59:59.966 CET | DEBUG    | Line   85 (graph_level_ocgin.py): Epoch 002 | Loss 0.014772
2026-02-03 22:59:59.981 CET | DEBUG    | Line   85 (graph_level_ocgin.py): Epoch 003 | Loss 0.005594
2026-02-03 22:59:59.997 CET | DEBUG    | Line   85 (graph_level_ocgin.py): Epoch 004 | Loss 0.008575
2026-02-03 23:00:00.013 CET | DEBUG    | Line   85 (graph_level_ocgin.py): Epoch 005 | Loss 0.005298
2026-02-03 23:00:00.032 CET | DEBUG    | Line   85 (graph_level_ocgin.py): Epoch 006 | Loss 0.004492
2026-02-03 23:00:00.049 CET | DEBUG    | Line   85 (graph_level_ocgin.py): Epoch 007 | Loss 0.003742
2026-02-03 23:00:00.063 CET | DEBUG    | Line   85 (graph_level_ocgin.py): Epoch 008 | Loss 0.003310
2026-02-03 23:00:00.080 CET | DEBUG    | Line   85 (graph_level_ocgin.py): Epoch 009 | Loss 0.003243
2026-02-03 23:00:00.097 CET | DEBUG    | Line   85 (graph_level_ocgin.py): Epoch 010 | Loss 0.002279
2026-02-03 23:00:00.113 CET | DEBUG    | Line   85 (graph_level_ocgin.py): Epoch 011 | Loss 0.002227
2026-02-03 23:00:00.129 CET | DEBUG    | Line   85 (graph_level_ocgin.py): Epoch 012 | Loss 0.002296
2026-02-03 23:00:00.147 CET | DEBUG    | Line   85 (graph_level_ocgin.py): Epoch 013 | Loss 0.001726
2026-02-03 23:00:00.159 CET | DEBUG    | Line   85 (graph_level_ocgin.py): Epoch 014 | Loss 0.001498
2026-02-03 23:00:00.172 CET | DEBUG    | Line   85 (graph_level_ocgin.py): Epoch 015 | Loss 0.001551
2026-02-03 23:00:00.190 CET | DEBUG    | Line   85 (graph_level_ocgin.py): Epoch 016 | Loss 0.001364
2026-02-03 23:00:00.207 CET | DEBUG    | Line   85 (graph_level_ocgin.py): Epoch 017 | Loss 0.001188
2026-02-03 23:00:00.222 CET | DEBUG    | Line   85 (graph_level_ocgin.py): Epoch 018 | Loss 0.001149
2026-02-03 23:00:00.240 CET | DEBUG    | Line   85 (graph_level_ocgin.py): Epoch 019 | Loss 0.001024
2026-02-03 23:00:00.256 CET | DEBUG    | Line   85 (graph_level_ocgin.py): Epoch 020 | Loss 0.001047
2026-02-03 23:00:00.272 CET | DEBUG    | Line   85 (graph_level_ocgin.py): Epoch 021 | Loss 0.000944
2026-02-03 23:00:00.290 CET | DEBUG    | Line   85 (graph_level_ocgin.py): Epoch 022 | Loss 0.000889
2026-02-03 23:00:00.306 CET | DEBUG    | Line   85 (graph_level_ocgin.py): Epoch 023 | Loss 0.000847
2026-02-03 23:00:00.323 CET | DEBUG    | Line   85 (graph_level_ocgin.py): Epoch 024 | Loss 0.000778
2026-02-03 23:00:00.339 CET | DEBUG    | Line   85 (graph_level_ocgin.py): Epoch 025 | Loss 0.000799
2026-02-03 23:00:00.356 CET | DEBUG    | Line   85 (graph_level_ocgin.py): Epoch 026 | Loss 0.000759
2026-02-03 23:00:00.376 CET | DEBUG    | Line   85 (graph_level_ocgin.py): Epoch 027 | Loss 0.000751
2026-02-03 23:00:00.412 CET | DEBUG    | Line   85 (graph_level_ocgin.py): Epoch 028 | Loss 0.000627
2026-02-03 23:00:00.461 CET | DEBUG    | Line   85 (graph_level_ocgin.py): Epoch 029 | Loss 0.000710
2026-02-03 23:00:00.506 CET | DEBUG    | Line   85 (graph_level_ocgin.py): Epoch 030 | Loss 0.000665
2026-02-03 23:00:00.550 CET | DEBUG    | Line   85 (graph_level_ocgin.py): Epoch 031 | Loss 0.000780
2026-02-03 23:00:00.601 CET | DEBUG    | Line   85 (graph_level_ocgin.py): Epoch 032 | Loss 0.000572
2026-02-03 23:00:00.626 CET | DEBUG    | Line   85 (graph_level_ocgin.py): Epoch 033 | Loss 0.000641
2026-02-03 23:00:00.650 CET | DEBUG    | Line   85 (graph_level_ocgin.py): Epoch 034 | Loss 0.000544
2026-02-03 23:00:00.673 CET | DEBUG    | Line   85 (graph_level_ocgin.py): Epoch 035 | Loss 0.000528
2026-02-03 23:00:00.695 CET | DEBUG    | Line   85 (graph_level_ocgin.py): Epoch 036 | Loss 0.000549
2026-02-03 23:00:00.721 CET | DEBUG    | Line   85 (graph_level_ocgin.py): Epoch 037 | Loss 0.000537
2026-02-03 23:00:00.736 CET | DEBUG    | Line   85 (graph_level_ocgin.py): Epoch 038 | Loss 0.000485
2026-02-03 23:00:00.755 CET | DEBUG    | Line   85 (graph_level_ocgin.py): Epoch 039 | Loss 0.000498
2026-02-03 23:00:00.771 CET | DEBUG    | Line   85 (graph_level_ocgin.py): Epoch 040 | Loss 0.000489
2026-02-03 23:00:00.790 CET | DEBUG    | Line   85 (graph_level_ocgin.py): Epoch 041 | Loss 0.000513
2026-02-03 23:00:00.807 CET | DEBUG    | Line   85 (graph_level_ocgin.py): Epoch 042 | Loss 0.000573
2026-02-03 23:00:00.824 CET | DEBUG    | Line   85 (graph_level_ocgin.py): Epoch 043 | Loss 0.000481
2026-02-03 23:00:00.840 CET | DEBUG    | Line   85 (graph_level_ocgin.py): Epoch 044 | Loss 0.000482
2026-02-03 23:00:00.857 CET | DEBUG    | Line   85 (graph_level_ocgin.py): Epoch 045 | Loss 0.000454
2026-02-03 23:00:00.873 CET | DEBUG    | Line   85 (graph_level_ocgin.py): Epoch 046 | Loss 0.000480
2026-02-03 23:00:00.890 CET | DEBUG    | Line   85 (graph_level_ocgin.py): Epoch 047 | Loss 0.000465
2026-02-03 23:00:00.907 CET | DEBUG    | Line   85 (graph_level_ocgin.py): Epoch 048 | Loss 0.000456
2026-02-03 23:00:00.923 CET | DEBUG    | Line   85 (graph_level_ocgin.py): Epoch 049 | Loss 0.000423
2026-02-03 23:00:00.924 CET | INFO     | Line   65 (run_experiment_gl.py): ##################### computing scores
2026-02-03 23:00:00.965 CET | INFO     | Line   69 (run_experiment_gl.py): computed decision boundary on anomaly scores as 95% quantile:
2026-02-03 23:00:00.967 CET | INFO     | Line   72 (run_experiment_gl.py): tensor(0.0011)
2026-02-03 23:00:00.970 CET | INFO     | Line   75 (run_experiment_gl.py): Test anomaly scores:
2026-02-03 23:00:00.970 CET | INFO     | Line   76 (run_experiment_gl.py): tensor([2.1269e-03, 2.9564e-04, 9.0901e-05, 7.8613e-05, 9.0393e-05, 9.8981e-05,
        1.9218e-03, 1.8796e-04, 1.2367e-04, 1.1086e-04])
2026-02-03 23:00:00.971 CET | INFO     | Line   78 (run_experiment_gl.py): ##################### test rate: 
2026-02-03 23:00:00.985 CET | INFO     | Line   88 (run_experiment_gl.py): 0.7246376811594203
2026-02-03 23:00:00.985 CET | INFO     | Line   89 (run_experiment_gl.py): right classified: 100 out of 138
