2026-02-03 23:16:10.884 CET | INFO     | Line   28 (run_experiment_gl.py): ##################### Loading config parameters
2026-02-03 23:16:10.884 CET | INFO     | Line   20 (logging_utils.py): Config parameters:
2026-02-03 23:16:10.884 CET | INFO     | Line   21 (logging_utils.py): 
2026-02-03 23:16:10.884 CET | INFO     | Line   27 (logging_utils.py): hidden_dim: 64
2026-02-03 23:16:10.884 CET | INFO     | Line   27 (logging_utils.py): num_layers: 3
2026-02-03 23:16:10.884 CET | INFO     | Line   27 (logging_utils.py): device: cpu
2026-02-03 23:16:10.884 CET | INFO     | Line   27 (logging_utils.py): lr: 0.001
2026-02-03 23:16:10.884 CET | INFO     | Line   27 (logging_utils.py): epochs: 50
2026-02-03 23:16:10.884 CET | INFO     | Line   27 (logging_utils.py): batch_size: 32
2026-02-03 23:16:10.885 CET | INFO     | Line   27 (logging_utils.py): dataset: MUTAG
2026-02-03 23:16:10.885 CET | INFO     | Line   27 (logging_utils.py): is_logical: False
2026-02-03 23:16:10.885 CET | INFO     | Line   27 (logging_utils.py): constrains_filepath: constrains/data/MUTAG_auto_generated_2_101_102.json
2026-02-03 23:16:10.885 CET | INFO     | Line   25 (logging_utils.py): constrains_handler: GLRuleBasedHandler
2026-02-03 23:16:10.885 CET | INFO     | Line   27 (logging_utils.py): l_factor: 0.1
2026-02-03 23:16:10.885 CET | INFO     | Line   27 (logging_utils.py): save_logs: True
2026-02-03 23:16:10.885 CET | INFO     | Line   29 (logging_utils.py): 
2026-02-03 23:16:10.885 CET | INFO     | Line   30 (logging_utils.py): Training on model: GraphOCGIN
2026-02-03 23:16:10.885 CET | INFO     | Line   31 (logging_utils.py): 
2026-02-03 23:16:10.885 CET | INFO     | Line   41 (run_experiment_gl.py): ##################### Loading data
2026-02-03 23:16:10.894 CET | ERROR    | Line   24 (run_experiment_gl.py): Failure
Traceback (most recent call last):

  File "<frozen runpy>", line 198, in _run_module_as_main
  File "<frozen runpy>", line 88, in _run_code

  File "/home/ana/stuff/1uni/bachlor/experiments/graph_level/run_experiment_gl.py", line 113, in <module>
    experiment_logging_wrapper(config)
    │                          └ {'hidden_dim': 64, 'num_layers': 3, 'device': 'cpu', 'lr': 0.001, 'epochs': 50, 'batch_size': 32, 'dataset': 'MUTAG', 'model_...
    └ <function experiment_logging_wrapper at 0x7edb55f48e00>

> File "/home/ana/stuff/1uni/bachlor/experiments/graph_level/run_experiment_gl.py", line 22, in experiment_logging_wrapper
    run_experiment(config)
    │              └ {'hidden_dim': 64, 'num_layers': 3, 'device': 'cpu', 'lr': 0.001, 'epochs': 50, 'batch_size': 32, 'dataset': 'MUTAG', 'model_...
    └ <function run_experiment at 0x7eda85faeb60>

  File "/home/ana/stuff/1uni/bachlor/experiments/graph_level/run_experiment_gl.py", line 42, in run_experiment
    dataset, _ = get_data(dataset_name, batch_size)
                 │        │             └ 32
                 │        └ 'MUTAG'
                 └ <function get_data at 0x7edb55469d00>

  File "/home/ana/stuff/1uni/bachlor/experiments/graph_level/data_loader_gl.py", line 28, in get_data
    loader = DataLoader(dataset, batch_size=batch_size, shuffle=True)
             │          │                   └ 32
             │          └ <unprintable IndexedDataset object>
             └ <class 'torch_geometric.loader.dataloader.DataLoader'>

  File "/home/ana/stuff/1uni/venv/lib/python3.12/site-packages/torch_geometric/loader/dataloader.py", line 87, in __init__
    super().__init__(
  File "/home/ana/stuff/1uni/venv/lib/python3.12/site-packages/torch/utils/data/dataloader.py", line 376, in __init__
    sampler = RandomSampler(dataset, generator=generator)  # type: ignore[arg-type]
              │             │                  └ None
              │             └ <unprintable IndexedDataset object>
              └ <class 'torch.utils.data.sampler.RandomSampler'>
  File "/home/ana/stuff/1uni/venv/lib/python3.12/site-packages/torch/utils/data/sampler.py", line 163, in __init__
    if not isinstance(self.num_samples, int) or self.num_samples <= 0:
                      │    │                    │    └ <property object at 0x7edaa21649f0>
                      │    │                    └ <torch.utils.data.sampler.RandomSampler object at 0x7eda86d599d0>
                      │    └ <property object at 0x7edaa21649f0>
                      └ <torch.utils.data.sampler.RandomSampler object at 0x7eda86d599d0>
  File "/home/ana/stuff/1uni/venv/lib/python3.12/site-packages/torch/utils/data/sampler.py", line 172, in num_samples
    return len(self.data_source)
               │    └ <unprintable IndexedDataset object>
               └ <torch.utils.data.sampler.RandomSampler object at 0x7eda86d599d0>
  File "/home/ana/stuff/1uni/venv/lib/python3.12/site-packages/torch_geometric/data/dataset.py", line 277, in __len__
    return len(self.indices())
               │    └ <function Dataset.indices at 0x7eda88754680>
               └ <unprintable IndexedDataset object>
  File "/home/ana/stuff/1uni/venv/lib/python3.12/site-packages/torch_geometric/data/dataset.py", line 118, in indices
    return range(self.len()) if self._indices is None else self._indices
                 │    │         │                          └ <unprintable IndexedDataset object>
                 │    │         └ <unprintable IndexedDataset object>
                 │    └ <function IndexedDataset.len at 0x7eda85fae340>
                 └ <unprintable IndexedDataset object>

AttributeError: 'IndexedDataset' object has no attribute '_indices'. Did you mean: 'indices'?
