2026-02-15 11:43:44.681 CET | INFO     | Line   31 (run_experiment_gl.py): ##################### Loading config parameters
2026-02-15 11:43:44.681 CET | INFO     | Line   20 (logging_utils.py): Config parameters:
2026-02-15 11:43:44.681 CET | INFO     | Line   21 (logging_utils.py): 
2026-02-15 11:43:44.681 CET | INFO     | Line   27 (logging_utils.py): hidden_dim: 64
2026-02-15 11:43:44.682 CET | INFO     | Line   27 (logging_utils.py): num_layers: 3
2026-02-15 11:43:44.682 CET | INFO     | Line   27 (logging_utils.py): device: cpu
2026-02-15 11:43:44.682 CET | INFO     | Line   27 (logging_utils.py): lr: 0.001
2026-02-15 11:43:44.682 CET | INFO     | Line   27 (logging_utils.py): epochs: 50
2026-02-15 11:43:44.682 CET | INFO     | Line   27 (logging_utils.py): batch_size: 32
2026-02-15 11:43:44.682 CET | INFO     | Line   27 (logging_utils.py): dataset: MUTAG
2026-02-15 11:43:44.682 CET | INFO     | Line   27 (logging_utils.py): is_logical: True
2026-02-15 11:43:44.683 CET | INFO     | Line   27 (logging_utils.py): constrains_filepath: constrains/data/MUTAG_auto_generated_2_101_102.json
2026-02-15 11:43:44.683 CET | INFO     | Line   25 (logging_utils.py): constrains_handler: GLRuleBasedHandler
2026-02-15 11:43:44.683 CET | INFO     | Line   27 (logging_utils.py): l_factor: 0.1
2026-02-15 11:43:44.683 CET | INFO     | Line   27 (logging_utils.py): save_logs: True
2026-02-15 11:43:44.683 CET | INFO     | Line   29 (logging_utils.py): 
2026-02-15 11:43:44.683 CET | INFO     | Line   30 (logging_utils.py): Training on model: GraphOCGINLossConstrains
2026-02-15 11:43:44.684 CET | INFO     | Line   31 (logging_utils.py): 
2026-02-15 11:43:44.684 CET | INFO     | Line   44 (run_experiment_gl.py): ##################### Loading data
2026-02-15 11:43:44.744 CET | INFO     | Line   48 (run_experiment_gl.py): ##################### creating model
2026-02-15 11:43:44.745 CET | INFO     | Line   51 (run_experiment_gl.py): creating model with number of node features: 7
2026-02-15 11:43:44.822 CET | INFO     | Line   54 (run_experiment_gl.py): ##################### staring training
2026-02-15 11:43:44.822 CET | INFO     | Line   56 (run_experiment_gl.py): setting up the logical constrains
2026-02-15 11:43:45.077 CET | DEBUG    | Line  104 (gl_ocgin.py): Epoch 000 | Loss 0.005782
2026-02-15 11:43:45.520 CET | DEBUG    | Line  104 (gl_ocgin.py): Epoch 010 | Loss 0.004304
2026-02-15 11:43:45.953 CET | DEBUG    | Line  104 (gl_ocgin.py): Epoch 020 | Loss 0.004209
2026-02-15 11:43:46.224 CET | DEBUG    | Line  104 (gl_ocgin.py): Epoch 030 | Loss 0.004186
2026-02-15 11:43:46.444 CET | DEBUG    | Line  104 (gl_ocgin.py): Epoch 040 | Loss 0.004178
2026-02-15 11:43:46.636 CET | INFO     | Line   68 (run_experiment_gl.py): ##################### computing scores
2026-02-15 11:43:46.701 CET | INFO     | Line   73 (run_experiment_gl.py): computed decision boundary on anomaly scores as 95% quantile:
2026-02-15 11:43:46.817 CET | INFO     | Line   77 (run_experiment_gl.py): Test anomaly scores:
2026-02-15 11:43:46.817 CET | INFO     | Line   78 (run_experiment_gl.py): tensor([3.3176e-04, 2.5251e-05, 4.0240e-05, 1.6694e-05, 1.8451e-05, 1.6586e-05,
        9.0034e-05, 1.8793e-05, 1.5943e-04, 2.5452e-05])
2026-02-15 11:43:46.820 CET | INFO     | Line   80 (run_experiment_gl.py): 
2026-02-15 11:43:46.820 CET | INFO     | Line   81 (run_experiment_gl.py): ##################### testing: 
2026-02-15 11:43:46.851 CET | INFO     | Line   87 (run_experiment_gl.py): test_rate: 0.783
2026-02-15 11:43:46.852 CET | INFO     | Line   87 (run_experiment_gl.py): true_positive: 97
2026-02-15 11:43:46.852 CET | INFO     | Line   87 (run_experiment_gl.py): true_negative: 11
2026-02-15 11:43:46.852 CET | INFO     | Line   87 (run_experiment_gl.py): false_positive: 2
2026-02-15 11:43:46.852 CET | INFO     | Line   87 (run_experiment_gl.py): false_negative: 28
2026-02-15 11:43:46.852 CET | INFO     | Line   87 (run_experiment_gl.py): recall: 0.776
2026-02-15 11:43:46.853 CET | INFO     | Line   87 (run_experiment_gl.py): specificity: 0.846
2026-02-15 11:43:46.853 CET | INFO     | Line   87 (run_experiment_gl.py): precision: 0.98
2026-02-15 11:43:46.854 CET | INFO     | Line   87 (run_experiment_gl.py): balanced_accuracy: 0.811
2026-02-15 11:43:46.854 CET | INFO     | Line   87 (run_experiment_gl.py): FPR: 0.154
2026-02-15 11:43:46.854 CET | INFO     | Line   87 (run_experiment_gl.py): decision_boundary: 0.0
