2026-02-03 23:45:24.120 CET | INFO     | Line   28 (run_experiment_gl.py): ##################### Loading config parameters
2026-02-03 23:45:24.126 CET | INFO     | Line   20 (logging_utils.py): Config parameters:
2026-02-03 23:45:24.134 CET | INFO     | Line   21 (logging_utils.py): 
2026-02-03 23:45:24.141 CET | INFO     | Line   27 (logging_utils.py): hidden_dim: 256
2026-02-03 23:45:24.150 CET | INFO     | Line   27 (logging_utils.py): num_layers: 5
2026-02-03 23:45:24.157 CET | INFO     | Line   27 (logging_utils.py): device: cpu
2026-02-03 23:45:24.164 CET | INFO     | Line   27 (logging_utils.py): lr: 0.001
2026-02-03 23:45:24.171 CET | INFO     | Line   27 (logging_utils.py): epochs: 50
2026-02-03 23:45:24.178 CET | INFO     | Line   27 (logging_utils.py): batch_size: 32
2026-02-03 23:45:24.184 CET | INFO     | Line   27 (logging_utils.py): dataset: MUTAG
2026-02-03 23:45:24.191 CET | INFO     | Line   27 (logging_utils.py): is_logical: True
2026-02-03 23:45:24.198 CET | INFO     | Line   27 (logging_utils.py): constrains_filepath: constrains/data/MUTAG_auto_generated_2_101_102.json
2026-02-03 23:45:24.205 CET | INFO     | Line   25 (logging_utils.py): constrains_handler: GLRuleBasedHandler
2026-02-03 23:45:24.215 CET | INFO     | Line   27 (logging_utils.py): l_factor: 0.005
2026-02-03 23:45:24.233 CET | INFO     | Line   27 (logging_utils.py): save_logs: True
2026-02-03 23:45:24.252 CET | INFO     | Line   29 (logging_utils.py): 
2026-02-03 23:45:24.259 CET | INFO     | Line   30 (logging_utils.py): Training on model: GraphOCGINLossConstrains
2026-02-03 23:45:24.268 CET | INFO     | Line   31 (logging_utils.py): 
2026-02-03 23:45:24.276 CET | INFO     | Line   41 (run_experiment_gl.py): ##################### Loading data
2026-02-03 23:45:24.333 CET | INFO     | Line   45 (run_experiment_gl.py): ##################### creating model
2026-02-03 23:45:24.340 CET | INFO     | Line   48 (run_experiment_gl.py): creating model with number of node features: 7
2026-02-03 23:45:24.367 CET | INFO     | Line   51 (run_experiment_gl.py): ##################### staring training
2026-02-03 23:45:24.374 CET | INFO     | Line   53 (run_experiment_gl.py): setting up the logical constrains
2026-02-03 23:45:24.687 CET | DEBUG    | Line   90 (gl_ocgin.py): Epoch 000 | Loss 0.004918
2026-02-03 23:45:25.390 CET | DEBUG    | Line   90 (gl_ocgin.py): Epoch 010 | Loss 0.000581
2026-02-03 23:45:25.906 CET | DEBUG    | Line   90 (gl_ocgin.py): Epoch 020 | Loss 0.000510
2026-02-03 23:45:26.529 CET | DEBUG    | Line   90 (gl_ocgin.py): Epoch 030 | Loss 0.000501
2026-02-03 23:45:27.016 CET | DEBUG    | Line   90 (gl_ocgin.py): Epoch 040 | Loss 0.000500
2026-02-03 23:45:27.499 CET | INFO     | Line   65 (run_experiment_gl.py): ##################### computing scores
2026-02-03 23:45:27.597 CET | INFO     | Line   69 (run_experiment_gl.py): computed decision boundary on anomaly scores as 95% quantile:
2026-02-03 23:45:27.604 CET | INFO     | Line   72 (run_experiment_gl.py): tensor(0.0033)
2026-02-03 23:45:27.613 CET | INFO     | Line   75 (run_experiment_gl.py): Test anomaly scores:
2026-02-03 23:45:27.622 CET | INFO     | Line   76 (run_experiment_gl.py): tensor([0.0033, 0.0033, 0.0032, 0.0033, 0.0033, 0.0032, 0.0032, 0.0032, 0.0033,
        0.0033])
2026-02-03 23:45:27.632 CET | INFO     | Line   78 (run_experiment_gl.py): ##################### test rate: 
2026-02-03 23:45:27.651 CET | INFO     | Line   88 (run_experiment_gl.py): 0.6376811594202898
2026-02-03 23:45:27.655 CET | INFO     | Line   89 (run_experiment_gl.py): right classified: 88 out of 138
2026-02-03 23:45:27.673 CET | INFO     | Line   28 (run_experiment_gl.py): ##################### Loading config parameters
2026-02-03 23:45:27.682 CET | INFO     | Line   20 (logging_utils.py): Config parameters:
2026-02-03 23:45:27.688 CET | INFO     | Line   21 (logging_utils.py): 
2026-02-03 23:45:27.697 CET | INFO     | Line   27 (logging_utils.py): hidden_dim: 256
2026-02-03 23:45:27.704 CET | INFO     | Line   27 (logging_utils.py): num_layers: 5
2026-02-03 23:45:27.710 CET | INFO     | Line   27 (logging_utils.py): device: cpu
2026-02-03 23:45:27.717 CET | INFO     | Line   27 (logging_utils.py): lr: 0.001
2026-02-03 23:45:27.722 CET | INFO     | Line   27 (logging_utils.py): epochs: 50
2026-02-03 23:45:27.726 CET | INFO     | Line   27 (logging_utils.py): batch_size: 32
2026-02-03 23:45:27.732 CET | INFO     | Line   27 (logging_utils.py): dataset: MUTAG
2026-02-03 23:45:27.737 CET | INFO     | Line   27 (logging_utils.py): is_logical: True
2026-02-03 23:45:27.742 CET | INFO     | Line   27 (logging_utils.py): constrains_filepath: constrains/data/MUTAG_auto_generated_2_101_102.json
2026-02-03 23:45:27.748 CET | INFO     | Line   25 (logging_utils.py): constrains_handler: GLRuleBasedHandler
2026-02-03 23:45:27.752 CET | INFO     | Line   27 (logging_utils.py): l_factor: 0.001
2026-02-03 23:45:27.758 CET | INFO     | Line   27 (logging_utils.py): save_logs: True
2026-02-03 23:45:27.763 CET | INFO     | Line   29 (logging_utils.py): 
2026-02-03 23:45:27.768 CET | INFO     | Line   30 (logging_utils.py): Training on model: GraphOCGINLossConstrains
2026-02-03 23:45:27.773 CET | INFO     | Line   31 (logging_utils.py): 
2026-02-03 23:45:27.778 CET | INFO     | Line   41 (run_experiment_gl.py): ##################### Loading data
2026-02-03 23:45:27.832 CET | INFO     | Line   45 (run_experiment_gl.py): ##################### creating model
2026-02-03 23:45:27.837 CET | INFO     | Line   48 (run_experiment_gl.py): creating model with number of node features: 7
2026-02-03 23:45:27.861 CET | INFO     | Line   51 (run_experiment_gl.py): ##################### staring training
2026-02-03 23:45:27.866 CET | INFO     | Line   53 (run_experiment_gl.py): setting up the logical constrains
2026-02-03 23:45:28.050 CET | DEBUG    | Line   90 (gl_ocgin.py): Epoch 000 | Loss 0.003359
2026-02-03 23:45:28.810 CET | DEBUG    | Line   90 (gl_ocgin.py): Epoch 010 | Loss 0.000126
2026-02-03 23:45:29.392 CET | DEBUG    | Line   90 (gl_ocgin.py): Epoch 020 | Loss 0.000087
2026-02-03 23:45:30.251 CET | DEBUG    | Line   90 (gl_ocgin.py): Epoch 030 | Loss 0.000081
2026-02-03 23:45:30.902 CET | DEBUG    | Line   90 (gl_ocgin.py): Epoch 040 | Loss 0.000081
2026-02-03 23:45:31.410 CET | INFO     | Line   65 (run_experiment_gl.py): ##################### computing scores
2026-02-03 23:45:31.550 CET | INFO     | Line   69 (run_experiment_gl.py): computed decision boundary on anomaly scores as 95% quantile:
2026-02-03 23:45:31.558 CET | INFO     | Line   72 (run_experiment_gl.py): tensor(0.0005)
2026-02-03 23:45:31.569 CET | INFO     | Line   75 (run_experiment_gl.py): Test anomaly scores:
2026-02-03 23:45:31.585 CET | INFO     | Line   76 (run_experiment_gl.py): tensor([0.0005, 0.0005, 0.0005, 0.0005, 0.0005, 0.0005, 0.0005, 0.0005, 0.0005,
        0.0005])
2026-02-03 23:45:31.598 CET | INFO     | Line   78 (run_experiment_gl.py): ##################### test rate: 
2026-02-03 23:45:31.631 CET | INFO     | Line   88 (run_experiment_gl.py): 0.7391304347826086
2026-02-03 23:45:31.637 CET | INFO     | Line   89 (run_experiment_gl.py): right classified: 102 out of 138
2026-02-03 23:45:31.666 CET | INFO     | Line   28 (run_experiment_gl.py): ##################### Loading config parameters
2026-02-03 23:45:31.674 CET | INFO     | Line   20 (logging_utils.py): Config parameters:
2026-02-03 23:45:31.687 CET | INFO     | Line   21 (logging_utils.py): 
2026-02-03 23:45:31.698 CET | INFO     | Line   27 (logging_utils.py): hidden_dim: 256
2026-02-03 23:45:31.707 CET | INFO     | Line   27 (logging_utils.py): num_layers: 5
2026-02-03 23:45:31.715 CET | INFO     | Line   27 (logging_utils.py): device: cpu
2026-02-03 23:45:31.723 CET | INFO     | Line   27 (logging_utils.py): lr: 0.001
2026-02-03 23:45:31.733 CET | INFO     | Line   27 (logging_utils.py): epochs: 50
2026-02-03 23:45:31.740 CET | INFO     | Line   27 (logging_utils.py): batch_size: 32
2026-02-03 23:45:31.747 CET | INFO     | Line   27 (logging_utils.py): dataset: MUTAG
2026-02-03 23:45:31.754 CET | INFO     | Line   27 (logging_utils.py): is_logical: True
2026-02-03 23:45:31.764 CET | INFO     | Line   27 (logging_utils.py): constrains_filepath: constrains/data/MUTAG_auto_generated_3_101_102.json
2026-02-03 23:45:31.774 CET | INFO     | Line   25 (logging_utils.py): constrains_handler: GLRuleBasedHandler
2026-02-03 23:45:31.782 CET | INFO     | Line   27 (logging_utils.py): l_factor: 0.1
2026-02-03 23:45:31.791 CET | INFO     | Line   27 (logging_utils.py): save_logs: True
2026-02-03 23:45:31.798 CET | INFO     | Line   29 (logging_utils.py): 
2026-02-03 23:45:31.805 CET | INFO     | Line   30 (logging_utils.py): Training on model: GraphOCGINLossConstrains
2026-02-03 23:45:31.816 CET | INFO     | Line   31 (logging_utils.py): 
2026-02-03 23:45:31.823 CET | INFO     | Line   41 (run_experiment_gl.py): ##################### Loading data
2026-02-03 23:45:31.894 CET | INFO     | Line   45 (run_experiment_gl.py): ##################### creating model
2026-02-03 23:45:31.902 CET | INFO     | Line   48 (run_experiment_gl.py): creating model with number of node features: 7
2026-02-03 23:45:31.928 CET | INFO     | Line   51 (run_experiment_gl.py): ##################### staring training
2026-02-03 23:45:31.937 CET | INFO     | Line   53 (run_experiment_gl.py): setting up the logical constrains
2026-02-03 23:45:32.116 CET | DEBUG    | Line   90 (gl_ocgin.py): Epoch 000 | Loss 0.009734
2026-02-03 23:45:33.009 CET | DEBUG    | Line   90 (gl_ocgin.py): Epoch 010 | Loss 0.004000
2026-02-03 23:45:33.598 CET | DEBUG    | Line   90 (gl_ocgin.py): Epoch 020 | Loss 0.003904
2026-02-03 23:45:34.110 CET | DEBUG    | Line   90 (gl_ocgin.py): Epoch 030 | Loss 0.003893
2026-02-03 23:45:34.665 CET | DEBUG    | Line   90 (gl_ocgin.py): Epoch 040 | Loss 0.003891
2026-02-03 23:45:35.112 CET | INFO     | Line   65 (run_experiment_gl.py): ##################### computing scores
2026-02-03 23:45:35.198 CET | INFO     | Line   69 (run_experiment_gl.py): computed decision boundary on anomaly scores as 95% quantile:
2026-02-03 23:45:35.205 CET | INFO     | Line   72 (run_experiment_gl.py): tensor(0.0020)
2026-02-03 23:45:35.212 CET | INFO     | Line   75 (run_experiment_gl.py): Test anomaly scores:
2026-02-03 23:45:35.216 CET | INFO     | Line   76 (run_experiment_gl.py): tensor([0.0020, 0.0020, 0.0020, 0.0020, 0.0020, 0.0020, 0.0020, 0.0020, 0.0020,
        0.0020])
2026-02-03 23:45:35.220 CET | INFO     | Line   78 (run_experiment_gl.py): ##################### test rate: 
2026-02-03 23:45:35.239 CET | INFO     | Line   88 (run_experiment_gl.py): 0.6376811594202898
2026-02-03 23:45:35.243 CET | INFO     | Line   89 (run_experiment_gl.py): right classified: 88 out of 138
2026-02-03 23:45:35.257 CET | INFO     | Line   28 (run_experiment_gl.py): ##################### Loading config parameters
2026-02-03 23:45:35.263 CET | INFO     | Line   20 (logging_utils.py): Config parameters:
2026-02-03 23:45:35.270 CET | INFO     | Line   21 (logging_utils.py): 
2026-02-03 23:45:35.274 CET | INFO     | Line   27 (logging_utils.py): hidden_dim: 256
2026-02-03 23:45:35.279 CET | INFO     | Line   27 (logging_utils.py): num_layers: 5
2026-02-03 23:45:35.284 CET | INFO     | Line   27 (logging_utils.py): device: cpu
2026-02-03 23:45:35.288 CET | INFO     | Line   27 (logging_utils.py): lr: 0.001
2026-02-03 23:45:35.295 CET | INFO     | Line   27 (logging_utils.py): epochs: 50
2026-02-03 23:45:35.302 CET | INFO     | Line   27 (logging_utils.py): batch_size: 32
2026-02-03 23:45:35.306 CET | INFO     | Line   27 (logging_utils.py): dataset: MUTAG
2026-02-03 23:45:35.312 CET | INFO     | Line   27 (logging_utils.py): is_logical: True
2026-02-03 23:45:35.316 CET | INFO     | Line   27 (logging_utils.py): constrains_filepath: constrains/data/MUTAG_auto_generated_3_101_102.json
2026-02-03 23:45:35.321 CET | INFO     | Line   25 (logging_utils.py): constrains_handler: GLRuleBasedHandler
2026-02-03 23:45:35.326 CET | INFO     | Line   27 (logging_utils.py): l_factor: 0.01
2026-02-03 23:45:35.332 CET | INFO     | Line   27 (logging_utils.py): save_logs: True
2026-02-03 23:45:35.336 CET | INFO     | Line   29 (logging_utils.py): 
2026-02-03 23:45:35.340 CET | INFO     | Line   30 (logging_utils.py): Training on model: GraphOCGINLossConstrains
2026-02-03 23:45:35.346 CET | INFO     | Line   31 (logging_utils.py): 
2026-02-03 23:45:35.350 CET | INFO     | Line   41 (run_experiment_gl.py): ##################### Loading data
2026-02-03 23:45:35.393 CET | INFO     | Line   45 (run_experiment_gl.py): ##################### creating model
2026-02-03 23:45:35.400 CET | INFO     | Line   48 (run_experiment_gl.py): creating model with number of node features: 7
2026-02-03 23:45:35.422 CET | INFO     | Line   51 (run_experiment_gl.py): ##################### staring training
2026-02-03 23:45:35.429 CET | INFO     | Line   53 (run_experiment_gl.py): setting up the logical constrains
2026-02-03 23:45:35.589 CET | DEBUG    | Line   90 (gl_ocgin.py): Epoch 000 | Loss 0.004716
2026-02-03 23:45:36.311 CET | DEBUG    | Line   90 (gl_ocgin.py): Epoch 010 | Loss 0.000948
2026-02-03 23:45:36.837 CET | DEBUG    | Line   90 (gl_ocgin.py): Epoch 020 | Loss 0.000904
2026-02-03 23:45:37.372 CET | DEBUG    | Line   90 (gl_ocgin.py): Epoch 030 | Loss 0.000898
2026-02-03 23:45:37.969 CET | DEBUG    | Line   90 (gl_ocgin.py): Epoch 040 | Loss 0.000897
2026-02-03 23:45:38.403 CET | INFO     | Line   65 (run_experiment_gl.py): ##################### computing scores
2026-02-03 23:45:38.490 CET | INFO     | Line   69 (run_experiment_gl.py): computed decision boundary on anomaly scores as 95% quantile:
2026-02-03 23:45:38.494 CET | INFO     | Line   72 (run_experiment_gl.py): tensor(0.0048)
2026-02-03 23:45:38.501 CET | INFO     | Line   75 (run_experiment_gl.py): Test anomaly scores:
2026-02-03 23:45:38.509 CET | INFO     | Line   76 (run_experiment_gl.py): tensor([0.0048, 0.0048, 0.0048, 0.0048, 0.0048, 0.0048, 0.0048, 0.0048, 0.0048,
        0.0048])
2026-02-03 23:45:38.516 CET | INFO     | Line   78 (run_experiment_gl.py): ##################### test rate: 
2026-02-03 23:45:38.533 CET | INFO     | Line   88 (run_experiment_gl.py): 0.6521739130434783
2026-02-03 23:45:38.538 CET | INFO     | Line   89 (run_experiment_gl.py): right classified: 90 out of 138
2026-02-03 23:45:38.554 CET | INFO     | Line   28 (run_experiment_gl.py): ##################### Loading config parameters
2026-02-03 23:45:38.559 CET | INFO     | Line   20 (logging_utils.py): Config parameters:
2026-02-03 23:45:38.564 CET | INFO     | Line   21 (logging_utils.py): 
2026-02-03 23:45:38.569 CET | INFO     | Line   27 (logging_utils.py): hidden_dim: 256
2026-02-03 23:45:38.573 CET | INFO     | Line   27 (logging_utils.py): num_layers: 5
2026-02-03 23:45:38.581 CET | INFO     | Line   27 (logging_utils.py): device: cpu
2026-02-03 23:45:38.587 CET | INFO     | Line   27 (logging_utils.py): lr: 0.001
2026-02-03 23:45:38.594 CET | INFO     | Line   27 (logging_utils.py): epochs: 50
2026-02-03 23:45:38.601 CET | INFO     | Line   27 (logging_utils.py): batch_size: 32
2026-02-03 23:45:38.605 CET | INFO     | Line   27 (logging_utils.py): dataset: MUTAG
2026-02-03 23:45:38.613 CET | INFO     | Line   27 (logging_utils.py): is_logical: True
2026-02-03 23:45:38.619 CET | INFO     | Line   27 (logging_utils.py): constrains_filepath: constrains/data/MUTAG_auto_generated_3_101_102.json
2026-02-03 23:45:38.623 CET | INFO     | Line   25 (logging_utils.py): constrains_handler: GLRuleBasedHandler
2026-02-03 23:45:38.629 CET | INFO     | Line   27 (logging_utils.py): l_factor: 0.005
2026-02-03 23:45:38.633 CET | INFO     | Line   27 (logging_utils.py): save_logs: True
2026-02-03 23:45:38.637 CET | INFO     | Line   29 (logging_utils.py): 
2026-02-03 23:45:38.642 CET | INFO     | Line   30 (logging_utils.py): Training on model: GraphOCGINLossConstrains
2026-02-03 23:45:38.647 CET | INFO     | Line   31 (logging_utils.py): 
2026-02-03 23:45:38.652 CET | INFO     | Line   41 (run_experiment_gl.py): ##################### Loading data
2026-02-03 23:45:38.694 CET | INFO     | Line   45 (run_experiment_gl.py): ##################### creating model
2026-02-03 23:45:38.698 CET | INFO     | Line   48 (run_experiment_gl.py): creating model with number of node features: 7
2026-02-03 23:45:38.718 CET | INFO     | Line   51 (run_experiment_gl.py): ##################### staring training
2026-02-03 23:45:38.722 CET | INFO     | Line   53 (run_experiment_gl.py): setting up the logical constrains
2026-02-03 23:45:38.864 CET | DEBUG    | Line   90 (gl_ocgin.py): Epoch 000 | Loss 0.004097
2026-02-03 23:45:39.504 CET | DEBUG    | Line   90 (gl_ocgin.py): Epoch 010 | Loss 0.000470
2026-02-03 23:45:40.093 CET | DEBUG    | Line   90 (gl_ocgin.py): Epoch 020 | Loss 0.000357
2026-02-03 23:45:40.602 CET | DEBUG    | Line   90 (gl_ocgin.py): Epoch 030 | Loss 0.000350
2026-02-03 23:45:41.172 CET | DEBUG    | Line   90 (gl_ocgin.py): Epoch 040 | Loss 0.000349
2026-02-03 23:45:41.676 CET | INFO     | Line   65 (run_experiment_gl.py): ##################### computing scores
2026-02-03 23:45:41.767 CET | INFO     | Line   69 (run_experiment_gl.py): computed decision boundary on anomaly scores as 95% quantile:
2026-02-03 23:45:41.774 CET | INFO     | Line   72 (run_experiment_gl.py): tensor(0.0015)
2026-02-03 23:45:41.782 CET | INFO     | Line   75 (run_experiment_gl.py): Test anomaly scores:
2026-02-03 23:45:41.790 CET | INFO     | Line   76 (run_experiment_gl.py): tensor([0.0015, 0.0015, 0.0015, 0.0015, 0.0015, 0.0015, 0.0015, 0.0015, 0.0015,
        0.0015])
2026-02-03 23:45:41.797 CET | INFO     | Line   78 (run_experiment_gl.py): ##################### test rate: 
2026-02-03 23:45:41.815 CET | INFO     | Line   88 (run_experiment_gl.py): 0.8188405797101449
2026-02-03 23:45:41.819 CET | INFO     | Line   89 (run_experiment_gl.py): right classified: 113 out of 138
2026-02-03 23:45:41.834 CET | INFO     | Line   28 (run_experiment_gl.py): ##################### Loading config parameters
2026-02-03 23:45:41.839 CET | INFO     | Line   20 (logging_utils.py): Config parameters:
2026-02-03 23:45:41.845 CET | INFO     | Line   21 (logging_utils.py): 
2026-02-03 23:45:41.851 CET | INFO     | Line   27 (logging_utils.py): hidden_dim: 256
2026-02-03 23:45:41.855 CET | INFO     | Line   27 (logging_utils.py): num_layers: 5
2026-02-03 23:45:41.862 CET | INFO     | Line   27 (logging_utils.py): device: cpu
2026-02-03 23:45:41.868 CET | INFO     | Line   27 (logging_utils.py): lr: 0.001
2026-02-03 23:45:41.876 CET | INFO     | Line   27 (logging_utils.py): epochs: 50
2026-02-03 23:45:41.882 CET | INFO     | Line   27 (logging_utils.py): batch_size: 32
2026-02-03 23:45:41.887 CET | INFO     | Line   27 (logging_utils.py): dataset: MUTAG
2026-02-03 23:45:41.895 CET | INFO     | Line   27 (logging_utils.py): is_logical: True
2026-02-03 23:45:41.901 CET | INFO     | Line   27 (logging_utils.py): constrains_filepath: constrains/data/MUTAG_auto_generated_3_101_102.json
2026-02-03 23:45:41.908 CET | INFO     | Line   25 (logging_utils.py): constrains_handler: GLRuleBasedHandler
2026-02-03 23:45:41.915 CET | INFO     | Line   27 (logging_utils.py): l_factor: 0.001
2026-02-03 23:45:41.924 CET | INFO     | Line   27 (logging_utils.py): save_logs: True
2026-02-03 23:45:41.931 CET | INFO     | Line   29 (logging_utils.py): 
2026-02-03 23:45:41.941 CET | INFO     | Line   30 (logging_utils.py): Training on model: GraphOCGINLossConstrains
2026-02-03 23:45:41.950 CET | INFO     | Line   31 (logging_utils.py): 
2026-02-03 23:45:41.964 CET | INFO     | Line   41 (run_experiment_gl.py): ##################### Loading data
2026-02-03 23:45:42.029 CET | INFO     | Line   45 (run_experiment_gl.py): ##################### creating model
2026-02-03 23:45:42.035 CET | INFO     | Line   48 (run_experiment_gl.py): creating model with number of node features: 7
2026-02-03 23:45:42.077 CET | INFO     | Line   51 (run_experiment_gl.py): ##################### staring training
2026-02-03 23:45:42.083 CET | INFO     | Line   53 (run_experiment_gl.py): setting up the logical constrains
2026-02-03 23:45:42.236 CET | DEBUG    | Line   90 (gl_ocgin.py): Epoch 000 | Loss 0.005195
2026-02-03 23:45:42.869 CET | DEBUG    | Line   90 (gl_ocgin.py): Epoch 010 | Loss 0.000208
2026-02-03 23:45:43.392 CET | DEBUG    | Line   90 (gl_ocgin.py): Epoch 020 | Loss 0.000157
2026-02-03 23:45:43.912 CET | DEBUG    | Line   90 (gl_ocgin.py): Epoch 030 | Loss 0.000150
2026-02-03 23:45:44.374 CET | DEBUG    | Line   90 (gl_ocgin.py): Epoch 040 | Loss 0.000150
2026-02-03 23:45:44.862 CET | INFO     | Line   65 (run_experiment_gl.py): ##################### computing scores
2026-02-03 23:45:45.073 CET | INFO     | Line   69 (run_experiment_gl.py): computed decision boundary on anomaly scores as 95% quantile:
2026-02-03 23:45:45.086 CET | INFO     | Line   72 (run_experiment_gl.py): tensor(0.0010)
2026-02-03 23:45:45.100 CET | INFO     | Line   75 (run_experiment_gl.py): Test anomaly scores:
2026-02-03 23:45:45.107 CET | INFO     | Line   76 (run_experiment_gl.py): tensor([0.0010, 0.0010, 0.0010, 0.0010, 0.0010, 0.0010, 0.0011, 0.0010, 0.0010,
        0.0010])
2026-02-03 23:45:45.115 CET | INFO     | Line   78 (run_experiment_gl.py): ##################### test rate: 
2026-02-03 23:45:45.137 CET | INFO     | Line   88 (run_experiment_gl.py): 0.8333333333333334
2026-02-03 23:45:45.141 CET | INFO     | Line   89 (run_experiment_gl.py): right classified: 115 out of 138
