2026-02-10 22:04:23.909 CET | INFO     | Line   28 (run_experiment_gl.py): ##################### Loading config parameters
2026-02-10 22:04:23.910 CET | INFO     | Line   20 (logging_utils.py): Config parameters:
2026-02-10 22:04:23.910 CET | INFO     | Line   21 (logging_utils.py): 
2026-02-10 22:04:23.910 CET | INFO     | Line   27 (logging_utils.py): hidden_dim: 64
2026-02-10 22:04:23.910 CET | INFO     | Line   27 (logging_utils.py): num_layers: 3
2026-02-10 22:04:23.910 CET | INFO     | Line   27 (logging_utils.py): device: cpu
2026-02-10 22:04:23.910 CET | INFO     | Line   27 (logging_utils.py): lr: 0.001
2026-02-10 22:04:23.911 CET | INFO     | Line   27 (logging_utils.py): epochs: 50
2026-02-10 22:04:23.911 CET | INFO     | Line   27 (logging_utils.py): batch_size: 32
2026-02-10 22:04:23.911 CET | INFO     | Line   27 (logging_utils.py): dataset: MUTAG
2026-02-10 22:04:23.911 CET | INFO     | Line   27 (logging_utils.py): is_logical: True
2026-02-10 22:04:23.911 CET | INFO     | Line   27 (logging_utils.py): constrains_filepath: constrains/data/MUTAG_auto_generated_2_101_102.json
2026-02-10 22:04:23.911 CET | INFO     | Line   25 (logging_utils.py): constrains_handler: GLRuleBasedHandler
2026-02-10 22:04:23.911 CET | INFO     | Line   27 (logging_utils.py): l_factor: 0.1
2026-02-10 22:04:23.911 CET | INFO     | Line   27 (logging_utils.py): save_logs: True
2026-02-10 22:04:23.911 CET | INFO     | Line   29 (logging_utils.py): 
2026-02-10 22:04:23.911 CET | INFO     | Line   30 (logging_utils.py): Training on model: GraphOCGINLossConstrains
2026-02-10 22:04:23.912 CET | INFO     | Line   31 (logging_utils.py): 
2026-02-10 22:04:23.912 CET | INFO     | Line   41 (run_experiment_gl.py): ##################### Loading data
2026-02-10 22:04:23.957 CET | INFO     | Line   45 (run_experiment_gl.py): ##################### creating model
2026-02-10 22:04:23.958 CET | INFO     | Line   48 (run_experiment_gl.py): creating model with number of node features: 7
2026-02-10 22:04:24.021 CET | INFO     | Line   51 (run_experiment_gl.py): ##################### staring training
2026-02-10 22:04:24.021 CET | INFO     | Line   53 (run_experiment_gl.py): setting up the logical constrains
2026-02-10 22:04:24.121 CET | DEBUG    | Line  104 (gl_ocgin.py): Epoch 000 | Loss 0.007412
2026-02-10 22:04:24.284 CET | DEBUG    | Line  104 (gl_ocgin.py): Epoch 010 | Loss 0.004590
2026-02-10 22:04:24.449 CET | DEBUG    | Line  104 (gl_ocgin.py): Epoch 020 | Loss 0.004338
2026-02-10 22:04:24.701 CET | DEBUG    | Line  104 (gl_ocgin.py): Epoch 030 | Loss 0.004268
2026-02-10 22:04:24.877 CET | DEBUG    | Line  104 (gl_ocgin.py): Epoch 040 | Loss 0.004240
2026-02-10 22:04:25.030 CET | INFO     | Line   65 (run_experiment_gl.py): ##################### computing scores
2026-02-10 22:04:25.071 CET | INFO     | Line   69 (run_experiment_gl.py): computed decision boundary on anomaly scores as 95% quantile:
2026-02-10 22:04:25.072 CET | INFO     | Line   72 (run_experiment_gl.py): tensor(0.0008)
2026-02-10 22:04:25.074 CET | INFO     | Line   75 (run_experiment_gl.py): Test anomaly scores:
2026-02-10 22:04:25.074 CET | INFO     | Line   76 (run_experiment_gl.py): tensor([0.0003, 0.0011, 0.0002, 0.0003, 0.0002, 0.0003, 0.0002, 0.0005, 0.0002,
        0.0002])
2026-02-10 22:04:25.075 CET | INFO     | Line   78 (run_experiment_gl.py): ##################### test rate: 
2026-02-10 22:04:25.100 CET | INFO     | Line   54 (utils.py): 0.7536231884057971
2026-02-10 22:04:25.100 CET | INFO     | Line   55 (utils.py): right classified: 104 out of 138
