2026-02-03 23:18:22.246 CET | INFO     | Line   28 (run_experiment_gl.py): ##################### Loading config parameters
2026-02-03 23:18:22.246 CET | INFO     | Line   20 (logging_utils.py): Config parameters:
2026-02-03 23:18:22.246 CET | INFO     | Line   21 (logging_utils.py): 
2026-02-03 23:18:22.247 CET | INFO     | Line   27 (logging_utils.py): hidden_dim: 64
2026-02-03 23:18:22.247 CET | INFO     | Line   27 (logging_utils.py): num_layers: 3
2026-02-03 23:18:22.247 CET | INFO     | Line   27 (logging_utils.py): device: cpu
2026-02-03 23:18:22.247 CET | INFO     | Line   27 (logging_utils.py): lr: 0.001
2026-02-03 23:18:22.247 CET | INFO     | Line   27 (logging_utils.py): epochs: 50
2026-02-03 23:18:22.247 CET | INFO     | Line   27 (logging_utils.py): batch_size: 32
2026-02-03 23:18:22.247 CET | INFO     | Line   27 (logging_utils.py): dataset: MUTAG
2026-02-03 23:18:22.247 CET | INFO     | Line   27 (logging_utils.py): is_logical: True
2026-02-03 23:18:22.247 CET | INFO     | Line   27 (logging_utils.py): constrains_filepath: constrains/data/MUTAG_auto_generated_2_101_102.json
2026-02-03 23:18:22.247 CET | INFO     | Line   25 (logging_utils.py): constrains_handler: GLRuleBasedHandler
2026-02-03 23:18:22.247 CET | INFO     | Line   27 (logging_utils.py): l_factor: 0.1
2026-02-03 23:18:22.248 CET | INFO     | Line   27 (logging_utils.py): save_logs: True
2026-02-03 23:18:22.248 CET | INFO     | Line   29 (logging_utils.py): 
2026-02-03 23:18:22.248 CET | INFO     | Line   30 (logging_utils.py): Training on model: GraphOCGINLossConstrains
2026-02-03 23:18:22.248 CET | INFO     | Line   31 (logging_utils.py): 
2026-02-03 23:18:22.248 CET | INFO     | Line   41 (run_experiment_gl.py): ##################### Loading data
2026-02-03 23:18:22.295 CET | INFO     | Line   45 (run_experiment_gl.py): ##################### creating model
2026-02-03 23:18:22.295 CET | INFO     | Line   48 (run_experiment_gl.py): creating model with number of node features: 7
2026-02-03 23:18:22.343 CET | INFO     | Line   51 (run_experiment_gl.py): ##################### staring training
2026-02-03 23:18:22.343 CET | INFO     | Line   53 (run_experiment_gl.py): setting up the logical constrains
2026-02-03 23:18:22.432 CET | DEBUG    | Line   89 (gl_ocgin.py): Epoch 000 | Loss 0.032845
2026-02-03 23:18:22.448 CET | DEBUG    | Line   89 (gl_ocgin.py): Epoch 001 | Loss 0.028868
2026-02-03 23:18:22.462 CET | DEBUG    | Line   89 (gl_ocgin.py): Epoch 002 | Loss 0.030116
2026-02-03 23:18:22.476 CET | DEBUG    | Line   89 (gl_ocgin.py): Epoch 003 | Loss 0.027289
2026-02-03 23:18:22.492 CET | DEBUG    | Line   89 (gl_ocgin.py): Epoch 004 | Loss 0.026952
2026-02-03 23:18:22.508 CET | DEBUG    | Line   89 (gl_ocgin.py): Epoch 005 | Loss 0.026889
2026-02-03 23:18:22.525 CET | DEBUG    | Line   89 (gl_ocgin.py): Epoch 006 | Loss 0.026441
2026-02-03 23:18:22.541 CET | DEBUG    | Line   89 (gl_ocgin.py): Epoch 007 | Loss 0.026139
2026-02-03 23:18:22.558 CET | DEBUG    | Line   89 (gl_ocgin.py): Epoch 008 | Loss 0.026019
2026-02-03 23:18:22.574 CET | DEBUG    | Line   89 (gl_ocgin.py): Epoch 009 | Loss 0.025901
2026-02-03 23:18:22.590 CET | DEBUG    | Line   89 (gl_ocgin.py): Epoch 010 | Loss 0.025736
2026-02-03 23:18:22.607 CET | DEBUG    | Line   89 (gl_ocgin.py): Epoch 011 | Loss 0.025721
2026-02-03 23:18:22.623 CET | DEBUG    | Line   89 (gl_ocgin.py): Epoch 012 | Loss 0.025620
2026-02-03 23:18:22.640 CET | DEBUG    | Line   89 (gl_ocgin.py): Epoch 013 | Loss 0.025540
2026-02-03 23:18:22.657 CET | DEBUG    | Line   89 (gl_ocgin.py): Epoch 014 | Loss 0.025482
2026-02-03 23:18:22.673 CET | DEBUG    | Line   89 (gl_ocgin.py): Epoch 015 | Loss 0.025474
2026-02-03 23:18:22.688 CET | DEBUG    | Line   89 (gl_ocgin.py): Epoch 016 | Loss 0.025394
2026-02-03 23:18:22.704 CET | DEBUG    | Line   89 (gl_ocgin.py): Epoch 017 | Loss 0.025361
2026-02-03 23:18:22.715 CET | DEBUG    | Line   89 (gl_ocgin.py): Epoch 018 | Loss 0.025351
2026-02-03 23:18:22.733 CET | DEBUG    | Line   89 (gl_ocgin.py): Epoch 019 | Loss 0.025330
2026-02-03 23:18:22.746 CET | DEBUG    | Line   89 (gl_ocgin.py): Epoch 020 | Loss 0.025300
2026-02-03 23:18:22.763 CET | DEBUG    | Line   89 (gl_ocgin.py): Epoch 021 | Loss 0.025273
2026-02-03 23:18:22.776 CET | DEBUG    | Line   89 (gl_ocgin.py): Epoch 022 | Loss 0.025262
2026-02-03 23:18:22.793 CET | DEBUG    | Line   89 (gl_ocgin.py): Epoch 023 | Loss 0.025262
2026-02-03 23:18:22.806 CET | DEBUG    | Line   89 (gl_ocgin.py): Epoch 024 | Loss 0.025235
2026-02-03 23:18:22.825 CET | DEBUG    | Line   89 (gl_ocgin.py): Epoch 025 | Loss 0.025226
2026-02-03 23:18:22.849 CET | DEBUG    | Line   89 (gl_ocgin.py): Epoch 026 | Loss 0.025231
2026-02-03 23:18:22.870 CET | DEBUG    | Line   89 (gl_ocgin.py): Epoch 027 | Loss 0.025196
2026-02-03 23:18:22.892 CET | DEBUG    | Line   89 (gl_ocgin.py): Epoch 028 | Loss 0.025189
2026-02-03 23:18:22.912 CET | DEBUG    | Line   89 (gl_ocgin.py): Epoch 029 | Loss 0.025189
2026-02-03 23:18:22.931 CET | DEBUG    | Line   89 (gl_ocgin.py): Epoch 030 | Loss 0.025187
2026-02-03 23:18:22.951 CET | DEBUG    | Line   89 (gl_ocgin.py): Epoch 031 | Loss 0.025164
2026-02-03 23:18:22.966 CET | DEBUG    | Line   89 (gl_ocgin.py): Epoch 032 | Loss 0.025139
2026-02-03 23:18:22.989 CET | DEBUG    | Line   89 (gl_ocgin.py): Epoch 033 | Loss 0.025145
2026-02-03 23:18:23.007 CET | DEBUG    | Line   89 (gl_ocgin.py): Epoch 034 | Loss 0.025140
2026-02-03 23:18:23.025 CET | DEBUG    | Line   89 (gl_ocgin.py): Epoch 035 | Loss 0.025142
2026-02-03 23:18:23.041 CET | DEBUG    | Line   89 (gl_ocgin.py): Epoch 036 | Loss 0.025134
2026-02-03 23:18:23.059 CET | DEBUG    | Line   89 (gl_ocgin.py): Epoch 037 | Loss 0.025161
2026-02-03 23:18:23.074 CET | DEBUG    | Line   89 (gl_ocgin.py): Epoch 038 | Loss 0.025137
2026-02-03 23:18:23.091 CET | DEBUG    | Line   89 (gl_ocgin.py): Epoch 039 | Loss 0.025141
2026-02-03 23:18:23.108 CET | DEBUG    | Line   89 (gl_ocgin.py): Epoch 040 | Loss 0.025135
2026-02-03 23:18:23.124 CET | DEBUG    | Line   89 (gl_ocgin.py): Epoch 041 | Loss 0.025132
2026-02-03 23:18:23.141 CET | DEBUG    | Line   89 (gl_ocgin.py): Epoch 042 | Loss 0.025144
2026-02-03 23:18:23.158 CET | DEBUG    | Line   89 (gl_ocgin.py): Epoch 043 | Loss 0.025109
2026-02-03 23:18:23.174 CET | DEBUG    | Line   89 (gl_ocgin.py): Epoch 044 | Loss 0.025135
2026-02-03 23:18:23.191 CET | DEBUG    | Line   89 (gl_ocgin.py): Epoch 045 | Loss 0.025133
2026-02-03 23:18:23.208 CET | DEBUG    | Line   89 (gl_ocgin.py): Epoch 046 | Loss 0.025100
2026-02-03 23:18:23.224 CET | DEBUG    | Line   89 (gl_ocgin.py): Epoch 047 | Loss 0.025122
2026-02-03 23:18:23.243 CET | DEBUG    | Line   89 (gl_ocgin.py): Epoch 048 | Loss 0.025122
2026-02-03 23:18:23.258 CET | DEBUG    | Line   89 (gl_ocgin.py): Epoch 049 | Loss 0.025094
2026-02-03 23:18:23.259 CET | INFO     | Line   65 (run_experiment_gl.py): ##################### computing scores
2026-02-03 23:18:23.290 CET | INFO     | Line   69 (run_experiment_gl.py): computed decision boundary on anomaly scores as 95% quantile:
2026-02-03 23:18:23.291 CET | INFO     | Line   72 (run_experiment_gl.py): tensor(0.0004)
2026-02-03 23:18:23.292 CET | INFO     | Line   75 (run_experiment_gl.py): Test anomaly scores:
2026-02-03 23:18:23.292 CET | INFO     | Line   76 (run_experiment_gl.py): tensor([1.6679e-04, 2.5861e-04, 6.0506e-05, 1.6443e-04, 5.8494e-05, 1.5348e-04,
        5.1694e-04, 2.5017e-05, 4.7061e-05, 7.0696e-05])
2026-02-03 23:18:23.293 CET | INFO     | Line   78 (run_experiment_gl.py): ##################### test rate: 
2026-02-03 23:18:23.305 CET | INFO     | Line   88 (run_experiment_gl.py): 0.8043478260869565
2026-02-03 23:18:23.305 CET | INFO     | Line   89 (run_experiment_gl.py): right classified: 111 out of 138
