2026-02-10 22:39:52.629 CET | INFO     | Line   28 (run_experiment_gl.py): ##################### Loading config parameters
2026-02-10 22:39:52.629 CET | INFO     | Line   20 (logging_utils.py): Config parameters:
2026-02-10 22:39:52.629 CET | INFO     | Line   21 (logging_utils.py): 
2026-02-10 22:39:52.629 CET | INFO     | Line   27 (logging_utils.py): hidden_dim: 64
2026-02-10 22:39:52.630 CET | INFO     | Line   27 (logging_utils.py): num_layers: 3
2026-02-10 22:39:52.630 CET | INFO     | Line   27 (logging_utils.py): device: cpu
2026-02-10 22:39:52.630 CET | INFO     | Line   27 (logging_utils.py): lr: 0.001
2026-02-10 22:39:52.630 CET | INFO     | Line   27 (logging_utils.py): epochs: 50
2026-02-10 22:39:52.630 CET | INFO     | Line   27 (logging_utils.py): batch_size: 32
2026-02-10 22:39:52.630 CET | INFO     | Line   27 (logging_utils.py): dataset: MUTAG
2026-02-10 22:39:52.630 CET | INFO     | Line   27 (logging_utils.py): is_logical: True
2026-02-10 22:39:52.630 CET | INFO     | Line   27 (logging_utils.py): constrains_filepath: constrains/data/MUTAG_auto_generated_2_101_102.json
2026-02-10 22:39:52.631 CET | INFO     | Line   25 (logging_utils.py): constrains_handler: GLRuleBasedHandler
2026-02-10 22:39:52.631 CET | INFO     | Line   27 (logging_utils.py): l_factor: 0.1
2026-02-10 22:39:52.631 CET | INFO     | Line   27 (logging_utils.py): save_logs: True
2026-02-10 22:39:52.631 CET | INFO     | Line   29 (logging_utils.py): 
2026-02-10 22:39:52.631 CET | INFO     | Line   30 (logging_utils.py): Training on model: GraphOCGINLossConstrains
2026-02-10 22:39:52.631 CET | INFO     | Line   31 (logging_utils.py): 
2026-02-10 22:39:52.631 CET | INFO     | Line   41 (run_experiment_gl.py): ##################### Loading data
2026-02-10 22:39:52.679 CET | INFO     | Line   45 (run_experiment_gl.py): ##################### creating model
2026-02-10 22:39:52.680 CET | INFO     | Line   48 (run_experiment_gl.py): creating model with number of node features: 7
2026-02-10 22:39:52.742 CET | INFO     | Line   51 (run_experiment_gl.py): ##################### staring training
2026-02-10 22:39:52.742 CET | INFO     | Line   53 (run_experiment_gl.py): setting up the logical constrains
2026-02-10 22:39:52.850 CET | DEBUG    | Line  104 (gl_ocgin.py): Epoch 000 | Loss 0.004815
2026-02-10 22:39:53.019 CET | DEBUG    | Line  104 (gl_ocgin.py): Epoch 010 | Loss 0.004253
2026-02-10 22:39:53.188 CET | DEBUG    | Line  104 (gl_ocgin.py): Epoch 020 | Loss 0.004198
2026-02-10 22:39:53.452 CET | DEBUG    | Line  104 (gl_ocgin.py): Epoch 030 | Loss 0.004187
2026-02-10 22:39:53.637 CET | DEBUG    | Line  104 (gl_ocgin.py): Epoch 040 | Loss 0.004180
2026-02-10 22:39:53.792 CET | INFO     | Line   65 (run_experiment_gl.py): ##################### computing scores
2026-02-10 22:39:53.834 CET | INFO     | Line   69 (run_experiment_gl.py): computed decision boundary on anomaly scores as 95% quantile:
2026-02-10 22:39:53.835 CET | INFO     | Line   72 (run_experiment_gl.py): Test anomaly scores:
2026-02-10 22:39:53.836 CET | INFO     | Line   73 (run_experiment_gl.py): tensor([3.1344e-05, 9.5239e-05, 3.6057e-05, 3.1643e-04, 7.9686e-05, 4.1794e-05,
        4.1509e-05, 3.0297e-05, 2.8824e-05, 3.5686e-04])
2026-02-10 22:39:53.838 CET | INFO     | Line   75 (run_experiment_gl.py): 
2026-02-10 22:39:53.838 CET | INFO     | Line   76 (run_experiment_gl.py): ##################### testing: 
2026-02-10 22:39:53.864 CET | INFO     | Line   82 (run_experiment_gl.py): test_rate: 0.58
2026-02-10 22:39:53.864 CET | INFO     | Line   82 (run_experiment_gl.py): true_positive: 70
2026-02-10 22:39:53.864 CET | INFO     | Line   82 (run_experiment_gl.py): true_negative: 10
2026-02-10 22:39:53.864 CET | INFO     | Line   82 (run_experiment_gl.py): false_positive: 3
2026-02-10 22:39:53.865 CET | INFO     | Line   82 (run_experiment_gl.py): false_negative: 55
2026-02-10 22:39:53.865 CET | INFO     | Line   82 (run_experiment_gl.py): recall: 0.56
2026-02-10 22:39:53.865 CET | INFO     | Line   82 (run_experiment_gl.py): specificity: 0.769
2026-02-10 22:39:53.865 CET | INFO     | Line   82 (run_experiment_gl.py): precision: 0.959
2026-02-10 22:39:53.865 CET | INFO     | Line   82 (run_experiment_gl.py): balanced_accuracy: 0.665
2026-02-10 22:39:53.865 CET | INFO     | Line   82 (run_experiment_gl.py): decision_boundary: 0.0
