2026-02-03 23:17:37.793 CET | INFO     | Line   28 (run_experiment_gl.py): ##################### Loading config parameters
2026-02-03 23:17:37.794 CET | INFO     | Line   20 (logging_utils.py): Config parameters:
2026-02-03 23:17:37.794 CET | INFO     | Line   21 (logging_utils.py): 
2026-02-03 23:17:37.794 CET | INFO     | Line   27 (logging_utils.py): hidden_dim: 64
2026-02-03 23:17:37.794 CET | INFO     | Line   27 (logging_utils.py): num_layers: 3
2026-02-03 23:17:37.794 CET | INFO     | Line   27 (logging_utils.py): device: cpu
2026-02-03 23:17:37.794 CET | INFO     | Line   27 (logging_utils.py): lr: 0.001
2026-02-03 23:17:37.794 CET | INFO     | Line   27 (logging_utils.py): epochs: 50
2026-02-03 23:17:37.794 CET | INFO     | Line   27 (logging_utils.py): batch_size: 32
2026-02-03 23:17:37.794 CET | INFO     | Line   27 (logging_utils.py): dataset: MUTAG
2026-02-03 23:17:37.795 CET | INFO     | Line   27 (logging_utils.py): is_logical: False
2026-02-03 23:17:37.795 CET | INFO     | Line   27 (logging_utils.py): constrains_filepath: constrains/data/MUTAG_auto_generated_2_101_102.json
2026-02-03 23:17:37.795 CET | INFO     | Line   25 (logging_utils.py): constrains_handler: GLRuleBasedHandler
2026-02-03 23:17:37.795 CET | INFO     | Line   27 (logging_utils.py): l_factor: 0.1
2026-02-03 23:17:37.795 CET | INFO     | Line   27 (logging_utils.py): save_logs: True
2026-02-03 23:17:37.795 CET | INFO     | Line   29 (logging_utils.py): 
2026-02-03 23:17:37.795 CET | INFO     | Line   30 (logging_utils.py): Training on model: GraphOCGIN
2026-02-03 23:17:37.795 CET | INFO     | Line   31 (logging_utils.py): 
2026-02-03 23:17:37.795 CET | INFO     | Line   41 (run_experiment_gl.py): ##################### Loading data
2026-02-03 23:17:37.842 CET | INFO     | Line   45 (run_experiment_gl.py): ##################### creating model
2026-02-03 23:17:37.842 CET | INFO     | Line   48 (run_experiment_gl.py): creating model with number of node features: 7
2026-02-03 23:17:37.889 CET | INFO     | Line   51 (run_experiment_gl.py): ##################### staring training
2026-02-03 23:17:37.915 CET | DEBUG    | Line   85 (graph_level_ocgin.py): Epoch 000 | Loss 0.004822
2026-02-03 23:17:37.929 CET | DEBUG    | Line   85 (graph_level_ocgin.py): Epoch 001 | Loss 0.002675
2026-02-03 23:17:37.943 CET | DEBUG    | Line   85 (graph_level_ocgin.py): Epoch 002 | Loss 0.002871
2026-02-03 23:17:37.959 CET | DEBUG    | Line   85 (graph_level_ocgin.py): Epoch 003 | Loss 0.001158
2026-02-03 23:17:37.975 CET | DEBUG    | Line   85 (graph_level_ocgin.py): Epoch 004 | Loss 0.001956
2026-02-03 23:17:37.991 CET | DEBUG    | Line   85 (graph_level_ocgin.py): Epoch 005 | Loss 0.001074
2026-02-03 23:17:38.007 CET | DEBUG    | Line   85 (graph_level_ocgin.py): Epoch 006 | Loss 0.000548
2026-02-03 23:17:38.023 CET | DEBUG    | Line   85 (graph_level_ocgin.py): Epoch 007 | Loss 0.000987
2026-02-03 23:17:38.041 CET | DEBUG    | Line   85 (graph_level_ocgin.py): Epoch 008 | Loss 0.000619
2026-02-03 23:17:38.057 CET | DEBUG    | Line   85 (graph_level_ocgin.py): Epoch 009 | Loss 0.000331
2026-02-03 23:17:38.074 CET | DEBUG    | Line   85 (graph_level_ocgin.py): Epoch 010 | Loss 0.000491
2026-02-03 23:17:38.090 CET | DEBUG    | Line   85 (graph_level_ocgin.py): Epoch 011 | Loss 0.000456
2026-02-03 23:17:38.108 CET | DEBUG    | Line   85 (graph_level_ocgin.py): Epoch 012 | Loss 0.000265
2026-02-03 23:17:38.126 CET | DEBUG    | Line   85 (graph_level_ocgin.py): Epoch 013 | Loss 0.000250
2026-02-03 23:17:38.142 CET | DEBUG    | Line   85 (graph_level_ocgin.py): Epoch 014 | Loss 0.000307
2026-02-03 23:17:38.158 CET | DEBUG    | Line   85 (graph_level_ocgin.py): Epoch 015 | Loss 0.000240
2026-02-03 23:17:38.173 CET | DEBUG    | Line   85 (graph_level_ocgin.py): Epoch 016 | Loss 0.000178
2026-02-03 23:17:38.191 CET | DEBUG    | Line   85 (graph_level_ocgin.py): Epoch 017 | Loss 0.000192
2026-02-03 23:17:38.207 CET | DEBUG    | Line   85 (graph_level_ocgin.py): Epoch 018 | Loss 0.000185
2026-02-03 23:17:38.223 CET | DEBUG    | Line   85 (graph_level_ocgin.py): Epoch 019 | Loss 0.000154
2026-02-03 23:17:38.240 CET | DEBUG    | Line   85 (graph_level_ocgin.py): Epoch 020 | Loss 0.000130
2026-02-03 23:17:38.256 CET | DEBUG    | Line   85 (graph_level_ocgin.py): Epoch 021 | Loss 0.000143
2026-02-03 23:17:38.273 CET | DEBUG    | Line   85 (graph_level_ocgin.py): Epoch 022 | Loss 0.000122
2026-02-03 23:17:38.289 CET | DEBUG    | Line   85 (graph_level_ocgin.py): Epoch 023 | Loss 0.000111
2026-02-03 23:17:38.306 CET | DEBUG    | Line   85 (graph_level_ocgin.py): Epoch 024 | Loss 0.000117
2026-02-03 23:17:38.322 CET | DEBUG    | Line   85 (graph_level_ocgin.py): Epoch 025 | Loss 0.000105
2026-02-03 23:17:38.338 CET | DEBUG    | Line   85 (graph_level_ocgin.py): Epoch 026 | Loss 0.000102
2026-02-03 23:17:38.355 CET | DEBUG    | Line   85 (graph_level_ocgin.py): Epoch 027 | Loss 0.000099
2026-02-03 23:17:38.377 CET | DEBUG    | Line   85 (graph_level_ocgin.py): Epoch 028 | Loss 0.000094
2026-02-03 23:17:38.397 CET | DEBUG    | Line   85 (graph_level_ocgin.py): Epoch 029 | Loss 0.000086
2026-02-03 23:17:38.418 CET | DEBUG    | Line   85 (graph_level_ocgin.py): Epoch 030 | Loss 0.000084
2026-02-03 23:17:38.435 CET | DEBUG    | Line   85 (graph_level_ocgin.py): Epoch 031 | Loss 0.000085
2026-02-03 23:17:38.455 CET | DEBUG    | Line   85 (graph_level_ocgin.py): Epoch 032 | Loss 0.000084
2026-02-03 23:17:38.473 CET | DEBUG    | Line   85 (graph_level_ocgin.py): Epoch 033 | Loss 0.000075
2026-02-03 23:17:38.494 CET | DEBUG    | Line   85 (graph_level_ocgin.py): Epoch 034 | Loss 0.000077
2026-02-03 23:17:38.512 CET | DEBUG    | Line   85 (graph_level_ocgin.py): Epoch 035 | Loss 0.000074
2026-02-03 23:17:38.534 CET | DEBUG    | Line   85 (graph_level_ocgin.py): Epoch 036 | Loss 0.000072
2026-02-03 23:17:38.550 CET | DEBUG    | Line   85 (graph_level_ocgin.py): Epoch 037 | Loss 0.000070
2026-02-03 23:17:38.573 CET | DEBUG    | Line   85 (graph_level_ocgin.py): Epoch 038 | Loss 0.000068
2026-02-03 23:17:38.592 CET | DEBUG    | Line   85 (graph_level_ocgin.py): Epoch 039 | Loss 0.000062
2026-02-03 23:17:38.608 CET | DEBUG    | Line   85 (graph_level_ocgin.py): Epoch 040 | Loss 0.000064
2026-02-03 23:17:38.624 CET | DEBUG    | Line   85 (graph_level_ocgin.py): Epoch 041 | Loss 0.000062
2026-02-03 23:17:38.641 CET | DEBUG    | Line   85 (graph_level_ocgin.py): Epoch 042 | Loss 0.000058
2026-02-03 23:17:38.657 CET | DEBUG    | Line   85 (graph_level_ocgin.py): Epoch 043 | Loss 0.000063
2026-02-03 23:17:38.674 CET | DEBUG    | Line   85 (graph_level_ocgin.py): Epoch 044 | Loss 0.000058
2026-02-03 23:17:38.690 CET | DEBUG    | Line   85 (graph_level_ocgin.py): Epoch 045 | Loss 0.000055
2026-02-03 23:17:38.706 CET | DEBUG    | Line   85 (graph_level_ocgin.py): Epoch 046 | Loss 0.000058
2026-02-03 23:17:38.724 CET | DEBUG    | Line   85 (graph_level_ocgin.py): Epoch 047 | Loss 0.000056
2026-02-03 23:17:38.743 CET | DEBUG    | Line   85 (graph_level_ocgin.py): Epoch 048 | Loss 0.000050
2026-02-03 23:17:38.760 CET | DEBUG    | Line   85 (graph_level_ocgin.py): Epoch 049 | Loss 0.000051
2026-02-03 23:17:38.760 CET | INFO     | Line   65 (run_experiment_gl.py): ##################### computing scores
2026-02-03 23:17:38.791 CET | INFO     | Line   69 (run_experiment_gl.py): computed decision boundary on anomaly scores as 95% quantile:
2026-02-03 23:17:38.792 CET | INFO     | Line   72 (run_experiment_gl.py): tensor(0.0001)
2026-02-03 23:17:38.794 CET | INFO     | Line   75 (run_experiment_gl.py): Test anomaly scores:
2026-02-03 23:17:38.794 CET | INFO     | Line   76 (run_experiment_gl.py): tensor([2.0261e-05, 2.4663e-05, 8.6724e-05, 2.3759e-05, 2.2321e-05, 2.7955e-05,
        4.6918e-05, 8.0487e-05, 2.5437e-05, 9.7653e-05])
2026-02-03 23:17:38.794 CET | INFO     | Line   78 (run_experiment_gl.py): ##################### test rate: 
2026-02-03 23:17:38.803 CET | INFO     | Line   88 (run_experiment_gl.py): 0.8043478260869565
2026-02-03 23:17:38.804 CET | INFO     | Line   89 (run_experiment_gl.py): right classified: 111 out of 138
