2026-02-03 23:45:41.834 CET | INFO     | Line   28 (run_experiment_gl.py): ##################### Loading config parameters
2026-02-03 23:45:41.839 CET | INFO     | Line   20 (logging_utils.py): Config parameters:
2026-02-03 23:45:41.845 CET | INFO     | Line   21 (logging_utils.py): 
2026-02-03 23:45:41.851 CET | INFO     | Line   27 (logging_utils.py): hidden_dim: 256
2026-02-03 23:45:41.855 CET | INFO     | Line   27 (logging_utils.py): num_layers: 5
2026-02-03 23:45:41.862 CET | INFO     | Line   27 (logging_utils.py): device: cpu
2026-02-03 23:45:41.868 CET | INFO     | Line   27 (logging_utils.py): lr: 0.001
2026-02-03 23:45:41.876 CET | INFO     | Line   27 (logging_utils.py): epochs: 50
2026-02-03 23:45:41.882 CET | INFO     | Line   27 (logging_utils.py): batch_size: 32
2026-02-03 23:45:41.887 CET | INFO     | Line   27 (logging_utils.py): dataset: MUTAG
2026-02-03 23:45:41.895 CET | INFO     | Line   27 (logging_utils.py): is_logical: True
2026-02-03 23:45:41.901 CET | INFO     | Line   27 (logging_utils.py): constrains_filepath: constrains/data/MUTAG_auto_generated_3_101_102.json
2026-02-03 23:45:41.908 CET | INFO     | Line   25 (logging_utils.py): constrains_handler: GLRuleBasedHandler
2026-02-03 23:45:41.915 CET | INFO     | Line   27 (logging_utils.py): l_factor: 0.001
2026-02-03 23:45:41.924 CET | INFO     | Line   27 (logging_utils.py): save_logs: True
2026-02-03 23:45:41.931 CET | INFO     | Line   29 (logging_utils.py): 
2026-02-03 23:45:41.941 CET | INFO     | Line   30 (logging_utils.py): Training on model: GraphOCGINLossConstrains
2026-02-03 23:45:41.950 CET | INFO     | Line   31 (logging_utils.py): 
2026-02-03 23:45:41.964 CET | INFO     | Line   41 (run_experiment_gl.py): ##################### Loading data
2026-02-03 23:45:42.029 CET | INFO     | Line   45 (run_experiment_gl.py): ##################### creating model
2026-02-03 23:45:42.035 CET | INFO     | Line   48 (run_experiment_gl.py): creating model with number of node features: 7
2026-02-03 23:45:42.077 CET | INFO     | Line   51 (run_experiment_gl.py): ##################### staring training
2026-02-03 23:45:42.083 CET | INFO     | Line   53 (run_experiment_gl.py): setting up the logical constrains
2026-02-03 23:45:42.236 CET | DEBUG    | Line   90 (gl_ocgin.py): Epoch 000 | Loss 0.005195
2026-02-03 23:45:42.869 CET | DEBUG    | Line   90 (gl_ocgin.py): Epoch 010 | Loss 0.000208
2026-02-03 23:45:43.392 CET | DEBUG    | Line   90 (gl_ocgin.py): Epoch 020 | Loss 0.000157
2026-02-03 23:45:43.912 CET | DEBUG    | Line   90 (gl_ocgin.py): Epoch 030 | Loss 0.000150
2026-02-03 23:45:44.374 CET | DEBUG    | Line   90 (gl_ocgin.py): Epoch 040 | Loss 0.000150
2026-02-03 23:45:44.862 CET | INFO     | Line   65 (run_experiment_gl.py): ##################### computing scores
2026-02-03 23:45:45.073 CET | INFO     | Line   69 (run_experiment_gl.py): computed decision boundary on anomaly scores as 95% quantile:
2026-02-03 23:45:45.086 CET | INFO     | Line   72 (run_experiment_gl.py): tensor(0.0010)
2026-02-03 23:45:45.100 CET | INFO     | Line   75 (run_experiment_gl.py): Test anomaly scores:
2026-02-03 23:45:45.107 CET | INFO     | Line   76 (run_experiment_gl.py): tensor([0.0010, 0.0010, 0.0010, 0.0010, 0.0010, 0.0010, 0.0011, 0.0010, 0.0010,
        0.0010])
2026-02-03 23:45:45.115 CET | INFO     | Line   78 (run_experiment_gl.py): ##################### test rate: 
2026-02-03 23:45:45.137 CET | INFO     | Line   88 (run_experiment_gl.py): 0.8333333333333334
2026-02-03 23:45:45.141 CET | INFO     | Line   89 (run_experiment_gl.py): right classified: 115 out of 138
