2026-02-10 22:36:53.689 CET | INFO     | Line   28 (run_experiment_gl.py): ##################### Loading config parameters
2026-02-10 22:36:53.690 CET | INFO     | Line   20 (logging_utils.py): Config parameters:
2026-02-10 22:36:53.690 CET | INFO     | Line   21 (logging_utils.py): 
2026-02-10 22:36:53.690 CET | INFO     | Line   27 (logging_utils.py): hidden_dim: 64
2026-02-10 22:36:53.690 CET | INFO     | Line   27 (logging_utils.py): num_layers: 3
2026-02-10 22:36:53.690 CET | INFO     | Line   27 (logging_utils.py): device: cpu
2026-02-10 22:36:53.691 CET | INFO     | Line   27 (logging_utils.py): lr: 0.001
2026-02-10 22:36:53.691 CET | INFO     | Line   27 (logging_utils.py): epochs: 50
2026-02-10 22:36:53.691 CET | INFO     | Line   27 (logging_utils.py): batch_size: 32
2026-02-10 22:36:53.691 CET | INFO     | Line   27 (logging_utils.py): dataset: MUTAG
2026-02-10 22:36:53.691 CET | INFO     | Line   27 (logging_utils.py): is_logical: True
2026-02-10 22:36:53.691 CET | INFO     | Line   27 (logging_utils.py): constrains_filepath: constrains/data/MUTAG_auto_generated_2_101_102.json
2026-02-10 22:36:53.691 CET | INFO     | Line   25 (logging_utils.py): constrains_handler: GLRuleBasedHandler
2026-02-10 22:36:53.692 CET | INFO     | Line   27 (logging_utils.py): l_factor: 0.1
2026-02-10 22:36:53.692 CET | INFO     | Line   27 (logging_utils.py): save_logs: True
2026-02-10 22:36:53.692 CET | INFO     | Line   29 (logging_utils.py): 
2026-02-10 22:36:53.692 CET | INFO     | Line   30 (logging_utils.py): Training on model: GraphOCGINLossConstrains
2026-02-10 22:36:53.692 CET | INFO     | Line   31 (logging_utils.py): 
2026-02-10 22:36:53.692 CET | INFO     | Line   41 (run_experiment_gl.py): ##################### Loading data
2026-02-10 22:36:53.739 CET | INFO     | Line   45 (run_experiment_gl.py): ##################### creating model
2026-02-10 22:36:53.739 CET | INFO     | Line   48 (run_experiment_gl.py): creating model with number of node features: 7
2026-02-10 22:36:53.799 CET | INFO     | Line   51 (run_experiment_gl.py): ##################### staring training
2026-02-10 22:36:53.799 CET | INFO     | Line   53 (run_experiment_gl.py): setting up the logical constrains
2026-02-10 22:36:53.900 CET | DEBUG    | Line  104 (gl_ocgin.py): Epoch 000 | Loss 0.004681
2026-02-10 22:36:54.060 CET | DEBUG    | Line  104 (gl_ocgin.py): Epoch 010 | Loss 0.004233
2026-02-10 22:36:54.224 CET | DEBUG    | Line  104 (gl_ocgin.py): Epoch 020 | Loss 0.004186
2026-02-10 22:36:54.488 CET | DEBUG    | Line  104 (gl_ocgin.py): Epoch 030 | Loss 0.004177
2026-02-10 22:36:54.680 CET | DEBUG    | Line  104 (gl_ocgin.py): Epoch 040 | Loss 0.004174
2026-02-10 22:36:54.837 CET | INFO     | Line   65 (run_experiment_gl.py): ##################### computing scores
2026-02-10 22:36:54.879 CET | INFO     | Line   69 (run_experiment_gl.py): computed decision boundary on anomaly scores as 95% quantile:
2026-02-10 22:36:54.880 CET | INFO     | Line   72 (run_experiment_gl.py): Test anomaly scores:
2026-02-10 22:36:54.880 CET | INFO     | Line   73 (run_experiment_gl.py): tensor([2.8236e-05, 5.3876e-05, 2.3361e-05, 2.3704e-05, 2.4093e-05, 2.8422e-05,
        7.6712e-05, 2.4678e-05, 8.1315e-05, 2.4831e-05])
2026-02-10 22:36:54.883 CET | INFO     | Line   75 (run_experiment_gl.py): 
2026-02-10 22:36:54.884 CET | INFO     | Line   76 (run_experiment_gl.py): ##################### testing: 
2026-02-10 22:36:54.909 CET | INFO     | Line   82 (run_experiment_gl.py): test_rate: 0.746
2026-02-10 22:36:54.910 CET | INFO     | Line   82 (run_experiment_gl.py): true_positive: 0.72
2026-02-10 22:36:54.910 CET | INFO     | Line   82 (run_experiment_gl.py): true_negative: 1.0
2026-02-10 22:36:54.910 CET | INFO     | Line   82 (run_experiment_gl.py): false_positive: 0.0
2026-02-10 22:36:54.911 CET | INFO     | Line   82 (run_experiment_gl.py): false_negative: 2.692
2026-02-10 22:36:54.911 CET | INFO     | Line   82 (run_experiment_gl.py): recall: 0.72
2026-02-10 22:36:54.911 CET | INFO     | Line   82 (run_experiment_gl.py): specificity: 1.0
2026-02-10 22:36:54.911 CET | INFO     | Line   82 (run_experiment_gl.py): precision: 1.0
2026-02-10 22:36:54.911 CET | INFO     | Line   82 (run_experiment_gl.py): balanced_accuracy: 0.86
2026-02-10 22:36:54.911 CET | INFO     | Line   82 (run_experiment_gl.py): decision_boundary: 0.0
