2026-02-10 22:33:11.596 CET | INFO     | Line   28 (run_experiment_gl.py): ##################### Loading config parameters
2026-02-10 22:33:11.597 CET | INFO     | Line   20 (logging_utils.py): Config parameters:
2026-02-10 22:33:11.597 CET | INFO     | Line   21 (logging_utils.py): 
2026-02-10 22:33:11.597 CET | INFO     | Line   27 (logging_utils.py): hidden_dim: 64
2026-02-10 22:33:11.597 CET | INFO     | Line   27 (logging_utils.py): num_layers: 3
2026-02-10 22:33:11.597 CET | INFO     | Line   27 (logging_utils.py): device: cpu
2026-02-10 22:33:11.598 CET | INFO     | Line   27 (logging_utils.py): lr: 0.001
2026-02-10 22:33:11.598 CET | INFO     | Line   27 (logging_utils.py): epochs: 50
2026-02-10 22:33:11.598 CET | INFO     | Line   27 (logging_utils.py): batch_size: 32
2026-02-10 22:33:11.598 CET | INFO     | Line   27 (logging_utils.py): dataset: MUTAG
2026-02-10 22:33:11.598 CET | INFO     | Line   27 (logging_utils.py): is_logical: True
2026-02-10 22:33:11.598 CET | INFO     | Line   27 (logging_utils.py): constrains_filepath: constrains/data/MUTAG_auto_generated_2_101_102.json
2026-02-10 22:33:11.598 CET | INFO     | Line   25 (logging_utils.py): constrains_handler: GLRuleBasedHandler
2026-02-10 22:33:11.598 CET | INFO     | Line   27 (logging_utils.py): l_factor: 0.1
2026-02-10 22:33:11.598 CET | INFO     | Line   27 (logging_utils.py): save_logs: True
2026-02-10 22:33:11.598 CET | INFO     | Line   29 (logging_utils.py): 
2026-02-10 22:33:11.599 CET | INFO     | Line   30 (logging_utils.py): Training on model: GraphOCGINLossConstrains
2026-02-10 22:33:11.599 CET | INFO     | Line   31 (logging_utils.py): 
2026-02-10 22:33:11.599 CET | INFO     | Line   41 (run_experiment_gl.py): ##################### Loading data
2026-02-10 22:33:11.645 CET | INFO     | Line   45 (run_experiment_gl.py): ##################### creating model
2026-02-10 22:33:11.646 CET | INFO     | Line   48 (run_experiment_gl.py): creating model with number of node features: 7
2026-02-10 22:33:11.705 CET | INFO     | Line   51 (run_experiment_gl.py): ##################### staring training
2026-02-10 22:33:11.705 CET | INFO     | Line   53 (run_experiment_gl.py): setting up the logical constrains
2026-02-10 22:33:11.810 CET | DEBUG    | Line  104 (gl_ocgin.py): Epoch 000 | Loss 0.005925
2026-02-10 22:33:11.974 CET | DEBUG    | Line  104 (gl_ocgin.py): Epoch 010 | Loss 0.004403
2026-02-10 22:33:12.144 CET | DEBUG    | Line  104 (gl_ocgin.py): Epoch 020 | Loss 0.004236
2026-02-10 22:33:12.546 CET | DEBUG    | Line  104 (gl_ocgin.py): Epoch 030 | Loss 0.004208
2026-02-10 22:33:12.738 CET | DEBUG    | Line  104 (gl_ocgin.py): Epoch 040 | Loss 0.004201
2026-02-10 22:33:12.891 CET | INFO     | Line   65 (run_experiment_gl.py): ##################### computing scores
2026-02-10 22:33:12.933 CET | INFO     | Line   69 (run_experiment_gl.py): computed decision boundary on anomaly scores as 95% quantile:
2026-02-10 22:33:12.934 CET | INFO     | Line   72 (run_experiment_gl.py): Test anomaly scores:
2026-02-10 22:33:12.935 CET | INFO     | Line   73 (run_experiment_gl.py): tensor([1.4131e-04, 1.4102e-04, 6.8839e-04, 1.4061e-04, 1.0709e-04, 8.9828e-05,
        1.4030e-04, 3.3900e-04, 3.8147e-04, 1.2756e-04])
2026-02-10 22:33:12.937 CET | INFO     | Line   75 (run_experiment_gl.py): 
2026-02-10 22:33:12.938 CET | INFO     | Line   76 (run_experiment_gl.py): ##################### testing: 
2026-02-10 22:33:12.963 CET | INFO     | Line   82 (run_experiment_gl.py): test_rate: 0.783
2026-02-10 22:33:12.964 CET | INFO     | Line   82 (run_experiment_gl.py): true_positive: 0.696
2026-02-10 22:33:12.964 CET | INFO     | Line   82 (run_experiment_gl.py): true_negative: 0.087
2026-02-10 22:33:12.964 CET | INFO     | Line   82 (run_experiment_gl.py): false_positive: 0.007
2026-02-10 22:33:12.964 CET | INFO     | Line   82 (run_experiment_gl.py): false_negative: 0.21
2026-02-10 22:33:12.964 CET | INFO     | Line   82 (run_experiment_gl.py): recall: 0.768
2026-02-10 22:33:12.965 CET | INFO     | Line   82 (run_experiment_gl.py): specificity: 0.923
2026-02-10 22:33:12.965 CET | INFO     | Line   82 (run_experiment_gl.py): precision: 0.99
2026-02-10 22:33:12.965 CET | INFO     | Line   82 (run_experiment_gl.py): balanced_accuracy: 0.846
2026-02-10 22:33:12.965 CET | INFO     | Line   82 (run_experiment_gl.py): decision_boundary: 0.0
