2026-01-10 22:52:28.729 CET | INFO     | Line   19 (run_experiment.py): ##################### Loading config parameters
2026-01-10 22:52:28.729 CET | INFO     | Line   16 (logging_utils.py): Config parameters:
2026-01-10 22:52:28.729 CET | INFO     | Line   17 (logging_utils.py): 
2026-01-10 22:52:28.729 CET | INFO     | Line   21 (logging_utils.py): hidden_dim: 64
2026-01-10 22:52:28.729 CET | INFO     | Line   21 (logging_utils.py): num_layers: 3
2026-01-10 22:52:28.730 CET | INFO     | Line   21 (logging_utils.py): device: cpu
2026-01-10 22:52:28.730 CET | INFO     | Line   21 (logging_utils.py): lr: 0.001
2026-01-10 22:52:28.730 CET | INFO     | Line   21 (logging_utils.py): epochs: 50
2026-01-10 22:52:28.730 CET | INFO     | Line   21 (logging_utils.py): batch_size: 32
2026-01-10 22:52:28.730 CET | INFO     | Line   21 (logging_utils.py): dataset: MUTAG
2026-01-10 22:52:28.730 CET | INFO     | Line   21 (logging_utils.py): is_logical: False
2026-01-10 22:52:28.730 CET | INFO     | Line   23 (logging_utils.py): 
2026-01-10 22:52:28.730 CET | INFO     | Line   24 (logging_utils.py): Training on model: OCGIN
2026-01-10 22:52:28.731 CET | INFO     | Line   25 (logging_utils.py): 
2026-01-10 22:52:28.731 CET | INFO     | Line   32 (run_experiment.py): ##################### Loading data
2026-01-10 22:52:28.787 CET | INFO     | Line   61 (run_experiment.py): ##################### creating model
2026-01-10 22:52:28.845 CET | INFO     | Line   66 (run_experiment.py): ##################### staring training
2026-01-10 22:52:28.879 CET | DEBUG    | Line   85 (simple_ocgin.py): Epoch 000 | Loss 0.008892
2026-01-10 22:52:28.898 CET | DEBUG    | Line   85 (simple_ocgin.py): Epoch 001 | Loss 0.004538
2026-01-10 22:52:28.917 CET | DEBUG    | Line   85 (simple_ocgin.py): Epoch 002 | Loss 0.005575
2026-01-10 22:52:28.940 CET | DEBUG    | Line   85 (simple_ocgin.py): Epoch 003 | Loss 0.002579
2026-01-10 22:52:28.963 CET | DEBUG    | Line   85 (simple_ocgin.py): Epoch 004 | Loss 0.003882
2026-01-10 22:52:28.988 CET | DEBUG    | Line   85 (simple_ocgin.py): Epoch 005 | Loss 0.001887
2026-01-10 22:52:29.010 CET | DEBUG    | Line   85 (simple_ocgin.py): Epoch 006 | Loss 0.001961
2026-01-10 22:52:29.028 CET | DEBUG    | Line   85 (simple_ocgin.py): Epoch 007 | Loss 0.001762
2026-01-10 22:52:29.051 CET | DEBUG    | Line   85 (simple_ocgin.py): Epoch 008 | Loss 0.001113
2026-01-10 22:52:29.074 CET | DEBUG    | Line   85 (simple_ocgin.py): Epoch 009 | Loss 0.001225
2026-01-10 22:52:29.096 CET | DEBUG    | Line   85 (simple_ocgin.py): Epoch 010 | Loss 0.001160
2026-01-10 22:52:29.119 CET | DEBUG    | Line   85 (simple_ocgin.py): Epoch 011 | Loss 0.000812
2026-01-10 22:52:29.145 CET | DEBUG    | Line   85 (simple_ocgin.py): Epoch 012 | Loss 0.000849
2026-01-10 22:52:29.170 CET | DEBUG    | Line   85 (simple_ocgin.py): Epoch 013 | Loss 0.000801
2026-01-10 22:52:29.203 CET | DEBUG    | Line   85 (simple_ocgin.py): Epoch 014 | Loss 0.000562
2026-01-10 22:52:29.235 CET | DEBUG    | Line   85 (simple_ocgin.py): Epoch 015 | Loss 0.000604
2026-01-10 22:52:29.267 CET | DEBUG    | Line   85 (simple_ocgin.py): Epoch 016 | Loss 0.000538
2026-01-10 22:52:29.288 CET | DEBUG    | Line   85 (simple_ocgin.py): Epoch 017 | Loss 0.000427
2026-01-10 22:52:29.323 CET | DEBUG    | Line   85 (simple_ocgin.py): Epoch 018 | Loss 0.000452
2026-01-10 22:52:29.363 CET | DEBUG    | Line   85 (simple_ocgin.py): Epoch 019 | Loss 0.000393
2026-01-10 22:52:29.392 CET | DEBUG    | Line   85 (simple_ocgin.py): Epoch 020 | Loss 0.000354
2026-01-10 22:52:29.426 CET | DEBUG    | Line   85 (simple_ocgin.py): Epoch 021 | Loss 0.000367
2026-01-10 22:52:29.459 CET | DEBUG    | Line   85 (simple_ocgin.py): Epoch 022 | Loss 0.000293
2026-01-10 22:52:29.501 CET | DEBUG    | Line   85 (simple_ocgin.py): Epoch 023 | Loss 0.000307
2026-01-10 22:52:29.552 CET | DEBUG    | Line   85 (simple_ocgin.py): Epoch 024 | Loss 0.000301
2026-01-10 22:52:29.601 CET | DEBUG    | Line   85 (simple_ocgin.py): Epoch 025 | Loss 0.000264
2026-01-10 22:52:29.673 CET | DEBUG    | Line   85 (simple_ocgin.py): Epoch 026 | Loss 0.000258
2026-01-10 22:52:29.722 CET | DEBUG    | Line   85 (simple_ocgin.py): Epoch 027 | Loss 0.000251
2026-01-10 22:52:29.773 CET | DEBUG    | Line   85 (simple_ocgin.py): Epoch 028 | Loss 0.000258
2026-01-10 22:52:29.796 CET | DEBUG    | Line   85 (simple_ocgin.py): Epoch 029 | Loss 0.000233
2026-01-10 22:52:29.816 CET | DEBUG    | Line   85 (simple_ocgin.py): Epoch 030 | Loss 0.000220
2026-01-10 22:52:29.841 CET | DEBUG    | Line   85 (simple_ocgin.py): Epoch 031 | Loss 0.000220
2026-01-10 22:52:29.869 CET | DEBUG    | Line   85 (simple_ocgin.py): Epoch 032 | Loss 0.000214
2026-01-10 22:52:29.891 CET | DEBUG    | Line   85 (simple_ocgin.py): Epoch 033 | Loss 0.000207
2026-01-10 22:52:29.916 CET | DEBUG    | Line   85 (simple_ocgin.py): Epoch 034 | Loss 0.000207
2026-01-10 22:52:29.936 CET | DEBUG    | Line   85 (simple_ocgin.py): Epoch 035 | Loss 0.000208
2026-01-10 22:52:29.960 CET | DEBUG    | Line   85 (simple_ocgin.py): Epoch 036 | Loss 0.000216
2026-01-10 22:52:29.983 CET | DEBUG    | Line   85 (simple_ocgin.py): Epoch 037 | Loss 0.000193
2026-01-10 22:52:30.011 CET | DEBUG    | Line   85 (simple_ocgin.py): Epoch 038 | Loss 0.000182
2026-01-10 22:52:30.034 CET | DEBUG    | Line   85 (simple_ocgin.py): Epoch 039 | Loss 0.000181
2026-01-10 22:52:30.059 CET | DEBUG    | Line   85 (simple_ocgin.py): Epoch 040 | Loss 0.000172
2026-01-10 22:52:30.082 CET | DEBUG    | Line   85 (simple_ocgin.py): Epoch 041 | Loss 0.000192
2026-01-10 22:52:30.101 CET | DEBUG    | Line   85 (simple_ocgin.py): Epoch 042 | Loss 0.000187
2026-01-10 22:52:30.126 CET | DEBUG    | Line   85 (simple_ocgin.py): Epoch 043 | Loss 0.000180
2026-01-10 22:52:30.150 CET | DEBUG    | Line   85 (simple_ocgin.py): Epoch 044 | Loss 0.000170
2026-01-10 22:52:30.171 CET | DEBUG    | Line   85 (simple_ocgin.py): Epoch 045 | Loss 0.000172
2026-01-10 22:52:30.194 CET | DEBUG    | Line   85 (simple_ocgin.py): Epoch 046 | Loss 0.000168
2026-01-10 22:52:30.214 CET | DEBUG    | Line   85 (simple_ocgin.py): Epoch 047 | Loss 0.000171
2026-01-10 22:52:30.235 CET | DEBUG    | Line   85 (simple_ocgin.py): Epoch 048 | Loss 0.000162
2026-01-10 22:52:30.255 CET | DEBUG    | Line   85 (simple_ocgin.py): Epoch 049 | Loss 0.000153
2026-01-10 22:52:30.255 CET | INFO     | Line   69 (run_experiment.py): ##################### computing scores
2026-01-10 22:52:30.296 CET | INFO     | Line   73 (run_experiment.py): computed decision boundary on anomaly scores as 95% quantile:
2026-01-10 22:52:30.298 CET | INFO     | Line   75 (run_experiment.py): tensor(0.0004)
2026-01-10 22:52:30.300 CET | INFO     | Line   77 (run_experiment.py): Test anomaly scores:
2026-01-10 22:52:30.300 CET | INFO     | Line   78 (run_experiment.py): tensor([2.0310e-04, 9.3830e-04, 2.4973e-04, 1.7601e-04, 8.3894e-04, 1.2176e-04,
        7.2001e-05, 1.1818e-04, 1.7222e-04, 1.5966e-04])
2026-01-10 22:52:30.301 CET | INFO     | Line   80 (run_experiment.py): ##################### test rate: 
2026-01-10 22:52:30.318 CET | INFO     | Line   90 (run_experiment.py): 0.7753623188405797
2026-01-10 22:52:30.318 CET | INFO     | Line   91 (run_experiment.py): right classified: 107 out of 138
