2026-01-19 23:18:58.230 CET | INFO     | Line   24 (run_experiment_nl.py): ##################### Loading config parameters
2026-01-19 23:18:58.231 CET | INFO     | Line   17 (logging_utils.py): Config parameters:
2026-01-19 23:18:58.233 CET | INFO     | Line   18 (logging_utils.py): 
2026-01-19 23:18:58.234 CET | INFO     | Line   22 (logging_utils.py): hidden_dim: 64
2026-01-19 23:18:58.236 CET | INFO     | Line   22 (logging_utils.py): num_layers: 3
2026-01-19 23:18:58.237 CET | INFO     | Line   22 (logging_utils.py): device: cpu
2026-01-19 23:18:58.240 CET | INFO     | Line   22 (logging_utils.py): lr: 0.001
2026-01-19 23:18:58.242 CET | INFO     | Line   22 (logging_utils.py): epochs: 50
2026-01-19 23:18:58.244 CET | INFO     | Line   22 (logging_utils.py): batch_size: 32
2026-01-19 23:18:58.245 CET | INFO     | Line   22 (logging_utils.py): dataset: Cora
2026-01-19 23:18:58.246 CET | INFO     | Line   22 (logging_utils.py): is_logical: False
2026-01-19 23:18:58.248 CET | INFO     | Line   24 (logging_utils.py): 
2026-01-19 23:18:58.249 CET | INFO     | Line   25 (logging_utils.py): Training on model: NodeOCGIN
2026-01-19 23:18:58.250 CET | INFO     | Line   26 (logging_utils.py): 
2026-01-19 23:18:58.251 CET | INFO     | Line   37 (run_experiment_nl.py): ##################### Loading data
2026-01-19 23:18:58.370 CET | INFO     | Line   41 (run_experiment_nl.py): ##################### creating model
2026-01-19 23:18:58.679 CET | INFO     | Line   46 (run_experiment_nl.py): ##################### staring training
2026-01-19 23:19:18.247 CET | DEBUG    | Line   80 (node_level_ocgin.py): Epoch 049 | Loss 0.000194
2026-01-19 23:19:18.248 CET | INFO     | Line   49 (run_experiment_nl.py): ##################### computing scores
2026-01-19 23:19:18.939 CET | INFO     | Line   53 (run_experiment_nl.py): computed decision boundary on anomaly scores as 95% quantile:
2026-01-19 23:19:18.945 CET | INFO     | Line   55 (run_experiment_nl.py): tensor(0.0016)
2026-01-19 23:19:18.956 CET | INFO     | Line   57 (run_experiment_nl.py): Test anomaly scores:
2026-01-19 23:19:18.957 CET | INFO     | Line   58 (run_experiment_nl.py): tensor([0.0011, 0.0010, 0.0011, 0.0011, 0.0011, 0.0009, 0.0010, 0.0011, 0.0012,
        0.0012])
2026-01-19 23:19:18.960 CET | INFO     | Line   60 (run_experiment_nl.py): ##################### test rate: 
2026-01-19 23:19:18.962 CET | INFO     | Line   67 (run_experiment_nl.py): 0.13920922570016475
2026-01-19 23:19:18.962 CET | INFO     | Line   68 (run_experiment_nl.py): right classified: 338 out of 2428
