2026-01-21 23:59:05.896 CET | INFO     | Line   26 (run_experiment_nl.py): ##################### Loading config parameters
2026-01-21 23:59:05.897 CET | INFO     | Line   17 (logging_utils.py): Config parameters:
2026-01-21 23:59:05.897 CET | INFO     | Line   18 (logging_utils.py): 
2026-01-21 23:59:05.897 CET | INFO     | Line   24 (logging_utils.py): hidden_dim: 64
2026-01-21 23:59:05.897 CET | INFO     | Line   24 (logging_utils.py): num_layers: 3
2026-01-21 23:59:05.897 CET | INFO     | Line   24 (logging_utils.py): device: cpu
2026-01-21 23:59:05.897 CET | INFO     | Line   24 (logging_utils.py): lr: 0.001
2026-01-21 23:59:05.897 CET | INFO     | Line   24 (logging_utils.py): epochs: 50
2026-01-21 23:59:05.897 CET | INFO     | Line   24 (logging_utils.py): batch_size: 32
2026-01-21 23:59:05.898 CET | INFO     | Line   24 (logging_utils.py): dataset: Cora
2026-01-21 23:59:05.898 CET | INFO     | Line   24 (logging_utils.py): is_logical: True
2026-01-21 23:59:05.898 CET | INFO     | Line   24 (logging_utils.py): constrains_filepath: constrains/data/Cora_auto_generated_2_101_102_103.json
2026-01-21 23:59:05.898 CET | INFO     | Line   22 (logging_utils.py): constrains_handler: NLRuleBasedHandler
2026-01-21 23:59:05.898 CET | INFO     | Line   24 (logging_utils.py): l_factor: 0.1
2026-01-21 23:59:05.898 CET | INFO     | Line   26 (logging_utils.py): 
2026-01-21 23:59:05.898 CET | INFO     | Line   27 (logging_utils.py): Training on model: NodeOCGINLossConstrains
2026-01-21 23:59:05.898 CET | INFO     | Line   28 (logging_utils.py): 
2026-01-21 23:59:05.898 CET | INFO     | Line   39 (run_experiment_nl.py): ##################### Loading data
2026-01-21 23:59:05.916 CET | INFO     | Line   43 (run_experiment_nl.py): ##################### creating model
2026-01-21 23:59:05.963 CET | INFO     | Line   49 (run_experiment_nl.py): ##################### staring training
2026-01-21 23:59:05.963 CET | INFO     | Line   52 (run_experiment_nl.py): setting up the logical constrains
2026-01-21 23:59:06.072 CET | INFO     | Line   73 (nl_rules_based_handler.py): attribute mapping error: The new and old attribute lists do not match
2026-01-21 23:59:06.072 CET | INFO     | Line   74 (nl_rules_based_handler.py): new attribute_list: dict_values(['node_degree', 'clustering_coefficient'])
2026-01-21 23:59:06.072 CET | INFO     | Line   75 (nl_rules_based_handler.py): old attribute_list: dict_values(['node_degree', 'clustering_coefficient'])
2026-01-21 23:59:06.072 CET | ERROR    | Line   22 (run_experiment_nl.py): Failure
Traceback (most recent call last):

  File "/home/ana/stuff/1uni/bachlor/constrains/nl_rules_based_handler.py", line 69, in _test_attribute_mapping
    for index in old_attribute_mapper.keys():
                 └ dict_values(['node_degree', 'clustering_coefficient'])

AttributeError: 'dict_values' object has no attribute 'keys'


During handling of the above exception, another exception occurred:


Traceback (most recent call last):

  File "<frozen runpy>", line 198, in _run_module_as_main
  File "<frozen runpy>", line 88, in _run_code

  File "/home/ana/stuff/1uni/bachlor/experiments/node_level/run_experiment_nl.py", line 118, in <module>
    experiment_logging_wrapper(config=config)
    │                                 └ {'hidden_dim': 64, 'num_layers': 3, 'device': 'cpu', 'lr': 0.001, 'epochs': 50, 'batch_size': 32, 'dataset': 'Cora', 'model_t...
    └ <function experiment_logging_wrapper at 0x79e3e2e44e00>

> File "/home/ana/stuff/1uni/bachlor/experiments/node_level/run_experiment_nl.py", line 20, in experiment_logging_wrapper
    run_experiment(config)
    │              └ {'hidden_dim': 64, 'num_layers': 3, 'device': 'cpu', 'lr': 0.001, 'epochs': 50, 'batch_size': 32, 'dataset': 'Cora', 'model_t...
    └ <function run_experiment at 0x79e323634720>

  File "/home/ana/stuff/1uni/bachlor/experiments/node_level/run_experiment_nl.py", line 59, in run_experiment
    train_loop_func(model, data, train_mask, test_mask, epochs, lr, constrains_handler_obj)
    │               │      │     │           │          │       │   └ <constrains.nl_rules_based_handler.NLRuleBasedHandler object at 0x79e3141fee70>
    │               │      │     │           │          │       └ 0.001
    │               │      │     │           │          └ 50
    │               │      │     │           └ tensor([True, True, True,  ..., True, True, True])
    │               │      │     └ tensor([False, False, False,  ..., False, False, False])
    │               │      └ Data(x=[2708, 1433], edge_index=[2, 10556], y=[2708], train_mask=[2708], val_mask=[2708], test_mask=[2708])
    │               └ NodeOCGINLossConstrains(
    │                   (convs): ModuleList(
    │                     (0): GINConv(nn=Sequential(
    │                       (0): Linear(in_features=1433, out_featu...
    └ <function train_node_ocgin_loss_constrains at 0x79e312e4e020>

  File "/home/ana/stuff/1uni/bachlor/models/constrains_in_loss/nl_ocgin.py", line 66, in train_node_ocgin_loss_constrains
    L_constrains = constrains_obj.get_constraint_value(data)
                   │              │                    └ Data(x=[2708, 1433], edge_index=[2, 10556], y=[2708], train_mask=[2708], val_mask=[2708], test_mask=[2708])
                   │              └ <function NLRuleBasedHandler.get_constraint_value at 0x79e312e4f420>
                   └ <constrains.nl_rules_based_handler.NLRuleBasedHandler object at 0x79e3141fee70>

  File "/home/ana/stuff/1uni/bachlor/constrains/nl_rules_based_handler.py", line 58, in get_constraint_value
    self._test_attribute_mapping(attribute_list, config.attribute_list)
    │    │                       │               │      └ dict_values(['node_degree', 'clustering_coefficient'])
    │    │                       │               └ <models.graph_decision_trees.node_level.config.NodeLevelFeatureExtractor object at 0x79e31361c590>
    │    │                       └ dict_values(['node_degree', 'clustering_coefficient'])
    │    └ <function NLRuleBasedHandler._test_attribute_mapping at 0x79e312e4f4c0>
    └ <constrains.nl_rules_based_handler.NLRuleBasedHandler object at 0x79e3141fee70>

  File "/home/ana/stuff/1uni/bachlor/constrains/nl_rules_based_handler.py", line 77, in _test_attribute_mapping
    raise Exception

Exception
